Microchip MPLAB XC8 Compiler V2.32

Linker command line:

-W-3 --edf=C:\Program Files\Microchip\xc8\v2.32\pic\dat\en_msgs.txt -cn \
  -h+dist/default/debug\galeoTester1.X.debug.sym \
  --cmf=dist/default/debug\galeoTester1.X.debug.cmf -z -Q16LF1939 \
  -oC:\Users\Michel\AppData\Local\Temp\xcAsihk.4 --defsym=__MPLAB_BUILD=1 \
  -Mdist/default/debug/galeoTester1.X.debug.map -E1 -ver=XC8 Compiler \
  --acfsm=1493 -ASTACK=02075h-023EFh -pstack=STACK -ACODE=00h-07FFhx8 \
  -ASTRCODE=00h-03FFFh -ASTRING=00h-0FFhx64 -ACONST=00h-0FFhx64 \
  -AENTRY=00h-0FFhx64 -ACOMMON=070h-07Fh -ABANK0=020h-06Fh \
  -ABANK1=0A0h-0EFh -ABANK2=0120h-016Fh -ABANK3=01A0h-01EFh \
  -ABANK4=0220h-026Fh -ABANK5=02A0h-02EFh -ABANK6=0320h-036Fh \
  -ABANK7=03A0h-03EFh -ABANK8=0420h-046Fh -ABANK9=04A0h-04EFh \
  -ABANK10=0520h-056Fh -ABANK11=05A0h-05EFh -ABANK12=0620h-064Fh \
  -ABIGRAM=02000h-023EFh \
  -ARAM=020h-06Fh,0A0h-0EFh,0120h-016Fh,01A0h-01EFh,0220h-026Fh,02A0h-02EFh,0320h-036Fh,03A0h-03EFh,0420h-046Fh,04A0h-04EFh,0520h-056Fh,05A0h-05EFh,0620h-064Fh \
  -AABS1=020h-07Fh,0A0h-0EFh,0120h-016Fh,01A0h-01EFh,0220h-026Fh,02A0h-02EFh,0320h-036Fh,03A0h-03EFh,0420h-046Fh,04A0h-04EFh,0520h-056Fh,05A0h-05EFh,0620h-064Fh \
  -ASFR0=00h-01Fh -ASFR1=080h-09Fh -ASFR2=0100h-011Fh -ASFR3=0180h-019Fh \
  -ASFR4=0200h-021Fh -ASFR5=0280h-029Fh -ASFR6=0300h-031Fh \
  -ASFR7=0380h-039Fh -ASFR8=0400h-041Fh -ASFR9=0480h-049Fh \
  -ASFR10=0500h-051Fh -ASFR11=0580h-059Fh -ASFR12=0600h-061Fh \
  -ASFR13=0680h-06EFh -ASFR14=0700h-076Fh -ASFR15=0780h-07EFh \
  -ASFR16=0800h-086Fh -ASFR17=0880h-08EFh -ASFR18=0900h-096Fh \
  -ASFR19=0980h-09EFh -ASFR20=0A00h-0A6Fh -ASFR21=0A80h-0AEFh \
  -ASFR22=0B00h-0B6Fh -ASFR23=0B80h-0BEFh -ASFR24=0C00h-0C6Fh \
  -ASFR25=0C80h-0CEFh -ASFR26=0D00h-0D6Fh -ASFR27=0D80h-0DEFh \
  -ASFR28=0E00h-0E6Fh -ASFR29=0E80h-0EEFh -ASFR30=0F00h-0F6Fh \
  -ASFR31=0F80h-0FEFh -ACONFIG=08007h-08008h -DCONFIG=2 \
  -AIDLOC=08000h-08003h -DIDLOC=2 -AEEDATA=00h-0FFh/0F000h \
  -peeprom_data=EEDATA -DEEDATA=2 -DCODE=2 -DSTRCODE=2 -DSTRING=2 -DCONST=2 \
  -DENTRY=2 -preset_vec=00h,intentry=04h,init,end_init -ppowerup=CODE \
  -pcinit=CODE -pfunctab=ENTRY -k \
  C:\Users\Michel\AppData\Local\Temp\xcAsihk.o \
  dist/default/debug\galeoTester1.X.debug.o 

Object code version is 3.11

Machine type is 16LF1939



                Name                               Link     Load   Length Selector   Space Scale
C:\Users\Michel\AppData\Local\Temp\xcAsihk.o
                end_init                             47       47        2        8       0
                reset_vec                             0        0        2        0       0
                config                             8007     8007        2        0       4
                idloc                              8000     8000        4        0       5
dist/default/debug\galeoTester1.X.debug.o
                cinit                                49       49       19        8       0
                intentry                              4        4       43        8       0
                config                             8007     8007        2        0       4
                idloc                              8000     8000        4        0       5
                text91                              BD7      BD7       1A     17AE       0
                text90                              993      993        4     1326       0
                text89                              97F      97F        1     12FE       0
                text88                              997      997        4     132E       0
                text87                              E55      E55       3A     1CAA       0
                text86                              C8A      C8A       22     1914       0
                text85                              981      981        3     1302       0
                text84                              984      984        3     1308       0
                text83                              AF1      AF1       10     15E2       0
                text82                              D15      D15       26     1A2A       0
                text81                              A6F      A6F        D     14DE       0
                text80                              B11      B11       11     1622       0
                text79                              B22      B22       11     1644       0
                text78                              B33      B33       11     1666       0
                text77                              B44      B44       11     1688       0
                text76                              BBF      BBF       18     177E       0
                text75                                2        2        2        0       0
                text74                              7FE      7FE        2        8       0
                text73                              987      987        3     130E       0
                text72                              99B      99B        4     1336       0
                text71                              98A      98A        3     1314       0
                text70                              99F      99F        4     133E       0
                text69                              9AB      9AB        5     1356       0
                text68                              9DD      9DD        6     13BA       0
                text67                              98D      98D        3     131A       0
                text66                              DC0      DC0       2F     1B80       0
                text65                              9B0      9B0        5     1360       0
                text64                              A30      A30        9     1460       0
                text63                              A20      A20        8     1440       0
                text62                              FAB      FAB       55     1F56       0
                text61                              F14      F14       46     1E28       0
                text60                              A19      A19        7     1432       0
                text59                              9B5      9B5        5     136A       0
                text58                              9BA      9BA        5     1374       0
                text57                              9BF      9BF        5     137E       0
                text56                              9C4      9C4        5     1388       0
                text55                              9C9      9C9        5     1392       0
                text54                              9CE      9CE        5     139C       0
                text53                              9D3      9D3        5     13A6       0
                text52                              9D8      9D8        5     13B0       0
                text51                              D66      D66       2C     1ACC       0
                text50                              990      990        3     1320       0
                text49                              D92      D92       2E     1B24       0
                text48                              9A3      9A3        4     1346       0
                text46                              C69      C69       21     18D2       0
                text45                              A4C      A4C        B     1498       0
                text44                              A57      A57        C     14AE       0
                text43                              9E3      9E3        6     13C6       0
                text42                              9E9      9E9        6     13D2       0
                text41                              B01      B01       10     1602       0
                text40                              B68      B68       14     16D0       0
                text39                              B7C      B7C       16     16F8       0
                text38                              B92      B92       16     1724       0
                text37                              758      758       8B        8       0
                text36                              A28      A28        8     1450       0
                text35                              9EF      9EF        6     13DE       0
                text34                              9F5      9F5        6     13EA       0
                text33                              9FB      9FB        6     13F6       0
                text32                              A01      A01        6     1402       0
                text31                              A07      A07        6     140E       0
                text30                              ECF      ECF       45     1D9E       0
                text29                              A42      A42        A     1484       0
                text28                              A63      A63        C     14C6       0
                text27                              C0C      C0C       1F     1818       0
                text26                              9A7      9A7        4     134E       0
                text25                              B55      B55       13     16AA       0
                text24                              C2B      C2B       1F     1856       0
                text23                              A39      A39        9     1472       0
                text22                              DEF      DEF       2F     1BDE       0
                text21                              BA8      BA8       17     1750       0
                text20                              C4A      C4A       1F     1894       0
                text19                              F5A      F5A       51     1EB4       0
                text18                              A7C      A7C        D     14F8       0
                text17                              A89      A89        D     1512       0
                text16                              A96      A96        D     152C       0
                text15                              E1E      E1E       37     1C3C       0
                text14                              A0D      A0D        6     141A       0
                text13                              AA3      AA3        D     1546       0
                text12                              AB0      AB0        D     1560       0
                text11                              ABD      ABD        D     157A       0
                text10                              ACA      ACA        D     1594       0
                text9                               AD7      AD7        D     15AE       0
                text8                               D3B      D3B       2B     1A76       0
                text7                               BF1      BF1       1B     17E2       0
                text6                               7E3      7E3       1B        8       0
                text5                               E8F      E8F       40     1D1E       0
                text4                               AE4      AE4        D     15C8       0
                text3                               CAC      CAC       23     1958       0
                text2                               CCF      CCF       23     199E       0
                text1                               CF2      CF2       23     19E4       0
                maintext                             62       62      6F6        8       0
                cstackBANK0                          46       46       22       20       1
                cstackCOMMON                         70       70        D       70       1
                clrtext                             A13      A13        6     1426       0
                bssBANK1                             A0       A0       25       A0       1
                dataBANK0                            68       68        1       20       1
                bssBANK0                             20       20       26       20       1
                bssCOMMON                            7D       7D        1       70       1
                stringtext47                       1270     1270        8     2000       0
                stringtext46                       1268     1268        8     2000       0
                stringtext45                       1260     1260        8     2000       0
                stringtext44                       1258     1258        8     2000       0
                stringtext43                       1250     1250        8     2000       0
                stringtext42                       1248     1248        8     2000       0
                stringtext41                       1240     1240        8     2000       0
                stringtext40                       1238     1238        8     2000       0
                stringtext39                       1230     1230        8     2000       0
                stringtext38                       1228     1228        8     2000       0
                stringtext37                       1220     1220        8     2000       0
                stringtext36                       1217     1217        9     2000       0
                stringtext35                       120E     120E        9     2000       0
                stringtext34                       1205     1205        9     2000       0
                stringtext33                       11FC     11FC        9     2000       0
                stringtext32                       11F3     11F3        9     2000       0
                stringtext31                       11EA     11EA        9     2000       0
                stringtext30                       11E1     11E1        9     2000       0
                stringtext29                       11D8     11D8        9     2000       0
                stringtext28                       11CF     11CF        9     2000       0
                stringtext27                       11C4     11C4        B     2000       0
                stringtext26                       11B9     11B9        B     2000       0
                stringtext25                       11AD     11AD        C     2000       0
                stringtext24                       11A1     11A1        C     2000       0
                stringtext23                       1194     1194        D     2000       0
                stringtext22                       1186     1186        E     2000       0
                stringtext21                       1178     1178        E     2000       0
                stringtext20                       1169     1169        F     2000       0
                stringtext19                       115A     115A        F     2000       0
                stringtext18                       114B     114B        F     2000       0
                stringtext17                       113C     113C        F     2000       0
                stringtext16                       112D     112D        F     2000       0
                stringtext15                       111D     111D       10     2000       0
                stringtext14                       110D     110D       10     2000       0
                stringtext13                       10FC     10FC       11     2000       0
                stringtext12                       10EB     10EB       11     2000       0
                stringtext11                       10DA     10DA       11     2000       0
                stringtext10                       10C9     10C9       11     2000       0
                stringtext9                        10B8     10B8       11     2000       0
                stringtext8                        10A6     10A6       12     2000       0
                stringtext7                        1094     1094       12     2000       0
                stringtext6                        1082     1082       12     2000       0
                stringtext5                        1070     1070       12     2000       0
                stringtext4                        105D     105D       13     2000       0
                stringtext3                        1049     1049       14     2000       0
                stringtext2                        1035     1035       14     2000       0
                stringtext1                        1000     1000       35     2000       0
                idataBANK0                          980      980        1     1300       0

TOTAL           Name                               Link     Load   Length     Space
        CLASS   STACK          

        CLASS   CODE           
                end_init                             47       47        2         0
                cinit                                49       49       19         0
                intentry                              4        4       43         0
                reset_vec                             0        0        2         0
                text91                              BD7      BD7       1A         0
                text90                              993      993        4         0
                text89                              97F      97F        1         0
                text88                              997      997        4         0
                text87                              E55      E55       3A         0
                text86                              C8A      C8A       22         0
                text85                              981      981        3         0
                text84                              984      984        3         0
                text83                              AF1      AF1       10         0
                text82                              D15      D15       26         0
                text81                              A6F      A6F        D         0
                text80                              B11      B11       11         0
                text79                              B22      B22       11         0
                text78                              B33      B33       11         0
                text77                              B44      B44       11         0
                text76                              BBF      BBF       18         0
                text75                                2        2        2         0
                text74                              7FE      7FE        2         0
                text73                              987      987        3         0
                text72                              99B      99B        4         0
                text71                              98A      98A        3         0
                text70                              99F      99F        4         0
                text69                              9AB      9AB        5         0
                text68                              9DD      9DD        6         0
                text67                              98D      98D        3         0
                text66                              DC0      DC0       2F         0
                text65                              9B0      9B0        5         0
                text64                              A30      A30        9         0
                text63                              A20      A20        8         0
                text62                              FAB      FAB       55         0
                text61                              F14      F14       46         0
                text60                              A19      A19        7         0
                text59                              9B5      9B5        5         0
                text58                              9BA      9BA        5         0
                text57                              9BF      9BF        5         0
                text56                              9C4      9C4        5         0
                text55                              9C9      9C9        5         0
                text54                              9CE      9CE        5         0
                text53                              9D3      9D3        5         0
                text52                              9D8      9D8        5         0
                text51                              D66      D66       2C         0
                text50                              990      990        3         0
                text49                              D92      D92       2E         0
                text48                              9A3      9A3        4         0
                text46                              C69      C69       21         0
                text45                              A4C      A4C        B         0
                text44                              A57      A57        C         0
                text43                              9E3      9E3        6         0
                text42                              9E9      9E9        6         0
                text41                              B01      B01       10         0
                text40                              B68      B68       14         0
                text39                              B7C      B7C       16         0
                text38                              B92      B92       16         0
                text37                              758      758       8B         0
                text36                              A28      A28        8         0
                text35                              9EF      9EF        6         0
                text34                              9F5      9F5        6         0
                text33                              9FB      9FB        6         0
                text32                              A01      A01        6         0
                text31                              A07      A07        6         0
                text30                              ECF      ECF       45         0
                text29                              A42      A42        A         0
                text28                              A63      A63        C         0
                text27                              C0C      C0C       1F         0
                text26                              9A7      9A7        4         0
                text25                              B55      B55       13         0
                text24                              C2B      C2B       1F         0
                text23                              A39      A39        9         0
                text22                              DEF      DEF       2F         0
                text21                              BA8      BA8       17         0
                text20                              C4A      C4A       1F         0
                text19                              F5A      F5A       51         0
                text18                              A7C      A7C        D         0
                text17                              A89      A89        D         0
                text16                              A96      A96        D         0
                text15                              E1E      E1E       37         0
                text14                              A0D      A0D        6         0
                text13                              AA3      AA3        D         0
                text12                              AB0      AB0        D         0
                text11                              ABD      ABD        D         0
                text10                              ACA      ACA        D         0
                text9                               AD7      AD7        D         0
                text8                               D3B      D3B       2B         0
                text7                               BF1      BF1       1B         0
                text6                               7E3      7E3       1B         0
                text5                               E8F      E8F       40         0
                text4                               AE4      AE4        D         0
                text3                               CAC      CAC       23         0
                text2                               CCF      CCF       23         0
                text1                               CF2      CF2       23         0
                maintext                             62       62      6F6         0
                clrtext                             A13      A13        6         0
                idataBANK0                          980      980        1         0

        CLASS   STRCODE        
                stringtext47                       1270     1270        8         0
                stringtext46                       1268     1268        8         0
                stringtext45                       1260     1260        8         0
                stringtext44                       1258     1258        8         0
                stringtext43                       1250     1250        8         0
                stringtext42                       1248     1248        8         0
                stringtext41                       1240     1240        8         0
                stringtext40                       1238     1238        8         0
                stringtext39                       1230     1230        8         0
                stringtext38                       1228     1228        8         0
                stringtext37                       1220     1220        8         0
                stringtext36                       1217     1217        9         0
                stringtext35                       120E     120E        9         0
                stringtext34                       1205     1205        9         0
                stringtext33                       11FC     11FC        9         0
                stringtext32                       11F3     11F3        9         0
                stringtext31                       11EA     11EA        9         0
                stringtext30                       11E1     11E1        9         0
                stringtext29                       11D8     11D8        9         0
                stringtext28                       11CF     11CF        9         0
                stringtext27                       11C4     11C4        B         0
                stringtext26                       11B9     11B9        B         0
                stringtext25                       11AD     11AD        C         0
                stringtext24                       11A1     11A1        C         0
                stringtext23                       1194     1194        D         0
                stringtext22                       1186     1186        E         0
                stringtext21                       1178     1178        E         0
                stringtext20                       1169     1169        F         0
                stringtext19                       115A     115A        F         0
                stringtext18                       114B     114B        F         0
                stringtext17                       113C     113C        F         0
                stringtext16                       112D     112D        F         0
                stringtext15                       111D     111D       10         0
                stringtext14                       110D     110D       10         0
                stringtext13                       10FC     10FC       11         0
                stringtext12                       10EB     10EB       11         0
                stringtext11                       10DA     10DA       11         0
                stringtext10                       10C9     10C9       11         0
                stringtext9                        10B8     10B8       11         0
                stringtext8                        10A6     10A6       12         0
                stringtext7                        1094     1094       12         0
                stringtext6                        1082     1082       12         0
                stringtext5                        1070     1070       12         0
                stringtext4                        105D     105D       13         0
                stringtext3                        1049     1049       14         0
                stringtext2                        1035     1035       14         0
                stringtext1                        1000     1000       35         0

        CLASS   STRING         

        CLASS   CONST          

        CLASS   ENTRY          

        CLASS   COMMON         
                cstackCOMMON                         70       70        D         1
                bssCOMMON                            7D       7D        1         1

        CLASS   BANK0          
                cstackBANK0                          46       46       22         1
                dataBANK0                            68       68        1         1
                bssBANK0                             20       20       26         1

        CLASS   BANK1          
                bssBANK1                             A0       A0       25         1

        CLASS   BANK2          

        CLASS   BANK3          

        CLASS   BANK4          

        CLASS   BANK5          

        CLASS   BANK6          

        CLASS   BANK7          

        CLASS   BANK8          

        CLASS   BANK9          

        CLASS   BANK10         

        CLASS   BANK11         

        CLASS   BANK12         

        CLASS   BIGRAM         

        CLASS   RAM            

        CLASS   ABS1           
                abs_s1                               7E       7E        2         1

        CLASS   SFR0           

        CLASS   SFR1           

        CLASS   SFR2           

        CLASS   SFR3           

        CLASS   SFR4           

        CLASS   SFR5           

        CLASS   SFR6           

        CLASS   SFR7           

        CLASS   SFR8           

        CLASS   SFR9           

        CLASS   SFR10          

        CLASS   SFR11          

        CLASS   SFR12          

        CLASS   SFR13          

        CLASS   SFR14          

        CLASS   SFR15          

        CLASS   SFR16          

        CLASS   SFR17          

        CLASS   SFR18          

        CLASS   SFR19          

        CLASS   SFR20          

        CLASS   SFR21          

        CLASS   SFR22          

        CLASS   SFR23          

        CLASS   SFR24          

        CLASS   SFR25          

        CLASS   SFR26          

        CLASS   SFR27          

        CLASS   SFR28          

        CLASS   SFR29          

        CLASS   SFR30          

        CLASS   SFR31          

        CLASS   CONFIG         
                config                             8007     8007        2         4

        CLASS   IDLOC          
                idloc                              8000     8000        4         5

        CLASS   EEDATA         

        CLASS   BANK31         

        CLASS   BANK30         

        CLASS   BANK29         

        CLASS   BANK28         

        CLASS   BANK27         

        CLASS   BANK26         

        CLASS   BANK25         

        CLASS   BANK24         

        CLASS   BANK23         

        CLASS   BANK22         

        CLASS   BANK21         

        CLASS   BANK20         

        CLASS   BANK19         

        CLASS   BANK18         

        CLASS   BANK17         

        CLASS   BANK16         

        CLASS   BANK15         

        CLASS   BANK14         

        CLASS   BANK13         



SEGMENTS        Name                           Load    Length   Top    Selector   Space  Class     Delta

                reset_vec                      000000  000004  000004         0       0  CODE        2
                intentry                       000004  0007FC  000800         8       0  CODE        2
                bssBANK0                       000020  000049  000069        20       1  BANK0       1
                cstackCOMMON                   000070  00000E  00007E        70       1  COMMON      1
                bssBANK1                       0000A0  000025  0000C5        A0       1  BANK1       1
                text89                         00097F  000001  000980      12FE       0  CODE        2
                idataBANK0                     000980  000001  000981      1300       0  CODE        2
                text85                         000981  000003  000984      1302       0  CODE        2
                text84                         000984  000003  000987      1308       0  CODE        2
                text73                         000987  000003  00098A      130E       0  CODE        2
                text71                         00098A  000003  00098D      1314       0  CODE        2
                text67                         00098D  000003  000990      131A       0  CODE        2
                text50                         000990  000003  000993      1320       0  CODE        2
                text90                         000993  000004  000997      1326       0  CODE        2
                text88                         000997  000004  00099B      132E       0  CODE        2
                text72                         00099B  000004  00099F      1336       0  CODE        2
                text70                         00099F  000004  0009A3      133E       0  CODE        2
                text48                         0009A3  000004  0009A7      1346       0  CODE        2
                text26                         0009A7  000004  0009AB      134E       0  CODE        2
                text69                         0009AB  000005  0009B0      1356       0  CODE        2
                text65                         0009B0  000005  0009B5      1360       0  CODE        2
                text59                         0009B5  000005  0009BA      136A       0  CODE        2
                text58                         0009BA  000005  0009BF      1374       0  CODE        2
                text57                         0009BF  000005  0009C4      137E       0  CODE        2
                text56                         0009C4  000005  0009C9      1388       0  CODE        2
                text55                         0009C9  000005  0009CE      1392       0  CODE        2
                text54                         0009CE  000005  0009D3      139C       0  CODE        2
                text53                         0009D3  000005  0009D8      13A6       0  CODE        2
                text52                         0009D8  000005  0009DD      13B0       0  CODE        2
                text68                         0009DD  000006  0009E3      13BA       0  CODE        2
                text43                         0009E3  000006  0009E9      13C6       0  CODE        2
                text42                         0009E9  000006  0009EF      13D2       0  CODE        2
                text35                         0009EF  000006  0009F5      13DE       0  CODE        2
                text34                         0009F5  000006  0009FB      13EA       0  CODE        2
                text33                         0009FB  000006  000A01      13F6       0  CODE        2
                text32                         000A01  000006  000A07      1402       0  CODE        2
                text31                         000A07  000006  000A0D      140E       0  CODE        2
                text14                         000A0D  000006  000A13      141A       0  CODE        2
                clrtext                        000A13  000006  000A19      1426       0  CODE        2
                text60                         000A19  000007  000A20      1432       0  CODE        2
                text63                         000A20  000008  000A28      1440       0  CODE        2
                text36                         000A28  000008  000A30      1450       0  CODE        2
                text64                         000A30  000009  000A39      1460       0  CODE        2
                text23                         000A39  000009  000A42      1472       0  CODE        2
                text29                         000A42  00000A  000A4C      1484       0  CODE        2
                text45                         000A4C  00000B  000A57      1498       0  CODE        2
                text44                         000A57  00000C  000A63      14AE       0  CODE        2
                text28                         000A63  00000C  000A6F      14C6       0  CODE        2
                text81                         000A6F  00000D  000A7C      14DE       0  CODE        2
                text18                         000A7C  00000D  000A89      14F8       0  CODE        2
                text17                         000A89  00000D  000A96      1512       0  CODE        2
                text16                         000A96  00000D  000AA3      152C       0  CODE        2
                text13                         000AA3  00000D  000AB0      1546       0  CODE        2
                text12                         000AB0  00000D  000ABD      1560       0  CODE        2
                text11                         000ABD  00000D  000ACA      157A       0  CODE        2
                text10                         000ACA  00000D  000AD7      1594       0  CODE        2
                text9                          000AD7  00000D  000AE4      15AE       0  CODE        2
                text4                          000AE4  00000D  000AF1      15C8       0  CODE        2
                text83                         000AF1  000010  000B01      15E2       0  CODE        2
                text41                         000B01  000010  000B11      1602       0  CODE        2
                text80                         000B11  000011  000B22      1622       0  CODE        2
                text79                         000B22  000011  000B33      1644       0  CODE        2
                text78                         000B33  000011  000B44      1666       0  CODE        2
                text77                         000B44  000011  000B55      1688       0  CODE        2
                text25                         000B55  000013  000B68      16AA       0  CODE        2
                text40                         000B68  000014  000B7C      16D0       0  CODE        2
                text39                         000B7C  000016  000B92      16F8       0  CODE        2
                text38                         000B92  000016  000BA8      1724       0  CODE        2
                text21                         000BA8  000017  000BBF      1750       0  CODE        2
                text76                         000BBF  000018  000BD7      177E       0  CODE        2
                text91                         000BD7  00001A  000BF1      17AE       0  CODE        2
                text7                          000BF1  00001B  000C0C      17E2       0  CODE        2
                text27                         000C0C  00001F  000C2B      1818       0  CODE        2
                text24                         000C2B  00001F  000C4A      1856       0  CODE        2
                text20                         000C4A  00001F  000C69      1894       0  CODE        2
                text46                         000C69  000021  000C8A      18D2       0  CODE        2
                text86                         000C8A  000022  000CAC      1914       0  CODE        2
                text3                          000CAC  000023  000CCF      1958       0  CODE        2
                text2                          000CCF  000023  000CF2      199E       0  CODE        2
                text1                          000CF2  000023  000D15      19E4       0  CODE        2
                text82                         000D15  000026  000D3B      1A2A       0  CODE        2
                text8                          000D3B  00002B  000D66      1A76       0  CODE        2
                text51                         000D66  00002C  000D92      1ACC       0  CODE        2
                text49                         000D92  00002E  000DC0      1B24       0  CODE        2
                text66                         000DC0  00002F  000DEF      1B80       0  CODE        2
                text22                         000DEF  00002F  000E1E      1BDE       0  CODE        2
                text15                         000E1E  000037  000E55      1C3C       0  CODE        2
                text87                         000E55  00003A  000E8F      1CAA       0  CODE        2
                text5                          000E8F  000040  000ECF      1D1E       0  CODE        2
                text30                         000ECF  000045  000F14      1D9E       0  CODE        2
                text61                         000F14  000046  000F5A      1E28       0  CODE        2
                text19                         000F5A  000051  000FAB      1EB4       0  CODE        2
                text62                         000FAB  000055  001000      1F56       0  CODE        2
                stringtext1                    001000  000278  001278      2000       0  STRCODE     2


UNUSED ADDRESS RANGES

        Name                Unused          Largest block    Delta
        BANK0            00069-0006F               7           1
        BANK1            000C5-000EF              2B           1
        BANK10           00520-0056F              50           1
        BANK11           005A0-005EF              50           1
        BANK12           00620-0064F              30           1
        BANK2            00120-0016F              50           1
        BANK3            001A0-001EF              50           1
        BANK4            00220-0026F              50           1
        BANK5            002A0-002EF              50           1
        BANK6            00320-0036F              50           1
        BANK7            003A0-003EF              50           1
        BANK8            00420-0046F              50           1
        BANK9            004A0-004EF              50           1
        BIGRAM           02000-023EF             3F0           1
        CODE             00800-0097E             17F           2
                         01278-03FFF             800
        CONST            00800-0097E             100           2
                         01278-03FFF             100
        EEDATA           0F000-0F0FF             100           2
        ENTRY            00800-0097E             100           2
                         01278-03FFF             100
        RAM              00069-0006F               7           1
                         000C5-000EF              2B
                         00120-0016F              50
                         001A0-001EF              50
                         00220-0026F              50
                         002A0-002EF              50
                         00320-0036F              50
                         003A0-003EF              50
                         00420-0046F              50
                         004A0-004EF              50
                         00520-0056F              50
                         005A0-005EF              50
                         00620-0064F              30
        SFR0             00000-0001F              20           1
        SFR1             00080-0009F              20           1
        SFR10            00500-0051F              20           1
        SFR11            00580-0059F              20           1
        SFR12            00600-0061F              20           1
        SFR13            00680-006EF              70           1
        SFR14            00700-0076F              70           1
        SFR15            00780-007EF              70           1
        SFR16            00800-0086F              70           1
        SFR17            00880-008EF              70           1
        SFR18            00900-0096F              70           1
        SFR19            00980-009EF              70           1
        SFR2             00100-0011F              20           1
        SFR20            00A00-00A6F              70           1
        SFR21            00A80-00AEF              70           1
        SFR22            00B00-00B6F              70           1
        SFR23            00B80-00BEF              70           1
        SFR24            00C00-00C6F              70           1
        SFR25            00C80-00CEF              70           1
        SFR26            00D00-00D6F              70           1
        SFR27            00D80-00DEF              70           1
        SFR28            00E00-00E6F              70           1
        SFR29            00E80-00EEF              70           1
        SFR3             00180-0019F              20           1
        SFR30            00F00-00F6F              70           1
        SFR31            00F80-00FEF              70           1
        SFR4             00200-0021F              20           1
        SFR5             00280-0029F              20           1
        SFR6             00300-0031F              20           1
        SFR7             00380-0039F              20           1
        SFR8             00400-0041F              20           1
        SFR9             00480-0049F              20           1
        STACK            02075-023EF             37B           1
        STRCODE          00800-0097E             17F           2
                         01278-03FFF            2D88
        STRING           00800-0097E             100           2
                         01278-03FFF             100

                                  Symbol Table

?_ADC_GetConversion                            cstackBANK0  00049
ADC_GetConversion@channel                      cstackBANK0  0004C
EUSART_SetErrorHandler@interruptHandler        cstackBANK0  00049
EUSART_SetFramingErrorHandler@interruptHandler cstackBANK0  00049
EUSART_SetOverrunErrorHandler@interruptHandler cstackBANK0  00049
EUSART_SetRxInterruptHandler@interruptHandler  cstackBANK0  00049
EUSART_SetTxInterruptHandler@interruptHandler  cstackBANK0  00049
I2C_CallbackReturnReset@funPtr                 cstackCOMMON 00079
I2C_MasterSendTxData@data                      cstackCOMMON 00070
I2C_Master_Write@data                          cstackBANK0  00049
I2C_SetBuffer@buffer                           cstackCOMMON 00073
I2C_SetBuffer@bufferSize                       cstackCOMMON 00070
I2C_SetCallback@cb                             cstackCOMMON 00070
I2C_SetCallback@idx                            cstackCOMMON 00074
I2C_SetCallback@ptr                            cstackCOMMON 00072
I2C_SetDataCompleteCallback@cb                 cstackCOMMON 00075
I2C_SetDataCompleteCallback@ptr                cstackCOMMON 00077
IO_Expander_Write@Data                         cstackBANK0  0004A
LCD_CMD@CMD                                    cstackBANK0  0004E
LCD_Init@I2C_Add                               cstackBANK0  00051
LCD_Set_Cursor@COL                             cstackBANK0  0004F
LCD_Set_Cursor@ROW                             cstackBANK0  00052
LCD_Write_4Bit@Nibble                          cstackBANK0  0004C
LCD_Write_Char@Data                            cstackBANK0  0004E
LCD_Write_String@Str                           cstackBANK0  0004F
LCD_Write_String@i                             cstackBANK0  00052
_ACKDT                                         (abs)        010B5
_ACKEN                                         (abs)        010B4
_ACKSTAT                                       (abs)        010B6
_ADCON0                                        (abs)        0009D
_ADCON0bits                                    (abs)        0009D
_ADCON1                                        (abs)        0009E
_ADC_GetConversion                             text46       00C69
_ADC_Initialize                                text36       00A28
_ADRESH                                        (abs)        0009C
_ADRESL                                        (abs)        0009B
_ANSELA                                        (abs)        0018C
_ANSELB                                        (abs)        0018D
_ANSELD                                        (abs)        0018F
_ANSELE                                        (abs)        00190
_APFCON                                        (abs)        0011D
_BAUDCON                                       (abs)        0019F
_BORCON                                        (abs)        00116
_BackLight_State                               dataBANK0    00068
_EEADRH                                        (abs)        00192
_EEADRL                                        (abs)        00191
_EECON1bits                                    (abs)        00195
_EECON2                                        (abs)        00196
_EEDATH                                        (abs)        00194
_EEDATL                                        (abs)        00193
_EUSART_DefaultErrorHandler                    text90       00993
_EUSART_DefaultFramingErrorHandler             text89       0097F
_EUSART_DefaultOverrunErrorHandler             text88       00997
_EUSART_ErrorHandler                           bssBANK0     00030
_EUSART_FramingErrorHandler                    bssBANK0     00034
_EUSART_Initialize                             text30       00ECF
_EUSART_OverrunErrorHandler                    bssBANK0     00032
_EUSART_Receive_ISR                            text87       00E55
_EUSART_RxDataHandler                          text91       00BD7
_EUSART_RxDefaultInterruptHandler              bssBANK0     00036
_EUSART_SetErrorHandler                        text35       009EF
_EUSART_SetFramingErrorHandler                 text34       009F5
_EUSART_SetOverrunErrorHandler                 text33       009FB
_EUSART_SetRxInterruptHandler                  text32       00A01
_EUSART_SetTxInterruptHandler                  text31       00A07
_EUSART_Transmit_ISR                           text86       00C8A
_EUSART_TxDefaultInterruptHandler              bssBANK0     00038
_I2C_CallbackReturnReset                       text74       007FE
_I2C_CallbackReturnStop                        text75       00002
_I2C_DO_ADDRESS_NACK                           text51       00D66
_I2C_DO_IDLE                                   text65       009B0
_I2C_DO_RCEN                                   text60       00A19
_I2C_DO_RESET                                  text52       009D8
_I2C_DO_RX                                     text61       00F14
_I2C_DO_RX_ACK                                 text55       009C9
_I2C_DO_RX_NACK_RESTART                        text53       009D3
_I2C_DO_RX_NACK_STOP                           text54       009CE
_I2C_DO_SEND_ADR_READ                          text64       00A30
_I2C_DO_SEND_ADR_WRITE                         text63       00A20
_I2C_DO_SEND_RESTART                           text57       009BF
_I2C_DO_SEND_RESTART_READ                      text59       009B5
_I2C_DO_SEND_RESTART_WRITE                     text58       009BA
_I2C_DO_SEND_STOP                              text56       009C4
_I2C_DO_TX                                     text62       00FAB
_I2C_DO_TX_EMPTY                               text66       00DC0
_I2C_Initialize                                text29       00A42
_I2C_MasterClearIrq                            text50       00990
_I2C_MasterEnableRestart                       text85       00981
_I2C_MasterFsm                                 text49       00D92
_I2C_MasterGetRxData                           text71       0098A
_I2C_MasterIsNack                              text68       009DD
_I2C_MasterIsr                                 text48       009A3
_I2C_MasterSendAck                             text70       0099F
_I2C_MasterSendNack                            text72       0099B
_I2C_MasterSendTxData                          text69       009AB
_I2C_MasterSetIrq                              text67       0098D
_I2C_MasterStartRx                             text73       00987
_I2C_MasterStop                                text84       00984
_I2C_Master_Init                               text45       00A4C
_I2C_Master_Start                              text43       009E3
_I2C_Master_Stop                               text42       009E9
_I2C_Master_Wait                               text44       00A57
_I2C_Master_Write                              text41       00B01
_I2C_SetBuffer                                 text83       00AF1
_I2C_SetCallback                               text82       00D15
_I2C_SetDataCompleteCallback                   text81       00A6F
_I2C_Status                                    bssBANK1     000A0
_INTCONbits                                    (abs)        0000B
_INTERRUPT_InterruptManager                    intentry     00004
_IO_Expander_Write                             text40       00B68
_LATA                                          (abs)        0010C
_LATAbits                                      (abs)        0010C
_LATB                                          (abs)        0010D
_LATBbits                                      (abs)        0010D
_LATC                                          (abs)        0010E
_LATD                                          (abs)        0010F
_LATE                                          (abs)        00110
_LATEbits                                      (abs)        00110
_LCD_CMD                                       text38       00B92
_LCD_Clear                                     text23       00A39
_LCD_Init                                      text37       00758
_LCD_Set_Cursor                                text22       00DEF
_LCD_Write_4Bit                                text39       00B7C
_LCD_Write_Char                                text21       00BA8
_LCD_Write_String                              text20       00C4A
_MSSP_InterruptHandler                         bssBANK0     0003C
_OPTION_REGbits                                (abs)        00095
_OSCCON                                        (abs)        00099
_OSCILLATOR_Initialize                         text28       00A63
_OSCTUNE                                       (abs)        00098
_PEN                                           (abs)        010B2
_PIE1bits                                      (abs)        00091
_PIE2bits                                      (abs)        00092
_PIN_MANAGER_Initialize                        text27       00C0C
_PIR1bits                                      (abs)        00011
_PIR2bits                                      (abs)        00012
_PLLR                                          (abs)        004D6
_PORTDbits                                     (abs)        0000F
_RCEN                                          (abs)        010B3
_RCREG                                         (abs)        00199
_RCSTA                                         (abs)        0019D
_RCSTAbits                                     (abs)        0019D
_RS                                            bssBANK0     0003F
_RSEN                                          (abs)        010B1
_SEN                                           (abs)        010B0
_SPBRGH                                        (abs)        0019C
_SPBRGL                                        (abs)        0019B
_SSPADD                                        (abs)        00212
_SSPBUF                                        (abs)        00211
_SSPCON                                        (abs)        00215
_SSPCON1                                       (abs)        00215
_SSPCON1bits                                   (abs)        00215
_SSPCON2                                       (abs)        00216
_SSPCON2bits                                   (abs)        00216
_SSPIF                                         (abs)        0008B
_SSPSTAT                                       (abs)        00214
_SSPSTATbits                                   (abs)        00214
_SYSTEM_Initialize                             text25       00B55
_TRISA                                         (abs)        0008C
_TRISB                                         (abs)        0008D
_TRISC                                         (abs)        0008E
_TRISC3                                        (abs)        00473
_TRISC4                                        (abs)        00474
_TRISD                                         (abs)        0008F
_TRISE                                         (abs)        00090
_TXREG                                         (abs)        0019A
_TXSTA                                         (abs)        0019E
_TXSTAbits                                     (abs)        0019E
_WDTCON                                        (abs)        00097
_WDT_Initialize                                text26       009A7
_WPUB                                          (abs)        0020D
_WPUE                                          (abs)        00210
__Habs1                                        abs1         00000
__Hbank0                                       bank0        00000
__Hbank1                                       bank1        00000
__Hbank10                                      bank10       00000
__Hbank11                                      bank11       00000
__Hbank12                                      bank12       00000
__Hbank13                                      bank13       00000
__Hbank14                                      bank14       00000
__Hbank15                                      bank15       00000
__Hbank16                                      bank16       00000
__Hbank17                                      bank17       00000
__Hbank18                                      bank18       00000
__Hbank19                                      bank19       00000
__Hbank2                                       bank2        00000
__Hbank20                                      bank20       00000
__Hbank21                                      bank21       00000
__Hbank22                                      bank22       00000
__Hbank23                                      bank23       00000
__Hbank24                                      bank24       00000
__Hbank25                                      bank25       00000
__Hbank26                                      bank26       00000
__Hbank27                                      bank27       00000
__Hbank28                                      bank28       00000
__Hbank29                                      bank29       00000
__Hbank3                                       bank3        00000
__Hbank30                                      bank30       00000
__Hbank31                                      bank31       00000
__Hbank4                                       bank4        00000
__Hbank5                                       bank5        00000
__Hbank6                                       bank6        00000
__Hbank7                                       bank7        00000
__Hbank8                                       bank8        00000
__Hbank9                                       bank9        00000
__Hbigram                                      bigram       00000
__HbssBANK0                                    bssBANK0     00000
__HbssBANK1                                    bssBANK1     00000
__HbssCOMMON                                   bssCOMMON    00000
__Hcinit                                       cinit        00062
__Hclrtext                                     clrtext      00000
__Hcode                                        code         00000
__Hcommon                                      common       00000
__Hconfig                                      config       08009
__HcstackBANK0                                 cstackBANK0  00000
__HcstackCOMMON                                cstackCOMMON 00000
__HdataBANK0                                   dataBANK0    00000
__Heeprom_data                                 eeprom_data  00000
__Hend_init                                    end_init     00049
__Hfunctab                                     functab      00000
__HidataBANK0                                  idataBANK0   00000
__Hidloc                                       idloc        08004
__Hinit                                        init         00047
__Hintentry                                    intentry     00047
__Hmaintext                                    maintext     00000
__Hpowerup                                     powerup      00000
__Hram                                         ram          00000
__Hreset_vec                                   reset_vec    00002
__Hsfr0                                        sfr0         00000
__Hsfr1                                        sfr1         00000
__Hsfr10                                       sfr10        00000
__Hsfr11                                       sfr11        00000
__Hsfr12                                       sfr12        00000
__Hsfr13                                       sfr13        00000
__Hsfr14                                       sfr14        00000
__Hsfr15                                       sfr15        00000
__Hsfr16                                       sfr16        00000
__Hsfr17                                       sfr17        00000
__Hsfr18                                       sfr18        00000
__Hsfr19                                       sfr19        00000
__Hsfr2                                        sfr2         00000
__Hsfr20                                       sfr20        00000
__Hsfr21                                       sfr21        00000
__Hsfr22                                       sfr22        00000
__Hsfr23                                       sfr23        00000
__Hsfr24                                       sfr24        00000
__Hsfr25                                       sfr25        00000
__Hsfr26                                       sfr26        00000
__Hsfr27                                       sfr27        00000
__Hsfr28                                       sfr28        00000
__Hsfr29                                       sfr29        00000
__Hsfr3                                        sfr3         00000
__Hsfr30                                       sfr30        00000
__Hsfr31                                       sfr31        00000
__Hsfr4                                        sfr4         00000
__Hsfr5                                        sfr5         00000
__Hsfr6                                        sfr6         00000
__Hsfr7                                        sfr7         00000
__Hsfr8                                        sfr8         00000
__Hsfr9                                        sfr9         00000
__Hspace_0                                     (abs)        01278
__Hspace_1                                     (abs)        000C5
__Hspace_2                                     (abs)        00000
__Hspace_3                                     (abs)        00000
__Hspace_4                                     (abs)        10010
__Hstack                                       stack        00000
__Hstrings                                     strings      00000
__Hstringtext1                                 stringtext1  00000
__Hstringtext10                                stringtext10 00000
__Hstringtext11                                stringtext11 00000
__Hstringtext12                                stringtext12 00000
__Hstringtext13                                stringtext13 00000
__Hstringtext14                                stringtext14 00000
__Hstringtext15                                stringtext15 00000
__Hstringtext16                                stringtext16 00000
__Hstringtext17                                stringtext17 00000
__Hstringtext18                                stringtext18 00000
__Hstringtext19                                stringtext19 00000
__Hstringtext2                                 stringtext2  00000
__Hstringtext20                                stringtext20 00000
__Hstringtext21                                stringtext21 00000
__Hstringtext22                                stringtext22 00000
__Hstringtext23                                stringtext23 00000
__Hstringtext24                                stringtext24 00000
__Hstringtext25                                stringtext25 00000
__Hstringtext26                                stringtext26 00000
__Hstringtext27                                stringtext27 00000
__Hstringtext28                                stringtext28 00000
__Hstringtext29                                stringtext29 00000
__Hstringtext3                                 stringtext3  00000
__Hstringtext30                                stringtext30 00000
__Hstringtext31                                stringtext31 00000
__Hstringtext32                                stringtext32 00000
__Hstringtext33                                stringtext33 00000
__Hstringtext34                                stringtext34 00000
__Hstringtext35                                stringtext35 00000
__Hstringtext36                                stringtext36 00000
__Hstringtext37                                stringtext37 00000
__Hstringtext38                                stringtext38 00000
__Hstringtext39                                stringtext39 00000
__Hstringtext4                                 stringtext4  00000
__Hstringtext40                                stringtext40 00000
__Hstringtext41                                stringtext41 00000
__Hstringtext42                                stringtext42 00000
__Hstringtext43                                stringtext43 00000
__Hstringtext44                                stringtext44 00000
__Hstringtext45                                stringtext45 00000
__Hstringtext46                                stringtext46 00000
__Hstringtext47                                stringtext47 00000
__Hstringtext48                                stringtext48 00000
__Hstringtext5                                 stringtext5  00000
__Hstringtext6                                 stringtext6  00000
__Hstringtext7                                 stringtext7  00000
__Hstringtext8                                 stringtext8  00000
__Hstringtext9                                 stringtext9  00000
__Htext                                        text         00000
__Labs1                                        abs1         00000
__Lbank0                                       bank0        00000
__Lbank1                                       bank1        00000
__Lbank10                                      bank10       00000
__Lbank11                                      bank11       00000
__Lbank12                                      bank12       00000
__Lbank13                                      bank13       00000
__Lbank14                                      bank14       00000
__Lbank15                                      bank15       00000
__Lbank16                                      bank16       00000
__Lbank17                                      bank17       00000
__Lbank18                                      bank18       00000
__Lbank19                                      bank19       00000
__Lbank2                                       bank2        00000
__Lbank20                                      bank20       00000
__Lbank21                                      bank21       00000
__Lbank22                                      bank22       00000
__Lbank23                                      bank23       00000
__Lbank24                                      bank24       00000
__Lbank25                                      bank25       00000
__Lbank26                                      bank26       00000
__Lbank27                                      bank27       00000
__Lbank28                                      bank28       00000
__Lbank29                                      bank29       00000
__Lbank3                                       bank3        00000
__Lbank30                                      bank30       00000
__Lbank31                                      bank31       00000
__Lbank4                                       bank4        00000
__Lbank5                                       bank5        00000
__Lbank6                                       bank6        00000
__Lbank7                                       bank7        00000
__Lbank8                                       bank8        00000
__Lbank9                                       bank9        00000
__Lbigram                                      bigram       00000
__LbssBANK0                                    bssBANK0     00000
__LbssBANK1                                    bssBANK1     00000
__LbssCOMMON                                   bssCOMMON    00000
__Lcinit                                       cinit        00049
__Lclrtext                                     clrtext      00000
__Lcode                                        code         00000
__Lcommon                                      common       00000
__Lconfig                                      config       00000
__LcstackBANK0                                 cstackBANK0  00000
__LcstackCOMMON                                cstackCOMMON 00000
__LdataBANK0                                   dataBANK0    00000
__Leeprom_data                                 eeprom_data  00000
__Lend_init                                    end_init     00047
__Lfunctab                                     functab      00000
__LidataBANK0                                  idataBANK0   00000
__Lidloc                                       idloc        00000
__Linit                                        init         00047
__Lintentry                                    intentry     00004
__Lmaintext                                    maintext     00000
__Lpowerup                                     powerup      00000
__Lram                                         ram          00000
__Lreset_vec                                   reset_vec    00000
__Lsfr0                                        sfr0         00000
__Lsfr1                                        sfr1         00000
__Lsfr10                                       sfr10        00000
__Lsfr11                                       sfr11        00000
__Lsfr12                                       sfr12        00000
__Lsfr13                                       sfr13        00000
__Lsfr14                                       sfr14        00000
__Lsfr15                                       sfr15        00000
__Lsfr16                                       sfr16        00000
__Lsfr17                                       sfr17        00000
__Lsfr18                                       sfr18        00000
__Lsfr19                                       sfr19        00000
__Lsfr2                                        sfr2         00000
__Lsfr20                                       sfr20        00000
__Lsfr21                                       sfr21        00000
__Lsfr22                                       sfr22        00000
__Lsfr23                                       sfr23        00000
__Lsfr24                                       sfr24        00000
__Lsfr25                                       sfr25        00000
__Lsfr26                                       sfr26        00000
__Lsfr27                                       sfr27        00000
__Lsfr28                                       sfr28        00000
__Lsfr29                                       sfr29        00000
__Lsfr3                                        sfr3         00000
__Lsfr30                                       sfr30        00000
__Lsfr31                                       sfr31        00000
__Lsfr4                                        sfr4         00000
__Lsfr5                                        sfr5         00000
__Lsfr6                                        sfr6         00000
__Lsfr7                                        sfr7         00000
__Lsfr8                                        sfr8         00000
__Lsfr9                                        sfr9         00000
__Lspace_0                                     (abs)        00000
__Lspace_1                                     (abs)        00000
__Lspace_2                                     (abs)        00000
__Lspace_3                                     (abs)        00000
__Lspace_4                                     (abs)        00000
__Lstack                                       stack        00000
__Lstrings                                     strings      00000
__Lstringtext1                                 stringtext1  00000
__Lstringtext10                                stringtext10 00000
__Lstringtext11                                stringtext11 00000
__Lstringtext12                                stringtext12 00000
__Lstringtext13                                stringtext13 00000
__Lstringtext14                                stringtext14 00000
__Lstringtext15                                stringtext15 00000
__Lstringtext16                                stringtext16 00000
__Lstringtext17                                stringtext17 00000
__Lstringtext18                                stringtext18 00000
__Lstringtext19                                stringtext19 00000
__Lstringtext2                                 stringtext2  00000
__Lstringtext20                                stringtext20 00000
__Lstringtext21                                stringtext21 00000
__Lstringtext22                                stringtext22 00000
__Lstringtext23                                stringtext23 00000
__Lstringtext24                                stringtext24 00000
__Lstringtext25                                stringtext25 00000
__Lstringtext26                                stringtext26 00000
__Lstringtext27                                stringtext27 00000
__Lstringtext28                                stringtext28 00000
__Lstringtext29                                stringtext29 00000
__Lstringtext3                                 stringtext3  00000
__Lstringtext30                                stringtext30 00000
__Lstringtext31                                stringtext31 00000
__Lstringtext32                                stringtext32 00000
__Lstringtext33                                stringtext33 00000
__Lstringtext34                                stringtext34 00000
__Lstringtext35                                stringtext35 00000
__Lstringtext36                                stringtext36 00000
__Lstringtext37                                stringtext37 00000
__Lstringtext38                                stringtext38 00000
__Lstringtext39                                stringtext39 00000
__Lstringtext4                                 stringtext4  00000
__Lstringtext40                                stringtext40 00000
__Lstringtext41                                stringtext41 00000
__Lstringtext42                                stringtext42 00000
__Lstringtext43                                stringtext43 00000
__Lstringtext44                                stringtext44 00000
__Lstringtext45                                stringtext45 00000
__Lstringtext46                                stringtext46 00000
__Lstringtext47                                stringtext47 00000
__Lstringtext48                                stringtext48 00000
__Lstringtext5                                 stringtext5  00000
__Lstringtext6                                 stringtext6  00000
__Lstringtext7                                 stringtext7  00000
__Lstringtext8                                 stringtext8  00000
__Lstringtext9                                 stringtext9  00000
__Ltext                                        text         00000
__S0                                           (abs)        01278
__S1                                           (abs)        000C5
__S2                                           (abs)        00000
__S3                                           (abs)        00000
___int_sp                                      stack        00000
___latbits                                     (abs)        00003
___sp                                          stack        00000
___stackhi                                     (abs)        023EF
___stacklo                                     (abs)        02075
__end_of_ADC_GetConversion                     text46       00C8A
__end_of_ADC_Initialize                        text36       00A30
__end_of_EUSART_DefaultErrorHandler            text90       00997
__end_of_EUSART_DefaultFramingErrorHandler     text89       00980
__end_of_EUSART_DefaultOverrunErrorHandler     text88       0099B
__end_of_EUSART_Initialize                     text30       00F14
__end_of_EUSART_Receive_ISR                    text87       00E8F
__end_of_EUSART_RxDataHandler                  text91       00BF1
__end_of_EUSART_SetErrorHandler                text35       009F5
__end_of_EUSART_SetFramingErrorHandler         text34       009FB
__end_of_EUSART_SetOverrunErrorHandler         text33       00A01
__end_of_EUSART_SetRxInterruptHandler          text32       00A07
__end_of_EUSART_SetTxInterruptHandler          text31       00A0D
__end_of_EUSART_Transmit_ISR                   text86       00CAC
__end_of_I2C_CallbackReturnReset               text74       00800
__end_of_I2C_CallbackReturnStop                text75       00004
__end_of_I2C_DO_ADDRESS_NACK                   text51       00D92
__end_of_I2C_DO_IDLE                           text65       009B5
__end_of_I2C_DO_RCEN                           text60       00A20
__end_of_I2C_DO_RESET                          text52       009DD
__end_of_I2C_DO_RX                             text61       00F5A
__end_of_I2C_DO_RX_ACK                         text55       009CE
__end_of_I2C_DO_RX_NACK_RESTART                text53       009D8
__end_of_I2C_DO_RX_NACK_STOP                   text54       009D3
__end_of_I2C_DO_SEND_ADR_READ                  text64       00A39
__end_of_I2C_DO_SEND_ADR_WRITE                 text63       00A28
__end_of_I2C_DO_SEND_RESTART                   text57       009C4
__end_of_I2C_DO_SEND_RESTART_READ              text59       009BA
__end_of_I2C_DO_SEND_RESTART_WRITE             text58       009BF
__end_of_I2C_DO_SEND_STOP                      text56       009C9
__end_of_I2C_DO_TX                             text62       01000
__end_of_I2C_DO_TX_EMPTY                       text66       00DEF
__end_of_I2C_Initialize                        text29       00A4C
__end_of_I2C_MasterClearIrq                    text50       00993
__end_of_I2C_MasterEnableRestart               text85       00984
__end_of_I2C_MasterFsm                         text49       00DC0
__end_of_I2C_MasterGetRxData                   text71       0098D
__end_of_I2C_MasterIsNack                      text68       009E3
__end_of_I2C_MasterIsr                         text48       009A7
__end_of_I2C_MasterSendAck                     text70       009A3
__end_of_I2C_MasterSendNack                    text72       0099F
[...]
__ptext60                                      text60       00A19
__ptext61                                      text61       00F14
__ptext62                                      text62       00FAB
__ptext63                                      text63       00A20
__ptext64                                      text64       00A30
__ptext65                                      text65       009B0
__ptext66                                      text66       00DC0
__ptext67                                      text67       0098D
__ptext68                                      text68       009DD
__ptext69                                      text69       009AB
__ptext7                                       text7        00BF1
__ptext70                                      text70       0099F
__ptext71                                      text71       0098A
__ptext72                                      text72       0099B
__ptext73                                      text73       00987
__ptext74                                      text74       007FE
__ptext75                                      text75       00002
__ptext76                                      text76       00BBF
__ptext77                                      text77       00B44
__ptext78                                      text78       00B33
__ptext79                                      text79       00B22
__ptext8                                       text8        00D3B
__ptext80                                      text80       00B11
__ptext81                                      text81       00A6F
__ptext82                                      text82       00D15
__ptext83                                      text83       00AF1
__ptext84                                      text84       00984
__ptext85                                      text85       00981
__ptext86                                      text86       00C8A
__ptext87                                      text87       00E55
__ptext88                                      text88       00997
__ptext89                                      text89       0097F
__ptext9                                       text9        00AD7
__ptext90                                      text90       00993
__ptext91                                      text91       00BD7
__size_of_ADC_GetConversion                    (abs)        00000
__size_of_ADC_Initialize                       (abs)        00000
__size_of_EUSART_DefaultErrorHandler           (abs)        00000
__size_of_EUSART_DefaultFramingErrorHandler    (abs)        00000
__size_of_EUSART_DefaultOverrunErrorHandler    (abs)        00000
__size_of_EUSART_Initialize                    (abs)        00000
__size_of_EUSART_Receive_ISR                   (abs)        00000
__size_of_EUSART_RxDataHandler                 (abs)        00000
__size_of_EUSART_SetErrorHandler               (abs)        00000
__size_of_EUSART_SetFramingErrorHandler        (abs)        00000
__size_of_EUSART_SetOverrunErrorHandler        (abs)        00000
__size_of_EUSART_SetRxInterruptHandler         (abs)        00000
__size_of_EUSART_SetTxInterruptHandler         (abs)        00000
__size_of_EUSART_Transmit_ISR                  (abs)        00000
__size_of_I2C_CallbackReturnReset              (abs)        00000
__size_of_I2C_CallbackReturnStop               (abs)        00000
__size_of_I2C_DO_ADDRESS_NACK                  (abs)        00000
__size_of_I2C_DO_IDLE                          (abs)        00000
__size_of_I2C_DO_RCEN                          (abs)        00000
__size_of_I2C_DO_RESET                         (abs)        00000
__size_of_I2C_DO_RX                            (abs)        00000
__size_of_I2C_DO_RX_ACK                        (abs)        00000
__size_of_I2C_DO_RX_NACK_RESTART               (abs)        00000
__size_of_I2C_DO_RX_NACK_STOP                  (abs)        00000
__size_of_I2C_DO_SEND_ADR_READ                 (abs)        00000
__size_of_I2C_DO_SEND_ADR_WRITE                (abs)        00000
__size_of_I2C_DO_SEND_RESTART                  (abs)        00000
__size_of_I2C_DO_SEND_RESTART_READ             (abs)        00000
__size_of_I2C_DO_SEND_RESTART_WRITE            (abs)        00000
__size_of_I2C_DO_SEND_STOP                     (abs)        00000
__size_of_I2C_DO_TX                            (abs)        00000
__size_of_I2C_DO_TX_EMPTY                      (abs)        00000
__size_of_I2C_Initialize                       (abs)        00000
__size_of_I2C_MasterClearIrq                   (abs)        00000
__size_of_I2C_MasterEnableRestart              (abs)        00000
__size_of_I2C_MasterFsm                        (abs)        00000
__size_of_I2C_MasterGetRxData                  (abs)        00000
__size_of_I2C_MasterIsNack                     (abs)        00000
__size_of_I2C_MasterIsr                        (abs)        00000
__size_of_I2C_MasterSendAck                    (abs)        00000
__size_of_I2C_MasterSendNack                   (abs)        00000
__size_of_I2C_MasterSendTxData                 (abs)        00000
__size_of_I2C_MasterSetIrq                     (abs)        00000
__size_of_I2C_MasterStartRx                    (abs)        00000
__size_of_I2C_MasterStop                       (abs)        00000
__size_of_I2C_Master_Init                      (abs)        00000
__size_of_I2C_Master_Start                     (abs)        00000
__size_of_I2C_Master_Stop                      (abs)        00000
__size_of_I2C_Master_Wait                      (abs)        00000
__size_of_I2C_Master_Write                     (abs)        00000
__size_of_I2C_SetBuffer                        (abs)        00000
__size_of_I2C_SetCallback                      (abs)        00000
__size_of_I2C_SetDataCompleteCallback          (abs)        00000
__size_of_INTERRUPT_InterruptManager           (abs)        00000
__size_of_IO_Expander_Write                    (abs)        00000
__size_of_LCD_CMD                              (abs)        00000
__size_of_LCD_Clear                            (abs)        00000
__size_of_LCD_Init                             (abs)        00000
__size_of_LCD_Set_Cursor                       (abs)        00000
__size_of_LCD_Write_4Bit                       (abs)        00000
__size_of_LCD_Write_Char                       (abs)        00000
__size_of_LCD_Write_String                     (abs)        00000
__size_of_OSCILLATOR_Initialize                (abs)        00000
__size_of_PIN_MANAGER_Initialize               (abs)        00000
__size_of_SYSTEM_Initialize                    (abs)        00000
__size_of_WDT_Initialize                       (abs)        00000
__size_of_activerTouche                        (abs)        00000
__size_of_alerteDefaut                         (abs)        00000
__size_of_alimenter                            (abs)        00000
__size_of_attenteDemarrage                     (abs)        00000
__size_of_displayManager                       (abs)        00000
__size_of_initialConditions                    (abs)        00000
__size_of_ledConforme                          (abs)        00000
__size_of_ledNonConforme                       (abs)        00000
__size_of_ledProgession                        (abs)        00000
__size_of_main                                 (abs)        00000
__size_of_pressBP1                             (abs)        00000
__size_of_pressBP2                             (abs)        00000
__size_of_rd1RegCompleteHandler                (abs)        00000
__size_of_rd2RegCompleteHandler                (abs)        00000
__size_of_rdBlkRegCompleteHandler              (abs)        00000
__size_of_reponseOperateur                     (abs)        00000
__size_of_setHorloge                           (abs)        00000
__size_of_setP1                                (abs)        00000
__size_of_setP2                                (abs)        00000
__size_of_testNOK                              (abs)        00000
__size_of_testOK                               (abs)        00000
__size_of_testR1                               (abs)        00000
__size_of_testR2                               (abs)        00000
__size_of_testR3                               (abs)        00000
__size_of_wr1RegCompleteHandler                (abs)        00000
__size_of_wr2RegCompleteHandler                (abs)        00000
_activerTouche                                 text24       00C2B
_alerteDefaut                                  text15       00E1E
_alimenter                                     text13       00AA3
_attenteDemarrage                              text14       00A0D
_displayManager                                text19       00F5A
_eusartRxBuffer                                bssBANK1     000BD
_eusartRxCount                                 bssBANK0     00041
_eusartRxHead                                  bssBANK0     00042
_eusartRxLastError                             bssBANK0     00040
_eusartRxStatusBuffer                          bssBANK0     00020
_eusartRxTail                                  bssCOMMON    0007D
_eusartTxBuffer                                bssBANK0     00028
_eusartTxBufferRemaining                       bssBANK0     00043
_eusartTxHead                                  bssBANK0     00045
_eusartTxTail                                  bssBANK0     00044
_i2c_add                                       bssBANK0     0003E
_i2c_fsmStateTable                             stringtext1  01000
_initialConditions                             text8        00D3B
_ledConforme                                   text18       00A7C
_ledNonConforme                                text17       00A89
_ledProgession                                 text16       00A96
_main                                          maintext     00062
_pressBP1                                      text12       00AB0
_pressBP2                                      text11       00ABD
_rd1RegCompleteHandler                         text79       00B22
_rd2RegCompleteHandler                         text78       00B33
_rdBlkRegCompleteHandler                       text76       00BBF
_reponseOperateur                              text5        00E8F
_setHorloge                                    text4        00AE4
_setP1                                         text10       00ACA
_setP2                                         text9        00AD7
_testNOK                                       text7        00BF1
_testOK                                        text6        007E3
_testR1                                        text3        00CAC
_testR2                                        text2        00CCF
_testR3                                        text1        00CF2
_wr1RegCompleteHandler                         text77       00B44
_wr2RegCompleteHandler                         text80       00B11
alerteDefaut@etape                             cstackBANK0  0005E
alerteDefaut@testAct                           cstackBANK0  00060
alerteDefaut@testVoy                           cstackBANK0  00061
alimenter@active                               cstackBANK0  00049
btemp                                          (abs)        0007E
clear_ram0                                     clrtext      00A13
displayManager@s1                              cstackBANK0  00054
displayManager@s2                              cstackBANK0  00056
displayManager@s3                              cstackBANK0  00058
displayManager@s4                              cstackBANK0  0005A
end_of_initialization                          cinit        0005E
initialConditions@testAct                      cstackBANK0  0004B
initialConditions@testVoy                      cstackBANK0  0004A
int$flags                                      (abs)        0007E
intlevel0                                      functab      00000
intlevel1                                      functab      00000
intlevel2                                      functab      00000
intlevel3                                      functab      00000
intlevel4                                      functab      00000
intlevel5                                      functab      00000
ledConforme@active                             cstackBANK0  00049
ledNonConforme@active                          cstackBANK0  00049
ledProgession@active                           cstackBANK0  00049
main@lectureAN1                                cstackBANK0  00064
main@testActif                                 cstackBANK0  00067
main@testVoyants                               cstackBANK0  00066
pressBP1@active                                cstackBANK0  00049
pressBP2@active                                cstackBANK0  00049
rd1RegCompleteHandler@ptr                      cstackCOMMON 00079
rd2RegCompleteHandler@ptr                      cstackCOMMON 00079
rdBlkRegCompleteHandler@ptr                    cstackCOMMON 00079
reponseOperateur@reponse                       cstackBANK0  0004B
reset_vec                                      reset_vec    00000
setHorloge@active                              cstackBANK0  00049
setP1@active                                   cstackBANK0  00049
setP2@active                                   cstackBANK0  00049
start                                          init         00047
start_initialization                           cinit        00049
testNOK@active                                 cstackBANK0  0004A
testNOK@result                                 cstackBANK0  00049
testOK@active                                  cstackBANK0  0004A
testOK@result                                  cstackBANK0  00049
testR1@active                                  cstackBANK0  0004A
testR1@result                                  cstackBANK0  00049
testR2@active                                  cstackBANK0  0004A
testR2@result                                  cstackBANK0  00049
testR3@active                                  cstackBANK0  0004A
testR3@result                                  cstackBANK0  00049
wr1RegCompleteHandler@ptr                      cstackCOMMON 00079
wr2RegCompleteHandler@ptr                      cstackCOMMON 00079
wtemp0                                         (abs)        0007E


MODULE INFORMATION

Module		Function		Class		Link	Load	Size
mcc_generated_files/interrupt_manager.c
		_INTERRUPT_InterruptManager		CODE           	0004	0000	67

mcc_generated_files/interrupt_manager.c estimated size: 67

mcc_generated_files/examples/i2c_master_example.c
		_wr1RegCompleteHandler		CODE           	0B44	0000	17
		_wr2RegCompleteHandler		CODE           	0B11	0000	17
		_rdBlkRegCompleteHandler		CODE           	0BBF	0000	24
		_rd1RegCompleteHandler		CODE           	0B22	0000	17
		_rd2RegCompleteHandler		CODE           	0B33	0000	17

mcc_generated_files/examples/i2c_master_example.c estimated size: 92

mcc_generated_files/pin_manager.c
		_PIN_MANAGER_Initialize		CODE           	0C0C	0000	31

mcc_generated_files/pin_manager.c estimated size: 31

mcc_generated_files/adc.c
		_ADC_Initialize		CODE           	0A28	0000	8
		_ADC_GetConversion		CODE           	0C69	0000	33

mcc_generated_files/adc.c estimated size: 41

shared
		__initialization		CODE           	0049	0000	21
		_i2c_fsmStateTable		STRCODE        	1000	0000	32

shared estimated size: 53

I2C_LCD.c
		_LCD_Init      		CODE           	0758	0000	139
		_LCD_Write_4Bit		CODE           	0B7C	0000	22
		_LCD_Write_Char		CODE           	0BA8	0000	23
		_LCD_CMD       		CODE           	0B92	0000	22
		_I2C_Master_Wait		CODE           	0A57	0000	12
		_I2C_Master_Init		CODE           	0A4C	0000	11
		_I2C_Master_Stop		CODE           	09E9	0000	6
		_LCD_Set_Cursor		CODE           	0DEF	0000	47
		_LCD_Clear     		CODE           	0A39	0000	9
		_IO_Expander_Write		CODE           	0B68	0000	20
		_I2C_Master_Write		CODE           	0B01	0000	16
		_I2C_Master_Start		CODE           	09E3	0000	6
		_LCD_Write_String		CODE           	0C4A	0000	31

I2C_LCD.c estimated size: 364

mcc_generated_files/mcc.c
		_WDT_Initialize		CODE           	09A7	0000	4
		_OSCILLATOR_Initialize		CODE           	0A63	0000	12
		_SYSTEM_Initialize		CODE           	0B55	0000	19

mcc_generated_files/mcc.c estimated size: 35

display.c
		_displayManager		CODE           	0F5A	0000	81

display.c estimated size: 81

mcc_generated_files/i2c_master.c
		_I2C_MasterStartRx		CODE           	0987	0000	3
		_I2C_DO_SEND_ADR_WRITE		CODE           	0A20	0000	8
		_I2C_DO_SEND_STOP		CODE           	09C4	0000	5
		_I2C_MasterSendNack		CODE           	099B	0000	4
		_I2C_CallbackReturnStop		CODE           	0002	0000	2
		_I2C_DO_SEND_ADR_READ		CODE           	0A30	0000	9
		_I2C_DO_RX_NACK_STOP		CODE           	09CE	0000	5
		_I2C_DO_SEND_RESTART		CODE           	09BF	0000	5
		_I2C_DO_RX     		CODE           	0F14	0000	70
		_I2C_DO_TX     		CODE           	0FAB	0000	85
		_I2C_DO_IDLE   		CODE           	09B0	0000	5
		_I2C_DO_RCEN   		CODE           	0A19	0000	7
		_I2C_DO_RESET  		CODE           	09D8	0000	5
		_I2C_DO_RX_ACK 		CODE           	09C9	0000	5
		_I2C_MasterClearIrq		CODE           	0990	0000	3
		_I2C_MasterGetRxData		CODE           	098A	0000	3
		_I2C_SetCallback		CODE           	0D15	0000	38
		_I2C_DO_ADDRESS_NACK		CODE           	0D66	0000	44
		_I2C_MasterEnableRestart		CODE           	0981	0000	3
		_I2C_CallbackReturnReset		CODE           	07FE	0000	2
		_I2C_DO_TX_EMPTY		CODE           	0DC0	0000	47
		_I2C_DO_SEND_RESTART_WRITE		CODE           	09BA	0000	5
		_I2C_MasterIsNack		CODE           	09DD	0000	6
		_I2C_SetDataCompleteCallback		CODE           	0A6F	0000	13
		_I2C_DO_RX_NACK_RESTART		CODE           	09D3	0000	5
		_I2C_MasterSendAck		CODE           	099F	0000	4
		_I2C_MasterFsm 		CODE           	0D92	0000	46
		_I2C_MasterIsr 		CODE           	09A3	0000	4
		_I2C_MasterSetIrq		CODE           	098D	0000	3
		_I2C_DO_SEND_RESTART_READ		CODE           	09B5	0000	5
		_I2C_Initialize		CODE           	0A42	0000	10
		_I2C_SetBuffer 		CODE           	0AF1	0000	16
		_I2C_MasterSendTxData		CODE           	09AB	0000	5
		_I2C_MasterStop		CODE           	0984	0000	3

mcc_generated_files/i2c_master.c estimated size: 483

mcc_generated_files/eusart.c
		_EUSART_SetRxInterruptHandler		CODE           	0A01	0000	6
		_EUSART_SetTxInterruptHandler		CODE           	0A07	0000	6
		_EUSART_DefaultOverrunErrorHandler		CODE           	0997	0000	4
		_EUSART_DefaultErrorHandler		CODE           	0993	0000	4
		_EUSART_Transmit_ISR		CODE           	0C8A	0000	34
		_EUSART_Initialize		CODE           	0ECF	0000	69
		_EUSART_SetFramingErrorHandler		CODE           	09F5	0000	6
		_EUSART_SetErrorHandler		CODE           	09EF	0000	6
		_EUSART_SetOverrunErrorHandler		CODE           	09FB	0000	6
		_EUSART_Receive_ISR		CODE           	0E55	0000	58
		_EUSART_RxDataHandler		CODE           	0BD7	0000	26
		_EUSART_DefaultFramingErrorHandler		CODE           	097F	0000	1

mcc_generated_files/eusart.c estimated size: 226

tester.c
		_testR3        		CODE           	0CF2	0000	35
		_alerteDefaut  		CODE           	0E1E	0000	55
		_initialConditions		CODE           	0D3B	0000	43
		_setHorloge    		CODE           	0AE4	0000	13
		_alimenter     		CODE           	0AA3	0000	13
		_testR1        		CODE           	0CAC	0000	35
		_ledProgession 		CODE           	0A96	0000	13
		_pressBP1      		CODE           	0AB0	0000	13
		_pressBP2      		CODE           	0ABD	0000	13
		_testNOK       		CODE           	0BF1	0000	27
		_ledConforme   		CODE           	0A7C	0000	13
		_attenteDemarrage		CODE           	0A0D	0000	6
		_testR2        		CODE           	0CCF	0000	35
		_ledNonConforme		CODE           	0A89	0000	13
		_setP1         		CODE           	0ACA	0000	13
		_testOK        		CODE           	07E3	0000	27
		_activerTouche 		CODE           	0C2B	0000	31
		_setP2         		CODE           	0AD7	0000	13
		_reponseOperateur		CODE           	0E8F	0000	64

tester.c estimated size: 475

main.c
		_main          		CODE           	0062	0000	1782

main.c estimated size: 1782

