Microchip MPLAB XC8 Compiler V2.32

Linker command line:

-W-3 --edf=C:\Program Files\Microchip\xc8\v2.32\pic\dat\en_msgs.txt -cn \
  -h+dist/default/production\galeoTester1.X.production.sym \
  --cmf=dist/default/production\galeoTester1.X.production.cmf -z -Q16LF1939 \
  -oC:\Users\Michel\AppData\Local\Temp\xcAsi5s.4 --defsym=__MPLAB_BUILD=1 \
  -Mdist/default/production/galeoTester1.X.production.map -E1 \
  -ver=XC8 Compiler --acfsm=1493 -ASTACK=02184h-023EFh -pstack=STACK \
  -ACODE=00h-07FFhx8 -ASTRCODE=00h-03FFFh -ASTRING=00h-0FFhx64 \
  -ACONST=00h-0FFhx64 -AENTRY=00h-0FFhx64 -ACOMMON=070h-07Fh \
  -ABANK0=020h-06Fh -ABANK1=0A0h-0EFh -ABANK2=0120h-016Fh \
  -ABANK3=01A0h-01EFh -ABANK4=0220h-026Fh -ABANK5=02A0h-02EFh \
  -ABANK6=0320h-036Fh -ABANK7=03A0h-03EFh -ABANK8=0420h-046Fh \
  -ABANK9=04A0h-04EFh -ABANK10=0520h-056Fh -ABANK11=05A0h-05EFh \
  -ABANK12=0620h-064Fh -ABIGRAM=02000h-023EFh \
  -ARAM=020h-06Fh,0A0h-0EFh,0120h-016Fh,01A0h-01EFh,0220h-026Fh,02A0h-02EFh,0320h-036Fh,03A0h-03EFh,0420h-046Fh,04A0h-04EFh,0520h-056Fh,05A0h-05EFh,0620h-064Fh \
  -AABS1=020h-07Fh,0A0h-0EFh,0120h-016Fh,01A0h-01EFh,0220h-026Fh,02A0h-02EFh,0320h-036Fh,03A0h-03EFh,0420h-046Fh,04A0h-04EFh,0520h-056Fh,05A0h-05EFh,0620h-064Fh \
  -ASFR0=00h-01Fh -ASFR1=080h-09Fh -ASFR2=0100h-011Fh -ASFR3=0180h-019Fh \
  -ASFR4=0200h-021Fh -ASFR5=0280h-029Fh -ASFR6=0300h-031Fh \
  -ASFR7=0380h-039Fh -ASFR8=0400h-041Fh -ASFR9=0480h-049Fh \
  -ASFR10=0500h-051Fh -ASFR11=0580h-059Fh -ASFR12=0600h-061Fh \
  -ASFR13=0680h-06EFh -ASFR14=0700h-076Fh -ASFR15=0780h-07EFh \
  -ASFR16=0800h-086Fh -ASFR17=0880h-08EFh -ASFR18=0900h-096Fh \
  -ASFR19=0980h-09EFh -ASFR20=0A00h-0A6Fh -ASFR21=0A80h-0AEFh \
  -ASFR22=0B00h-0B6Fh -ASFR23=0B80h-0BEFh -ASFR24=0C00h-0C6Fh \
  -ASFR25=0C80h-0CEFh -ASFR26=0D00h-0D6Fh -ASFR27=0D80h-0DEFh \
  -ASFR28=0E00h-0E6Fh -ASFR29=0E80h-0EEFh -ASFR30=0F00h-0F6Fh \
  -ASFR31=0F80h-0FEFh -ACONFIG=08007h-08008h -DCONFIG=2 \
  -AIDLOC=08000h-08003h -DIDLOC=2 -AEEDATA=00h-0FFh/0F000h \
  -peeprom_data=EEDATA -DEEDATA=2 -DCODE=2 -DSTRCODE=2 -DSTRING=2 -DCONST=2 \
  -DENTRY=2 -preset_vec=00h,intentry=04h,init,end_init -ppowerup=CODE \
  -pcinit=CODE -pfunctab=ENTRY -k \
  C:\Users\Michel\AppData\Local\Temp\xcAsi5s.o \
  dist/default/production\galeoTester1.X.production.o 

Object code version is 3.11

Machine type is 16LF1939



                Name                               Link     Load   Length Selector   Space Scale
C:\Users\Michel\AppData\Local\Temp\xcAsi5s.o
                end_init                             4A       4A        2        8       0
                reset_vec                             0        0        2        0       0
                config                             8007     8007        2        0       4
                idloc                              8000     8000        4        0       5
dist/default/production\galeoTester1.X.production.o
                cinit                                4C       4C       40        8       0
                intentry                              4        4       46        8       0
                maintext_split_2                     8C       8C      5C3        8       0
                maintext_split_1                    D86      D86      27A     1B0C       0
                config                             8007     8007        2        0       4
                idloc                              8000     8000        4        0       5
                text115                            1C25     1C25       1B     384A       0
                text114                            197C     197C        4     32F8       0
                text113                            1966     1966        1     32CC       0
                text112                            1980     1980        4     3300       0
                text111                             7BF      7BF       41        8       0
                text110                            1D9A     1D9A       25     3B34       0
                text109                            196A     196A        3     32D4       0
                text108                            196D     196D        3     32DA       0
                text107                            1ADD     1ADD       10     35BA       0
                text106                            1E5D     1E5D       2A     3CBA       0
                text105                            1A68     1A68        D     34D0       0
                text104                            1AFD     1AFD       11     35FA       0
                text103                            1B0E     1B0E       11     361C       0
                text102                            1B1F     1B1F       11     363E       0
                text101                            1B30     1B30       11     3660       0
                text100                            1BAA     1BAA       18     3754       0
                text99                             1968     1968        2     32D0       0
                text98                                2        2        2        0       0
                text97                             1970     1970        3     32E0       0
                text96                             1984     1984        4     3308       0
                text95                             1973     1973        3     32E6       0
                text94                             1988     1988        4     3310       0
                text93                             1994     1994        5     3328       0
                text92                             19C6     19C6        6     338C       0
                text91                             1976     1976        3     32EC       0
                text90                             1F3C     1F3C       2F     3E78       0
                text89                             1999     1999        5     3332       0
                text88                             19FC     19FC        9     33F8       0
                text87                             19EC     19EC        8     33D8       0
                text86                             11D1     11D1       57     23A2       0
                text85                             100D     100D       46     201A       0
                text84                             19DE     19DE        7     33BC       0
                text83                             199E     199E        5     333C       0
                text82                             19A3     19A3        5     3346       0
                text81                             19A8     19A8        5     3350       0
                text80                             19AD     19AD        5     335A       0
                text79                             19B2     19B2        5     3364       0
                text78                             19B7     19B7        5     336E       0
                text77                             19BC     19BC        5     3378       0
                text76                             19C1     19C1        5     3382       0
                text75                             1EB3     1EB3       2D     3D66       0
                text74                             1979     1979        3     32F2       0
                text73                             1EE0     1EE0       2E     3DC0       0
                text72                             198C     198C        4     3318       0
                text70                             1CEF     1CEF       21     39DE       0
                text69                             1A45     1A45        B     348A       0
                text68                             1A50     1A50        C     34A0       0
                text67                             19CC     19CC        6     3398       0
                text66                             19D2     19D2        6     33A4       0
                text65                             1AED     1AED       10     35DA       0
                text64                             1B68     1B68       15     36D0       0
                text63                             1BC2     1BC2       18     3784       0
                text62                             1BDA     1BDA       18     37B4       0
                text61                             13CB     13CB       8C     2796       0
                text60                             19F4     19F4        8     33E8       0
                text59                             1A05     1A05        9     340A       0
                text58                             1A0E     1A0E        9     341C       0
                text57                             1A17     1A17        9     342E       0
                text56                             1A20     1A20        9     3440       0
                text55                             1A29     1A29        9     3452       0
                text54                             109B     109B       49     2136       0
                text53                             1A3B     1A3B        A     3476       0
                text52                             1A5C     1A5C        C     34B8       0
                text51                             1C92     1C92       1F     3924       0
                text50                             1990     1990        4     3320       0
                text49                             1B41     1B41       13     3682       0
                text48                             1CB1     1CB1       1F     3962       0
                text47                             1A75     1A75        D     34EA       0
                text46                             1A32     1A32        9     3464       0
                text45                             1F6B     1F6B       2F     3ED6       0
                text44                             1BF2     1BF2       19     37E4       0
                text43                             1CD0     1CD0       1F     39A0       0
                text42                             112E     112E       51     225C       0
                text41                             1E87     1E87       2C     3D0E       0
                text40                             1053     1053       48     20A6       0
                text39                             1A82     1A82        D     3504       0
                text38                             1A8F     1A8F        D     351E       0
                text37                             1A9C     1A9C        D     3538       0
                text36                             15D9     15D9      105     2BB2       0
                text35                             14EC     14EC       ED     29D8       0
                text34                             1C76     1C76       1C     38EC       0
                text33                             1F0E     1F0E       2E     3E1C       0
                text32                             19E5     19E5        7     33CA       0
                text31                             117F     117F       52     22FE       0
                text30                             1E34     1E34       29     3C68       0
                text29                             1C0B     1C0B       1A     3816       0
                text28                             127F     127F       5C     24FE       0
                text27                              64F      64F      170        8       0
                text26                             16DE     16DE      122     2DBC       0
                text25                             1FC9     1FC9       37     3F92       0
                text24                             1B7D     1B7D       16     36FA       0
                text23                             1DE5     1DE5       27     3BCA       0
                text22                             1B93     1B93       17     3726       0
                text21                             1342     1342       89     2684       0
                text20                             1F9A     1F9A       2F     3F34       0
                text19                             1C40     1C40       1B     3880       0
                text18                             1C5B     1C5B       1B     38B6       0
                text17                             1457     1457       95     28AE       0
                text16                             12DB     12DB       67     25B6       0
                text15                             1AA9     1AA9        D     3552       0
                text14                             1AB6     1AB6        D     356C       0
                text13                             1AC3     1AC3        D     3586       0
                text12                             1AD0     1AD0        D     35A0       0
                text11                             10E4     10E4       4A     21C8       0
                text10                             1228     1228       57     2450       0
                text9                              1D31     1D31       23     3A62       0
                text8                              1D54     1D54       23     3AA8       0
                text7                              1D77     1D77       23     3AEE       0
                text6                               83E      83E      152     107C       0
                text5                               990      990      1B7     1320       0
                text4                              1DBF     1DBF       26     3B7E       0
                text3                              1D10     1D10       21     3A20       0
                text2                              1000     1000        D     1B0C       0
                text1                               806      806       38     100C       0
                maintext                            B47      B47      23F     168E       0
                cstackBANK0                          20       20       4A       20       1
                cstackCOMMON                         70       70        D       70       1
                cstackBANK1                          A0       A0       43       A0       1
                cstackBANK2                         14A      14A       21      120       1
                cstackBANK4                         254      254       10      220       1
                clrtext                            19D8     19D8        6     33B0       0
                inittext                            800      800        6        8       0
                dataBANK4                           240      240       14      220       1
                bssBANK4                            220      220       20      220       1
                dataBANK3                           1A0      1A0       28      1A0       1
                bssBANK3                            1C8      1C8       25      1A0       1
                dataBANK2                           16B      16B        1      120       1
                bssBANK2                            120      120       2A      120       1
                bssBANK1                             E3       E3        1       A0       1
                bssBANK0                             6A       6A        3       20       1
                bssCOMMON                            7D       7D        1       70       1
                stringtext102                      25A7     25A7        3     4000       0
                stringtext101                      259F     259F        8     4000       0
                stringtext100                      2597     2597        8     4000       0
                stringtext99                       258F     258F        8     4000       0
                stringtext98                       2587     2587        8     4000       0
                stringtext97                       257F     257F        8     4000       0
                stringtext96                       2577     2577        8     4000       0
                stringtext95                       256F     256F        8     4000       0
                stringtext94                       2567     2567        8     4000       0
                stringtext93                       255F     255F        8     4000       0
                stringtext92                       2557     2557        8     4000       0
                stringtext91                       254F     254F        8     4000       0
                stringtext90                       2547     2547        8     4000       0
                stringtext89                       253E     253E        9     4000       0
                stringtext88                       2535     2535        9     4000       0
                stringtext87                       252C     252C        9     4000       0
                stringtext86                       2523     2523        9     4000       0
                stringtext85                       251A     251A        9     4000       0
                stringtext84                       2511     2511        9     4000       0
                stringtext83                       2508     2508        9     4000       0
                stringtext82                       24FF     24FF        9     4000       0
                stringtext81                       24F6     24F6        9     4000       0
                stringtext80                       24EB     24EB        B     4000       0
                stringtext79                       24E0     24E0        B     4000       0
                stringtext78                       24D4     24D4        C     4000       0
                stringtext77                       24C8     24C8        C     4000       0
                stringtext76                       24BC     24BC        C     4000       0
                stringtext75                       24B0     24B0        C     4000       0
                stringtext74                       24A4     24A4        C     4000       0
                stringtext73                       2498     2498        C     4000       0
                stringtext72                       248C     248C        C     4000       0
                stringtext71                       2480     2480        C     4000       0
                stringtext70                       2474     2474        C     4000       0
                stringtext69                       2468     2468        C     4000       0
                stringtext68                       245C     245C        C     4000       0
                stringtext67                       2450     2450        C     4000       0
                stringtext66                       2444     2444        C     4000       0
                stringtext65                       2438     2438        C     4000       0
                stringtext64                       242C     242C        C     4000       0
                stringtext63                       2420     2420        C     4000       0
                stringtext62                       2414     2414        C     4000       0
                stringtext61                       2408     2408        C     4000       0
                stringtext60                       23FC     23FC        C     4000       0
                stringtext59                       23F0     23F0        C     4000       0
                stringtext58                       23E3     23E3        D     4000       0
                stringtext57                       23D6     23D6        D     4000       0
                stringtext56                       23C9     23C9        D     4000       0
                stringtext55                       23BC     23BC        D     4000       0
                stringtext54                       23AF     23AF        D     4000       0
                stringtext53                       23A2     23A2        D     4000       0
                stringtext52                       2395     2395        D     4000       0
                stringtext51                       2388     2388        D     4000       0
                stringtext50                       237B     237B        D     4000       0
                stringtext49                       236E     236E        D     4000       0
                stringtext48                       2361     2361        D     4000       0
                stringtext47                       2354     2354        D     4000       0
                stringtext46                       2347     2347        D     4000       0
                stringtext45                       233A     233A        D     4000       0
                stringtext44                       232D     232D        D     4000       0
                stringtext43                       2320     2320        D     4000       0
                stringtext42                       2312     2312        E     4000       0
                stringtext41                       2304     2304        E     4000       0
                stringtext40                       22F6     22F6        E     4000       0
                stringtext39                       22E7     22E7        F     4000       0
                stringtext38                       22D8     22D8        F     4000       0
                stringtext37                       22C9     22C9        F     4000       0
                stringtext36                       22BA     22BA        F     4000       0
                stringtext35                       22AB     22AB        F     4000       0
                stringtext34                       229C     229C        F     4000       0
                stringtext33                       228D     228D        F     4000       0
                stringtext32                       227D     227D       10     4000       0
                stringtext31                       226D     226D       10     4000       0
                stringtext30                       225C     225C       11     4000       0
                stringtext29                       224B     224B       11     4000       0
                stringtext28                       223A     223A       11     4000       0
                stringtext27                       2229     2229       11     4000       0
                stringtext26                       2217     2217       12     4000       0
                stringtext25                       2205     2205       12     4000       0
                stringtext24                       21F3     21F3       12     4000       0
                stringtext23                       21E1     21E1       12     4000       0
                stringtext22                       21CF     21CF       12     4000       0
                stringtext21                       21BD     21BD       12     4000       0
                stringtext20                       21AB     21AB       12     4000       0
                stringtext19                       2198     2198       13     4000       0
                stringtext18                       2185     2185       13     4000       0
                stringtext17                       2171     2171       14     4000       0
                stringtext16                       215D     215D       14     4000       0
                stringtext15                       2149     2149       14     4000       0
                stringtext14                       2134     2134       15     4000       0
                stringtext13                       211F     211F       15     4000       0
                stringtext12                       210A     210A       15     4000       0
                stringtext11                       20F5     20F5       15     4000       0
                stringtext10                       20DD     20DD       18     4000       0
                stringtext9                        20C4     20C4       19     4000       0
                stringtext8                        20AA     20AA       1A     4000       0
                stringtext7                        2090     2090       1A     4000       0
                stringtext6                        2076     2076       1A     4000       0
                stringtext5                        205A     205A       1C     4000       0
                stringtext4                        203E     203E       1C     4000       0
                stringtext3                        201F     201F       1F     4000       0
                stringtext2                        2000     2000       1F     4000       0
                stringtext1                        1800     1800       4A     3000       0
                idataBANK4                         1B54     1B54       14     36A8       0
                idataBANK3                         1E0C     1E0C       28     3C18       0
                idataBANK2                         1967     1967        1     32CE       0

TOTAL           Name                               Link     Load   Length     Space
        CLASS   STACK          

        CLASS   CODE           
                end_init                             4A       4A        2         0
                cinit                                4C       4C       40         0
                intentry                              4        4       46         0
                reset_vec                             0        0        2         0
                maintext_split_2                     8C       8C      5C3         0
                maintext_split_1                    D86      D86      27A         0
                text115                            1C25     1C25       1B         0
                text114                            197C     197C        4         0
                text113                            1966     1966        1         0
                text112                            1980     1980        4         0
                text111                             7BF      7BF       41         0
                text110                            1D9A     1D9A       25         0
                text109                            196A     196A        3         0
                text108                            196D     196D        3         0
                text107                            1ADD     1ADD       10         0
                text106                            1E5D     1E5D       2A         0
                text105                            1A68     1A68        D         0
                text104                            1AFD     1AFD       11         0
                text103                            1B0E     1B0E       11         0
                text102                            1B1F     1B1F       11         0
                text101                            1B30     1B30       11         0
                text100                            1BAA     1BAA       18         0
                text99                             1968     1968        2         0
                text98                                2        2        2         0
                text97                             1970     1970        3         0
                text96                             1984     1984        4         0
                text95                             1973     1973        3         0
                text94                             1988     1988        4         0
                text93                             1994     1994        5         0
                text92                             19C6     19C6        6         0
                text91                             1976     1976        3         0
                text90                             1F3C     1F3C       2F         0
                text89                             1999     1999        5         0
                text88                             19FC     19FC        9         0
                text87                             19EC     19EC        8         0
                text86                             11D1     11D1       57         0
                text85                             100D     100D       46         0
                text84                             19DE     19DE        7         0
                text83                             199E     199E        5         0
                text82                             19A3     19A3        5         0
                text81                             19A8     19A8        5         0
                text80                             19AD     19AD        5         0
                text79                             19B2     19B2        5         0
                text78                             19B7     19B7        5         0
                text77                             19BC     19BC        5         0
                text76                             19C1     19C1        5         0
                text75                             1EB3     1EB3       2D         0
                text74                             1979     1979        3         0
                text73                             1EE0     1EE0       2E         0
                text72                             198C     198C        4         0
                text70                             1CEF     1CEF       21         0
                text69                             1A45     1A45        B         0
                text68                             1A50     1A50        C         0
                text67                             19CC     19CC        6         0
                text66                             19D2     19D2        6         0
                text65                             1AED     1AED       10         0
                text64                             1B68     1B68       15         0
                text63                             1BC2     1BC2       18         0
                text62                             1BDA     1BDA       18         0
                text61                             13CB     13CB       8C         0
                text60                             19F4     19F4        8         0
                text59                             1A05     1A05        9         0
                text58                             1A0E     1A0E        9         0
                text57                             1A17     1A17        9         0
                text56                             1A20     1A20        9         0
                text55                             1A29     1A29        9         0
                text54                             109B     109B       49         0
                text53                             1A3B     1A3B        A         0
                text52                             1A5C     1A5C        C         0
                text51                             1C92     1C92       1F         0
                text50                             1990     1990        4         0
                text49                             1B41     1B41       13         0
                text48                             1CB1     1CB1       1F         0
                text47                             1A75     1A75        D         0
                text46                             1A32     1A32        9         0
                text45                             1F6B     1F6B       2F         0
                text44                             1BF2     1BF2       19         0
                text43                             1CD0     1CD0       1F         0
                text42                             112E     112E       51         0
                text41                             1E87     1E87       2C         0
                text40                             1053     1053       48         0
                text39                             1A82     1A82        D         0
                text38                             1A8F     1A8F        D         0
                text37                             1A9C     1A9C        D         0
                text36                             15D9     15D9      105         0
                text35                             14EC     14EC       ED         0
                text34                             1C76     1C76       1C         0
                text33                             1F0E     1F0E       2E         0
                text32                             19E5     19E5        7         0
                text31                             117F     117F       52         0
                text30                             1E34     1E34       29         0
                text29                             1C0B     1C0B       1A         0
                text28                             127F     127F       5C         0
                text27                              64F      64F      170         0
                text26                             16DE     16DE      122         0
                text25                             1FC9     1FC9       37         0
                text24                             1B7D     1B7D       16         0
                text23                             1DE5     1DE5       27         0
                text22                             1B93     1B93       17         0
                text21                             1342     1342       89         0
                text20                             1F9A     1F9A       2F         0
                text19                             1C40     1C40       1B         0
                text18                             1C5B     1C5B       1B         0
                text17                             1457     1457       95         0
                text16                             12DB     12DB       67         0
                text15                             1AA9     1AA9        D         0
                text14                             1AB6     1AB6        D         0
                text13                             1AC3     1AC3        D         0
                text12                             1AD0     1AD0        D         0
                text11                             10E4     10E4       4A         0
                text10                             1228     1228       57         0
                text9                              1D31     1D31       23         0
                text8                              1D54     1D54       23         0
                text7                              1D77     1D77       23         0
                text6                               83E      83E      152         0
                text5                               990      990      1B7         0
                text4                              1DBF     1DBF       26         0
                text3                              1D10     1D10       21         0
                text2                              1000     1000        D         0
                text1                               806      806       38         0
                maintext                            B47      B47      23F         0
                clrtext                            19D8     19D8        6         0
                inittext                            800      800        6         0
                idataBANK4                         1B54     1B54       14         0
                idataBANK3                         1E0C     1E0C       28         0
                idataBANK2                         1967     1967        1         0

        CLASS   STRCODE        
                stringtext102                      25A7     25A7        3         0
                stringtext101                      259F     259F        8         0
                stringtext100                      2597     2597        8         0
                stringtext99                       258F     258F        8         0
                stringtext98                       2587     2587        8         0
                stringtext97                       257F     257F        8         0
                stringtext96                       2577     2577        8         0
                stringtext95                       256F     256F        8         0
                stringtext94                       2567     2567        8         0
                stringtext93                       255F     255F        8         0
                stringtext92                       2557     2557        8         0
                stringtext91                       254F     254F        8         0
                stringtext90                       2547     2547        8         0
                stringtext89                       253E     253E        9         0
                stringtext88                       2535     2535        9         0
                stringtext87                       252C     252C        9         0
                stringtext86                       2523     2523        9         0
                stringtext85                       251A     251A        9         0
                stringtext84                       2511     2511        9         0
                stringtext83                       2508     2508        9         0
                stringtext82                       24FF     24FF        9         0
                stringtext81                       24F6     24F6        9         0
                stringtext80                       24EB     24EB        B         0
                stringtext79                       24E0     24E0        B         0
                stringtext78                       24D4     24D4        C         0
                stringtext77                       24C8     24C8        C         0
                stringtext76                       24BC     24BC        C         0
                stringtext75                       24B0     24B0        C         0
                stringtext74                       24A4     24A4        C         0
                stringtext73                       2498     2498        C         0
                stringtext72                       248C     248C        C         0
                stringtext71                       2480     2480        C         0
                stringtext70                       2474     2474        C         0
                stringtext69                       2468     2468        C         0
                stringtext68                       245C     245C        C         0
                stringtext67                       2450     2450        C         0
                stringtext66                       2444     2444        C         0
                stringtext65                       2438     2438        C         0
                stringtext64                       242C     242C        C         0
                stringtext63                       2420     2420        C         0
                stringtext62                       2414     2414        C         0
                stringtext61                       2408     2408        C         0
                stringtext60                       23FC     23FC        C         0
                stringtext59                       23F0     23F0        C         0
                stringtext58                       23E3     23E3        D         0
                stringtext57                       23D6     23D6        D         0
                stringtext56                       23C9     23C9        D         0
                stringtext55                       23BC     23BC        D         0
                stringtext54                       23AF     23AF        D         0
                stringtext53                       23A2     23A2        D         0
                stringtext52                       2395     2395        D         0
                stringtext51                       2388     2388        D         0
                stringtext50                       237B     237B        D         0
                stringtext49                       236E     236E        D         0
                stringtext48                       2361     2361        D         0
                stringtext47                       2354     2354        D         0
                stringtext46                       2347     2347        D         0
                stringtext45                       233A     233A        D         0
                stringtext44                       232D     232D        D         0
                stringtext43                       2320     2320        D         0
                stringtext42                       2312     2312        E         0
                stringtext41                       2304     2304        E         0
                stringtext40                       22F6     22F6        E         0
                stringtext39                       22E7     22E7        F         0
                stringtext38                       22D8     22D8        F         0
                stringtext37                       22C9     22C9        F         0
                stringtext36                       22BA     22BA        F         0
                stringtext35                       22AB     22AB        F         0
                stringtext34                       229C     229C        F         0
                stringtext33                       228D     228D        F         0
                stringtext32                       227D     227D       10         0
                stringtext31                       226D     226D       10         0
                stringtext30                       225C     225C       11         0
                stringtext29                       224B     224B       11         0
                stringtext28                       223A     223A       11         0
                stringtext27                       2229     2229       11         0
                stringtext26                       2217     2217       12         0
                stringtext25                       2205     2205       12         0
                stringtext24                       21F3     21F3       12         0
                stringtext23                       21E1     21E1       12         0
                stringtext22                       21CF     21CF       12         0
                stringtext21                       21BD     21BD       12         0
                stringtext20                       21AB     21AB       12         0
                stringtext19                       2198     2198       13         0
                stringtext18                       2185     2185       13         0
                stringtext17                       2171     2171       14         0
                stringtext16                       215D     215D       14         0
                stringtext15                       2149     2149       14         0
                stringtext14                       2134     2134       15         0
                stringtext13                       211F     211F       15         0
                stringtext12                       210A     210A       15         0
                stringtext11                       20F5     20F5       15         0
                stringtext10                       20DD     20DD       18         0
                stringtext9                        20C4     20C4       19         0
                stringtext8                        20AA     20AA       1A         0
                stringtext7                        2090     2090       1A         0
                stringtext6                        2076     2076       1A         0
                stringtext5                        205A     205A       1C         0
                stringtext4                        203E     203E       1C         0
                stringtext3                        201F     201F       1F         0
                stringtext2                        2000     2000       1F         0
                stringtext1                        1800     1800       4A         0

        CLASS   STRING         

        CLASS   CONST          

        CLASS   ENTRY          

        CLASS   COMMON         
                cstackCOMMON                         70       70        D         1
                bssCOMMON                            7D       7D        1         1

        CLASS   BANK0          
                cstackBANK0                          20       20       4A         1
                bssBANK0                             6A       6A        3         1

        CLASS   BANK1          
                cstackBANK1                          A0       A0       43         1
                bssBANK1                             E3       E3        1         1

        CLASS   BANK2          
                cstackBANK2                         14A      14A       21         1
                dataBANK2                           16B      16B        1         1
                bssBANK2                            120      120       2A         1

        CLASS   BANK3          
                dataBANK3                           1A0      1A0       28         1
                bssBANK3                            1C8      1C8       25         1

        CLASS   BANK4          
                cstackBANK4                         254      254       10         1
                dataBANK4                           240      240       14         1
                bssBANK4                            220      220       20         1

        CLASS   BANK5          

        CLASS   BANK6          

        CLASS   BANK7          

        CLASS   BANK8          

        CLASS   BANK9          

        CLASS   BANK10         

        CLASS   BANK11         

        CLASS   BANK12         

        CLASS   BIGRAM         

        CLASS   RAM            

        CLASS   ABS1           
                abs_s1                               7E       7E        2         1

        CLASS   SFR0           

        CLASS   SFR1           

        CLASS   SFR2           

        CLASS   SFR3           

        CLASS   SFR4           

        CLASS   SFR5           

        CLASS   SFR6           

        CLASS   SFR7           

        CLASS   SFR8           

        CLASS   SFR9           

        CLASS   SFR10          

        CLASS   SFR11          

        CLASS   SFR12          

        CLASS   SFR13          

        CLASS   SFR14          

        CLASS   SFR15          

        CLASS   SFR16          

        CLASS   SFR17          

        CLASS   SFR18          

        CLASS   SFR19          

        CLASS   SFR20          

        CLASS   SFR21          

        CLASS   SFR22          

        CLASS   SFR23          

        CLASS   SFR24          

        CLASS   SFR25          

        CLASS   SFR26          

        CLASS   SFR27          

        CLASS   SFR28          

        CLASS   SFR29          

        CLASS   SFR30          

        CLASS   SFR31          

        CLASS   CONFIG         
                config                             8007     8007        2         4

        CLASS   IDLOC          
                idloc                              8000     8000        4         5

        CLASS   EEDATA         

        CLASS   BANK31         

        CLASS   BANK30         

        CLASS   BANK29         

        CLASS   BANK28         

        CLASS   BANK27         

        CLASS   BANK26         

        CLASS   BANK25         

        CLASS   BANK24         

        CLASS   BANK23         

        CLASS   BANK22         

        CLASS   BANK21         

        CLASS   BANK20         

        CLASS   BANK19         

        CLASS   BANK18         

        CLASS   BANK17         

        CLASS   BANK16         

        CLASS   BANK15         

        CLASS   BANK14         

        CLASS   BANK13         



SEGMENTS        Name                           Load    Length   Top    Selector   Space  Class     Delta

                reset_vec                      000000  000004  000004         0       0  CODE        2
                intentry                       000004  000802  000806         8       0  CODE        2
                cstackBANK0                    000020  00004D  00006D        20       1  BANK0       1
                cstackCOMMON                   000070  00000E  00007E        70       1  COMMON      1
                cstackBANK1                    0000A0  000044  0000E4        A0       1  BANK1       1
                bssBANK2                       000120  00004C  00016C       120       1  BANK2       1
                dataBANK3                      0001A0  00004D  0001ED       1A0       1  BANK3       1
                bssBANK4                       000220  000044  000264       220       1  BANK4       1
                text1                          000806  000038  00083E      100C       0  CODE        2
                text6                          00083E  000152  000990      107C       0  CODE        2
                text5                          000990  0001B7  000B47      1320       0  CODE        2
                maintext                       000B47  00023F  000D86      168E       0  CODE        2
                maintext_split_1               000D86  000287  00100D      1B0C       0  CODE        2
                text85                         00100D  000046  001053      201A       0  CODE        2
                text40                         001053  000048  00109B      20A6       0  CODE        2
                text54                         00109B  000049  0010E4      2136       0  CODE        2
                text11                         0010E4  00004A  00112E      21C8       0  CODE        2
                text42                         00112E  000051  00117F      225C       0  CODE        2
                text31                         00117F  000052  0011D1      22FE       0  CODE        2
                text86                         0011D1  000057  001228      23A2       0  CODE        2
                text10                         001228  000057  00127F      2450       0  CODE        2
                text28                         00127F  00005C  0012DB      24FE       0  CODE        2
                text16                         0012DB  000067  001342      25B6       0  CODE        2
                text21                         001342  000089  0013CB      2684       0  CODE        2
                text61                         0013CB  00008C  001457      2796       0  CODE        2
                text17                         001457  000095  0014EC      28AE       0  CODE        2
                text35                         0014EC  0000ED  0015D9      29D8       0  CODE        2
                text36                         0015D9  000105  0016DE      2BB2       0  CODE        2
                text26                         0016DE  000122  001800      2DBC       0  CODE        2
                stringtext1                    001800  00004A  00184A      3000       0  STRCODE     2
                text113                        001966  000001  001967      32CC       0  CODE        2
                idataBANK2                     001967  000001  001968      32CE       0  CODE        2
                text99                         001968  000002  00196A      32D0       0  CODE        2
                text109                        00196A  000003  00196D      32D4       0  CODE        2
                text108                        00196D  000003  001970      32DA       0  CODE        2
                text97                         001970  000003  001973      32E0       0  CODE        2
                text95                         001973  000003  001976      32E6       0  CODE        2
                text91                         001976  000003  001979      32EC       0  CODE        2
                text74                         001979  000003  00197C      32F2       0  CODE        2
                text114                        00197C  000004  001980      32F8       0  CODE        2
                text112                        001980  000004  001984      3300       0  CODE        2
                text96                         001984  000004  001988      3308       0  CODE        2
                text94                         001988  000004  00198C      3310       0  CODE        2
                text72                         00198C  000004  001990      3318       0  CODE        2
                text50                         001990  000004  001994      3320       0  CODE        2
                text93                         001994  000005  001999      3328       0  CODE        2
                text89                         001999  000005  00199E      3332       0  CODE        2
                text83                         00199E  000005  0019A3      333C       0  CODE        2
                text82                         0019A3  000005  0019A8      3346       0  CODE        2
                text81                         0019A8  000005  0019AD      3350       0  CODE        2
                text80                         0019AD  000005  0019B2      335A       0  CODE        2
                text79                         0019B2  000005  0019B7      3364       0  CODE        2
                text78                         0019B7  000005  0019BC      336E       0  CODE        2
                text77                         0019BC  000005  0019C1      3378       0  CODE        2
                text76                         0019C1  000005  0019C6      3382       0  CODE        2
                text92                         0019C6  000006  0019CC      338C       0  CODE        2
                text67                         0019CC  000006  0019D2      3398       0  CODE        2
                text66                         0019D2  000006  0019D8      33A4       0  CODE        2
                clrtext                        0019D8  000006  0019DE      33B0       0  CODE        2
                text84                         0019DE  000007  0019E5      33BC       0  CODE        2
                text32                         0019E5  000007  0019EC      33CA       0  CODE        2
                text87                         0019EC  000008  0019F4      33D8       0  CODE        2
                text60                         0019F4  000008  0019FC      33E8       0  CODE        2
                text88                         0019FC  000009  001A05      33F8       0  CODE        2
                text59                         001A05  000009  001A0E      340A       0  CODE        2
                text58                         001A0E  000009  001A17      341C       0  CODE        2
                text57                         001A17  000009  001A20      342E       0  CODE        2
                text56                         001A20  000009  001A29      3440       0  CODE        2
                text55                         001A29  000009  001A32      3452       0  CODE        2
                text46                         001A32  000009  001A3B      3464       0  CODE        2
                text53                         001A3B  00000A  001A45      3476       0  CODE        2
                text69                         001A45  00000B  001A50      348A       0  CODE        2
                text68                         001A50  00000C  001A5C      34A0       0  CODE        2
                text52                         001A5C  00000C  001A68      34B8       0  CODE        2
                text105                        001A68  00000D  001A75      34D0       0  CODE        2
                text47                         001A75  00000D  001A82      34EA       0  CODE        2
                text39                         001A82  00000D  001A8F      3504       0  CODE        2
                text38                         001A8F  00000D  001A9C      351E       0  CODE        2
                text37                         001A9C  00000D  001AA9      3538       0  CODE        2
                text15                         001AA9  00000D  001AB6      3552       0  CODE        2
                text14                         001AB6  00000D  001AC3      356C       0  CODE        2
                text13                         001AC3  00000D  001AD0      3586       0  CODE        2
                text12                         001AD0  00000D  001ADD      35A0       0  CODE        2
                text107                        001ADD  000010  001AED      35BA       0  CODE        2
                text65                         001AED  000010  001AFD      35DA       0  CODE        2
                text104                        001AFD  000011  001B0E      35FA       0  CODE        2
                text103                        001B0E  000011  001B1F      361C       0  CODE        2
                text102                        001B1F  000011  001B30      363E       0  CODE        2
                text101                        001B30  000011  001B41      3660       0  CODE        2
                text49                         001B41  000013  001B54      3682       0  CODE        2
                idataBANK4                     001B54  000014  001B68      36A8       0  CODE        2
                text64                         001B68  000015  001B7D      36D0       0  CODE        2
                text24                         001B7D  000016  001B93      36FA       0  CODE        2
                text22                         001B93  000017  001BAA      3726       0  CODE        2
                text100                        001BAA  000018  001BC2      3754       0  CODE        2
                text63                         001BC2  000018  001BDA      3784       0  CODE        2
                text62                         001BDA  000018  001BF2      37B4       0  CODE        2
                text44                         001BF2  000019  001C0B      37E4       0  CODE        2
                text29                         001C0B  00001A  001C25      3816       0  CODE        2
                text115                        001C25  00001B  001C40      384A       0  CODE        2
                text19                         001C40  00001B  001C5B      3880       0  CODE        2
                text18                         001C5B  00001B  001C76      38B6       0  CODE        2
                text34                         001C76  00001C  001C92      38EC       0  CODE        2
                text51                         001C92  00001F  001CB1      3924       0  CODE        2
                text48                         001CB1  00001F  001CD0      3962       0  CODE        2
                text43                         001CD0  00001F  001CEF      39A0       0  CODE        2
                text70                         001CEF  000021  001D10      39DE       0  CODE        2
                text3                          001D10  000021  001D31      3A20       0  CODE        2
                text9                          001D31  000023  001D54      3A62       0  CODE        2
                text8                          001D54  000023  001D77      3AA8       0  CODE        2
                text7                          001D77  000023  001D9A      3AEE       0  CODE        2
                text110                        001D9A  000025  001DBF      3B34       0  CODE        2
                text4                          001DBF  000026  001DE5      3B7E       0  CODE        2
                text23                         001DE5  000027  001E0C      3BCA       0  CODE        2
                idataBANK3                     001E0C  000028  001E34      3C18       0  CODE        2
                text30                         001E34  000029  001E5D      3C68       0  CODE        2
                text106                        001E5D  00002A  001E87      3CBA       0  CODE        2
                text41                         001E87  00002C  001EB3      3D0E       0  CODE        2
                text75                         001EB3  00002D  001EE0      3D66       0  CODE        2
                text73                         001EE0  00002E  001F0E      3DC0       0  CODE        2
                text33                         001F0E  00002E  001F3C      3E1C       0  CODE        2
                text90                         001F3C  00002F  001F6B      3E78       0  CODE        2
                text45                         001F6B  00002F  001F9A      3ED6       0  CODE        2
                text20                         001F9A  00002F  001FC9      3F34       0  CODE        2
                text25                         001FC9  000037  002000      3F92       0  CODE        2
                stringtext2                    002000  0005AA  0025AA      4000       0  STRCODE     2


UNUSED ADDRESS RANGES

        Name                Unused          Largest block    Delta
        BANK0            00006D-00006F                3           1
        BANK1            0000E4-0000EF                C           1
        BANK10           000520-00056F               50           1
        BANK11           0005A0-0005EF               50           1
        BANK12           000620-00064F               30           1
        BANK2            00016C-00016F                4           1
        BANK3            0001ED-0001EF                3           1
        BANK4            000264-00026F                C           1
        BANK5            0002A0-0002EF               50           1
        BANK6            000320-00036F               50           1
        BANK7            0003A0-0003EF               50           1
        BANK8            000420-00046F               50           1
        BANK9            0004A0-0004EF               50           1
        BIGRAM           002000-0023EF              3F0           1
        CODE             00184A-001965              11C           2
                         0025AA-003FFF              800
        CONST            00184A-001965               B6           2
                         0025AA-003FFF              100
        EEDATA           00F000-00F0FF              100           2
        ENTRY            00184A-001965               B6           2
                         0025AA-003FFF              100
        RAM              00006D-00006F                3           1
                         0000E4-0000EF                C
                         00016C-00016F                4
                         0001ED-0001EF                3
                         000264-00026F                C
                         0002A0-0002EF               50
                         000320-00036F               50
                         0003A0-0003EF               50
                         000420-00046F               50
                         0004A0-0004EF               50
                         000520-00056F               50
                         0005A0-0005EF               50
                         000620-00064F               30
        SFR0             000000-00001F               20           1
        SFR1             000080-00009F               20           1
        SFR10            000500-00051F               20           1
        SFR11            000580-00059F               20           1
        SFR12            000600-00061F               20           1
        SFR13            000680-0006EF               70           1
        SFR14            000700-00076F               70           1
        SFR15            000780-0007EF               70           1
        SFR16            000800-00086F               70           1
        SFR17            000880-0008EF               70           1
        SFR18            000900-00096F               70           1
        SFR19            000980-0009EF               70           1
        SFR2             000100-00011F               20           1
        SFR20            000A00-000A6F               70           1
        SFR21            000A80-000AEF               70           1
        SFR22            000B00-000B6F               70           1
        SFR23            000B80-000BEF               70           1
        SFR24            000C00-000C6F               70           1
        SFR25            000C80-000CEF               70           1
        SFR26            000D00-000D6F               70           1
        SFR27            000D80-000DEF               70           1
        SFR28            000E00-000E6F               70           1
        SFR29            000E80-000EEF               70           1
        SFR3             000180-00019F               20           1
        SFR30            000F00-000F6F               70           1
        SFR31            000F80-000FEF               70           1
        SFR4             000200-00021F               20           1
        SFR5             000280-00029F               20           1
        SFR6             000300-00031F               20           1
        SFR7             000380-00039F               20           1
        SFR8             000400-00041F               20           1
        SFR9             000480-00049F               20           1
        STACK            002184-0023EF              26C           1
        STRCODE          00184A-001965              11C           2
                         0025AA-003FFF             1A56
        STRING           00184A-001965               B6           2
                         0025AA-003FFF              100

                                  Symbol Table

?_ADC_GetConversion                            cstackBANK0      000023
?___aodiv                                      cstackBANK0      000023
?___aomod                                      cstackBANK0      000023
?_abs                                          cstackBANK0      000036
?_dtoa                                         cstackBANK0      00003F
?_pad                                          cstackBANK0      000036
?_printf                                       cstackBANK1      0000AD
?_sprintf                                      cstackBANK1      0000AD
?_strcat                                       cstackBANK0      000033
?_strlen                                       cstackBANK0      000023
?_vfpfcnvrt                                    cstackBANK0      00005D
?_vfprintf                                     cstackBANK0      000064
ADC_GetConversion@channel                      cstackBANK0      000026
EUSART_Read@readValue                          cstackBANK0      000024
EUSART_SetErrorHandler@interruptHandler        cstackBANK0      000023
EUSART_SetFramingErrorHandler@interruptHandler cstackBANK0      000023
EUSART_SetOverrunErrorHandler@interruptHandler cstackBANK0      000023
EUSART_SetRxInterruptHandler@interruptHandler  cstackBANK0      000023
EUSART_SetTxInterruptHandler@interruptHandler  cstackBANK0      000023
EUSART_Write@txData                            cstackBANK0      000024
I2C_CallbackReturnReset@funPtr                 cstackCOMMON     000079
I2C_MasterSendTxData@data                      cstackCOMMON     000070
I2C_Master_Write@data                          cstackBANK0      000023
I2C_SetBuffer@buffer                           cstackCOMMON     000073
I2C_SetBuffer@bufferSize                       cstackCOMMON     000070
I2C_SetCallback@cb                             cstackCOMMON     000070
I2C_SetCallback@idx                            cstackCOMMON     000074
I2C_SetCallback@ptr                            cstackCOMMON     000072
I2C_SetDataCompleteCallback@cb                 cstackCOMMON     000075
I2C_SetDataCompleteCallback@ptr                cstackCOMMON     000077
IO_Expander_Write@Data                         cstackBANK0      000024
LCD_CMD@CMD                                    cstackBANK0      000028
LCD_Init@I2C_Add                               cstackBANK0      00002B
LCD_Set_Cursor@COL                             cstackBANK0      000029
LCD_Set_Cursor@ROW                             cstackBANK0      00002C
LCD_Write_4Bit@Nibble                          cstackBANK0      000026
LCD_Write_Char@Data                            cstackBANK0      000028
LCD_Write_String@Str                           cstackBANK0      000029
LCD_Write_String@i                             cstackBANK0      00002C
_ACKDT                                         (abs)            0010B5
_ACKEN                                         (abs)            0010B4
_ACKSTAT                                       (abs)            0010B6
_ADCON0                                        (abs)            00009D
_ADCON0bits                                    (abs)            00009D
_ADCON1                                        (abs)            00009E
_ADC_GetConversion                             text70           001CEF
_ADC_Initialize                                text60           0019F4
_ADRESH                                        (abs)            00009C
_ADRESL                                        (abs)            00009B
_ANSELA                                        (abs)            00018C
_ANSELB                                        (abs)            00018D
_ANSELD                                        (abs)            00018F
_ANSELE                                        (abs)            000190
_APFCON                                        (abs)            00011D
_BAUDCON                                       (abs)            00019F
_BORCON                                        (abs)            000116
_BackLight_State                               dataBANK2        00016B
_EEADRH                                        (abs)            000192
_EEADRL                                        (abs)            000191
_EECON1bits                                    (abs)            000195
_EECON2                                        (abs)            000196
_EEDATH                                        (abs)            000194
_EEDATL                                        (abs)            000193
_EUSART_DefaultErrorHandler                    text114          00197C
_EUSART_DefaultFramingErrorHandler             text113          001966
_EUSART_DefaultOverrunErrorHandler             text112          001980
_EUSART_ErrorHandler                           bssBANK2         000138
_EUSART_FramingErrorHandler                    bssBANK2         00013C
_EUSART_Initialize                             text54           00109B
_EUSART_OverrunErrorHandler                    bssBANK2         00013A
_EUSART_Read                                   text20           001F9A
_EUSART_Receive_ISR                            text111          0007BF
_EUSART_RxDataHandler                          text115          001C25
_EUSART_RxDefaultInterruptHandler              bssBANK2         00013E
_EUSART_SetErrorHandler                        text59           001A05
_EUSART_SetFramingErrorHandler                 text58           001A0E
_EUSART_SetOverrunErrorHandler                 text57           001A17
_EUSART_SetRxInterruptHandler                  text56           001A20
_EUSART_SetTxInterruptHandler                  text55           001A29
_EUSART_Transmit_ISR                           text110          001D9A
_EUSART_TxDefaultInterruptHandler              bssBANK2         000140
_EUSART_Write                                  text33           001F0E
_I2C_CallbackReturnReset                       text98           000002
_I2C_CallbackReturnStop                        text99           001968
_I2C_DO_ADDRESS_NACK                           text75           001EB3
_I2C_DO_IDLE                                   text89           001999
_I2C_DO_RCEN                                   text84           0019DE
_I2C_DO_RESET                                  text76           0019C1
_I2C_DO_RX                                     text85           00100D
_I2C_DO_RX_ACK                                 text79           0019B2
_I2C_DO_RX_NACK_RESTART                        text77           0019BC
_I2C_DO_RX_NACK_STOP                           text78           0019B7
_I2C_DO_SEND_ADR_READ                          text88           0019FC
_I2C_DO_SEND_ADR_WRITE                         text87           0019EC
_I2C_DO_SEND_RESTART                           text81           0019A8
_I2C_DO_SEND_RESTART_READ                      text83           00199E
_I2C_DO_SEND_RESTART_WRITE                     text82           0019A3
_I2C_DO_SEND_STOP                              text80           0019AD
_I2C_DO_TX                                     text86           0011D1
_I2C_DO_TX_EMPTY                               text90           001F3C
_I2C_Initialize                                text53           001A3B
_I2C_MasterClearIrq                            text74           001979
_I2C_MasterEnableRestart                       text109          00196A
_I2C_MasterFsm                                 text73           001EE0
_I2C_MasterGetRxData                           text95           001973
_I2C_MasterIsNack                              text92           0019C6
_I2C_MasterIsr                                 text72           00198C
_I2C_MasterSendAck                             text94           001988
_I2C_MasterSendNack                            text96           001984
_I2C_MasterSendTxData                          text93           001994
_I2C_MasterSetIrq                              text91           001976
_I2C_MasterStartRx                             text97           001970
_I2C_MasterStop                                text108          00196D
_I2C_Master_Init                               text69           001A45
_I2C_Master_Start                              text67           0019CC
_I2C_Master_Stop                               text66           0019D2
_I2C_Master_Wait                               text68           001A50
_I2C_Master_Write                              text65           001AED
_I2C_SetBuffer                                 text107          001ADD
_I2C_SetCallback                               text106          001E5D
_I2C_SetDataCompleteCallback                   text105          001A68
_I2C_Status                                    bssBANK3         0001C8
_INTCONbits                                    (abs)            00000B
_INTERRUPT_InterruptManager                    intentry         000004
_IO_Expander_Write                             text64           001B68
_LATA                                          (abs)            00010C
_LATAbits                                      (abs)            00010C
_LATB                                          (abs)            00010D
_LATBbits                                      (abs)            00010D
_LATC                                          (abs)            00010E
_LATD                                          (abs)            00010F
_LATE                                          (abs)            000110
_LATEbits                                      (abs)            000110
_LCD_CMD                                       text62           001BDA
_LCD_Clear                                     text46           001A32
_LCD_Init                                      text61           0013CB
_LCD_Set_Cursor                                text45           001F6B
_LCD_Write_4Bit                                text63           001BC2
_LCD_Write_Char                                text44           001BF2
_LCD_Write_String                              text43           001CD0
_MSSP_InterruptHandler                         bssBANK2         000144
_OPTION_REGbits                                (abs)            000095
_OSCCON                                        (abs)            000099
_OSCILLATOR_Initialize                         text52           001A5C
_OSCTUNE                                       (abs)            000098
_PEN                                           (abs)            0010B2
_PIE1bits                                      (abs)            000091
_PIE2bits                                      (abs)            000092
_PIN_MANAGER_Initialize                        text51           001C92
_PIR1bits                                      (abs)            000011
_PIR2bits                                      (abs)            000012
_PLLR                                          (abs)            0004D6
_PORTCbits                                     (abs)            00000E
_PORTDbits                                     (abs)            00000F
_RCEN                                          (abs)            0010B3
_RCREG                                         (abs)            000199
_RCSTA                                         (abs)            00019D
_RCSTAbits                                     (abs)            00019D
_RS                                            bssBANK2         000147
_RSEN                                          (abs)            0010B1
_SEN                                           (abs)            0010B0
_SPBRGH                                        (abs)            00019C
_SPBRGL                                        (abs)            00019B
_SSPADD                                        (abs)            000212
_SSPBUF                                        (abs)            000211
_SSPCON                                        (abs)            000215
_SSPCON1                                       (abs)            000215
_SSPCON1bits                                   (abs)            000215
_SSPCON2                                       (abs)            000216
_SSPCON2bits                                   (abs)            000216
_SSPIF                                         (abs)            00008B
_SSPSTAT                                       (abs)            000214
_SSPSTATbits                                   (abs)            000214
_SYSTEM_Initialize                             text49           001B41
_TRISA                                         (abs)            00008C
_TRISB                                         (abs)            00008D
_TRISC                                         (abs)            00008E
_TRISC3                                        (abs)            000473
_TRISC4                                        (abs)            000474
_TRISD                                         (abs)            00008F
_TRISE                                         (abs)            000090
_TXREG                                         (abs)            00019A
_TXSTA                                         (abs)            00019E
_TXSTAbits                                     (abs)            00019E
_WDTCON                                        (abs)            000097
_WDT_Initialize                                text50           001990
_WPUB                                          (abs)            00020D
_WPUE                                          (abs)            000210
__Habs1                                        abs1             000000
__Hbank0                                       bank0            000000
__Hbank1                                       bank1            000000
__Hbank10                                      bank10           000000
__Hbank11                                      bank11           000000
__Hbank12                                      bank12           000000
__Hbank13                                      bank13           000000
__Hbank14                                      bank14           000000
__Hbank15                                      bank15           000000
[...]
_sprintf                                       text1            000806
_startAlert                                    text4            001DBF
_strcat                                        text22           001B93
_strcpy                                        text23           001DE5
_strlen                                        text29           001C0B
_testNOK                                       text19           001C40
_testOK                                        text18           001C5B
_testR1                                        text9            001D31
_testR2                                        text8            001D54
_testR3                                        text7            001D77
_vfpfcnvrt                                     text26           0016DE
_vfprintf                                      text25           001FC9
_width                                         bssBANK2         000132
_wr1RegCompleteHandler                         text101          001B30
_wr2RegCompleteHandler                         text104          001AFD
abs@a                                          cstackBANK0      000036
activerBuzzer@i                                cstackBANK0      000024
alerteDefaut@F3753                             dataBANK3        0001A0
alerteDefaut@F3755                             dataBANK3        0001BE
alerteDefaut@eol                               cstackBANK1      0000B7
alerteDefaut@error                             cstackBANK1      0000C1
alerteDefaut@etape                             cstackBANK1      0000B0
alerteDefaut@testAct                           cstackBANK1      0000B2
alerteDefaut@testVoy                           cstackBANK1      0000B4
alerteDefautEtape16@F3808                      dataBANK4        000240
alerteDefautEtape16@F3810                      dataBANK3        0001B4
alerteDefautEtape16@autom                      cstackBANK1      0000DB
alerteDefautEtape16@eol                        cstackBANK2      00014A
alerteDefautEtape16@error                      cstackBANK2      000154
alerteDefautEtape16@etape                      cstackBANK1      0000D7
alerteDefautEtape16@prog                       cstackBANK1      0000DC
alerteDefautEtape16@reponse                    cstackBANK2      00016A
alerteDefautEtape16@testAct                    cstackBANK1      0000D9
alerteDefautEtape16@testVoy                    cstackBANK1      0000DA
alimenter@active                               cstackBANK0      000023
attenteAquittement@autom                       cstackBANK1      0000B0
attenteAquittement@reception                   cstackBANK1      0000B6
attenteAquittement@repOperateur                cstackBANK1      0000B7
attenteAquittement@testAct                     cstackBANK1      0000B2
attenteDemarrage3@autom                        cstackBANK1      0000B6
attenteDemarrage3@prog                         cstackBANK1      0000B1
attenteDemarrage3@reception                    cstackBANK1      0000B4
attenteDemarrage3@repOperateur                 cstackBANK1      0000B5
attenteDemarrage3@testAct                      cstackBANK1      0000B0
btemp                                          (abs)            00007E
clear_ram0                                     clrtext          0019D8
displayManager@s1                              cstackBANK0      00002E
displayManager@s2                              cstackBANK0      000030
displayManager@s3                              cstackBANK0      000032
displayManager@s4                              cstackBANK0      000034
dtoa@d                                         cstackBANK0      00003F
dtoa@fp                                        cstackBANK0      00004A
dtoa@i                                         cstackBANK0      00005B
dtoa@n                                         cstackBANK0      000053
dtoa@p                                         cstackBANK0      00004D
dtoa@s                                         cstackBANK0      000051
dtoa@w                                         cstackBANK0      00004F
end_of_initialization                          cinit            000088
errorAlert@i                                   cstackBANK0      00002A
errorAlert@j                                   cstackBANK0      000028
fputc@c                                        cstackBANK0      000026
fputc@fp                                       cstackBANK0      000028
fputs@c                                        cstackBANK0      000032
fputs@fp                                       cstackBANK0      00002E
fputs@i                                        cstackBANK0      000033
fputs@s                                        cstackBANK0      000035
init_ram                                       inittext         000800
initialConditions@autom                        cstackBANK1      0000B4
initialConditions@prog                         cstackBANK1      0000B6
initialConditions@testAct                      cstackBANK1      0000B0
initialConditions@testVoy                      cstackBANK1      0000B2
int$flags                                      (abs)            00007E
intlevel0                                      functab          000000
intlevel1                                      functab          000000
intlevel2                                      functab          000000
intlevel3                                      functab          000000
intlevel4                                      functab          000000
intlevel5                                      functab          000000
ledConforme@active                             cstackBANK0      000023
ledNonConforme@active                          cstackBANK0      000023
ledProgession@active                           cstackBANK0      000023
main@automatique                               cstackBANK4      000261
main@buffer                                    cstackBANK4      000254
main@buffer_1683                               cstackBANK4      000256
main@lectureAN1                                cstackBANK4      00025E
main@programmation                             cstackBANK4      000260
main@slectureAN1                               cstackBANK4      000258
main@testActif                                 cstackBANK4      000263
main@testLeds                                  cstackBANK4      00025D
main@testVoyants                               cstackBANK4      000262
okAlert@i                                      cstackBANK1      0000B1
pad@buf                                        cstackBANK0      000036
pad@fp                                         cstackBANK0      00003E
pad@i                                          cstackBANK0      00003A
pad@p                                          cstackBANK0      000037
pad@w                                          cstackBANK0      00003C
pnum$maintext                                  (abs)            00007D
pnum$maintext_split_1                          (abs)            0000F3
pnum$maintext_split_2                          (abs)            0000F4
pressBP1@active                                cstackBANK0      000023
pressBP2@active                                cstackBANK0      000023
printf@ap                                      cstackBANK1      0000AF
printf@fmt                                     cstackBANK1      0000AD
psplit$0                                       (abs)            7D00F3
psplit$1                                       (abs)            F300F4
putch@txData                                   cstackBANK0      000025
rd1RegCompleteHandler@ptr                      cstackCOMMON     000079
rd2RegCompleteHandler@ptr                      cstackCOMMON     000079
rdBlkRegCompleteHandler@ptr                    cstackCOMMON     000079
reponseOperateur@automatique                   cstackBANK0      000028
reponseOperateur@reception                     cstackBANK0      000027
reponseOperateur@repOperateur                  cstackBANK0      00002A
reponseOperateur@reponse                       cstackBANK0      000029
reset_vec                                      reset_vec        000000
setHorloge@active                              cstackBANK0      000023
setP1@active                                   cstackBANK0      000023
setP2@active                                   cstackBANK0      000023
sortieErreur@autom                             cstackBANK1      0000B8
sortieErreur@prog                              cstackBANK1      0000BE
sortieErreur@testAct                           cstackBANK1      0000BA
sortieErreur@testVoy                           cstackBANK1      0000BC
sprintf@ap                                     cstackBANK1      0000B3
sprintf@f                                      cstackBANK1      0000B5
sprintf@fmt                                    cstackBANK1      0000AD
sprintf@ret                                    cstackBANK1      0000B1
sprintf@s                                      cstackBANK1      0000B4
start                                          init             00004A
startAlert@i                                   cstackBANK0      000028
start_initialization                           cinit            00004C
strcat@dest                                    cstackBANK0      000033
strcat@src                                     cstackBANK0      000035
strcpy@d                                       cstackBANK0      000031
strcpy@dest                                    cstackBANK0      000027
strcpy@s                                       cstackBANK0      00002F
strcpy@src                                     cstackBANK0      000029
strlen@a                                       cstackBANK0      000025
strlen@s                                       cstackBANK0      000023
testNOK@active                                 cstackBANK0      000024
testNOK@result                                 cstackBANK0      000023
testOK@active                                  cstackBANK0      000024
testOK@result                                  cstackBANK0      000023
testR1@active                                  cstackBANK0      000024
testR1@result                                  cstackBANK0      000023
testR2@active                                  cstackBANK0      000024
testR2@result                                  cstackBANK0      000023
testR3@active                                  cstackBANK0      000024
testR3@result                                  cstackBANK0      000023
vfpfcnvrt@ap                                   cstackBANK0      00005E
vfpfcnvrt@fmt                                  cstackBANK0      00005D
vfpfcnvrt@fp                                   cstackBANK1      0000A9
vfpfcnvrt@ll                                   cstackBANK1      0000A0
vfpfcnvrt@vp                                   cstackBANK1      0000A8
vfprintf@ap                                    cstackBANK0      000066
vfprintf@cfmt                                  cstackBANK1      0000AB
vfprintf@fmt                                   cstackBANK0      000064
vfprintf@fp                                    cstackBANK1      0000AA
wr1RegCompleteHandler@ptr                      cstackCOMMON     000079
wr2RegCompleteHandler@ptr                      cstackCOMMON     000079
wtemp0                                         (abs)            00007E


MODULE INFORMATION

Module		Function		Class		Link	Load	Size
C:\Program Files\Microchip\xc8\v2.32\pic\sources\c99\common\nf_sprintf.c
		_sprintf       		CODE           	0806	0000	56

C:\Program Files\Microchip\xc8\v2.32\pic\sources\c99\common\nf_sprintf.c estimated size: 56

C:\Program Files\Microchip\xc8\v2.32\pic\sources\c99\common\doprnt.c
		_vfpfcnvrt     		CODE           	16DE	0000	290
		_pad           		CODE           	127F	0000	92
		_dtoa          		CODE           	064F	0000	368
		_vfprintf      		CODE           	1FC9	0000	55

C:\Program Files\Microchip\xc8\v2.32\pic\sources\c99\common\doprnt.c estimated size: 805

mcc_generated_files/interrupt_manager.c
		_INTERRUPT_InterruptManager		CODE           	0004	0000	70

mcc_generated_files/interrupt_manager.c estimated size: 70

mcc_generated_files/examples/i2c_master_example.c
		_wr1RegCompleteHandler		CODE           	1B30	0000	17
		_wr2RegCompleteHandler		CODE           	1AFD	0000	17
		_rdBlkRegCompleteHandler		CODE           	1BAA	0000	24
		_rd1RegCompleteHandler		CODE           	1B0E	0000	17
		_rd2RegCompleteHandler		CODE           	1B1F	0000	17

mcc_generated_files/examples/i2c_master_example.c estimated size: 92

mcc_generated_files/pin_manager.c
		_PIN_MANAGER_Initialize		CODE           	1C92	0000	31

mcc_generated_files/pin_manager.c estimated size: 31

C:\Program Files\Microchip\xc8\v2.32\pic\sources\c99\common\nf_fputs.c
		_fputs         		CODE           	1E34	0000	41

C:\Program Files\Microchip\xc8\v2.32\pic\sources\c99\common\nf_fputs.c estimated size: 41

mcc_generated_files/adc.c
		_ADC_Initialize		CODE           	19F4	0000	8
		_ADC_GetConversion		CODE           	1CEF	0000	33

mcc_generated_files/adc.c estimated size: 41

C:\Program Files\Microchip\xc8\v2.32\pic\sources\c99\common\abs.c
		_abs           		CODE           	1C76	0000	28

C:\Program Files\Microchip\xc8\v2.32\pic\sources\c99\common\abs.c estimated size: 28

C:\Program Files\Microchip\xc8\v2.32\pic\sources\c99\common\aomod.c
		___aomod       		CODE           	14EC	0000	237

C:\Program Files\Microchip\xc8\v2.32\pic\sources\c99\common\aomod.c estimated size: 237

shared
		__initialization		CODE           	004C	0000	60
		_i2c_fsmStateTable		STRCODE        	1800	0000	32

shared estimated size: 92

I2C_LCD.c
		_LCD_Init      		CODE           	13CB	0000	140
		_LCD_Write_4Bit		CODE           	1BC2	0000	24
		_LCD_Write_Char		CODE           	1BF2	0000	25
		_LCD_CMD       		CODE           	1BDA	0000	24
		_I2C_Master_Wait		CODE           	1A50	0000	12
		_I2C_Master_Init		CODE           	1A45	0000	11
		_I2C_Master_Stop		CODE           	19D2	0000	6
		_LCD_Set_Cursor		CODE           	1F6B	0000	47
		_LCD_Clear     		CODE           	1A32	0000	9
		_IO_Expander_Write		CODE           	1B68	0000	21
		_I2C_Master_Write		CODE           	1AED	0000	16
		_I2C_Master_Start		CODE           	19CC	0000	6
		_LCD_Write_String		CODE           	1CD0	0000	31

I2C_LCD.c estimated size: 372

mcc_generated_files/mcc.c
		_WDT_Initialize		CODE           	1990	0000	4
		_OSCILLATOR_Initialize		CODE           	1A5C	0000	12
		_SYSTEM_Initialize		CODE           	1B41	0000	19

mcc_generated_files/mcc.c estimated size: 35

display.c
		_displayManager		CODE           	112E	0000	81

display.c estimated size: 81

C:\Program Files\Microchip\xc8\v2.32\pic\sources\c99\common\strcat.c
		_strcat        		CODE           	1B93	0000	23

C:\Program Files\Microchip\xc8\v2.32\pic\sources\c99\common\strcat.c estimated size: 23

mcc_generated_files/i2c_master.c
		_I2C_MasterStartRx		CODE           	1970	0000	3
		_I2C_DO_SEND_ADR_WRITE		CODE           	19EC	0000	8
		_I2C_DO_SEND_STOP		CODE           	19AD	0000	5
		_I2C_MasterSendNack		CODE           	1984	0000	4
		_I2C_CallbackReturnStop		CODE           	1968	0000	2
		_I2C_DO_SEND_ADR_READ		CODE           	19FC	0000	9
		_I2C_DO_RX_NACK_STOP		CODE           	19B7	0000	5
		_I2C_DO_SEND_RESTART		CODE           	19A8	0000	5
		_I2C_DO_RX     		CODE           	100D	0000	70
		_I2C_DO_TX     		CODE           	11D1	0000	87
		_I2C_DO_IDLE   		CODE           	1999	0000	5
		_I2C_DO_RCEN   		CODE           	19DE	0000	7
		_I2C_DO_RESET  		CODE           	19C1	0000	5
		_I2C_DO_RX_ACK 		CODE           	19B2	0000	5
		_I2C_MasterClearIrq		CODE           	1979	0000	3
		_I2C_MasterGetRxData		CODE           	1973	0000	3
		_I2C_SetCallback		CODE           	1E5D	0000	42
		_I2C_DO_ADDRESS_NACK		CODE           	1EB3	0000	45
		_I2C_MasterEnableRestart		CODE           	196A	0000	3
		_I2C_CallbackReturnReset		CODE           	0002	0000	2
		_I2C_DO_TX_EMPTY		CODE           	1F3C	0000	47
		_I2C_DO_SEND_RESTART_WRITE		CODE           	19A3	0000	5
		_I2C_MasterIsNack		CODE           	19C6	0000	6
		_I2C_SetDataCompleteCallback		CODE           	1A68	0000	13
		_I2C_DO_RX_NACK_RESTART		CODE           	19BC	0000	5
		_I2C_MasterSendAck		CODE           	1988	0000	4
		_I2C_MasterFsm 		CODE           	1EE0	0000	46
		_I2C_MasterIsr 		CODE           	198C	0000	4
		_I2C_MasterSetIrq		CODE           	1976	0000	3
		_I2C_DO_SEND_RESTART_READ		CODE           	199E	0000	5
		_I2C_Initialize		CODE           	1A3B	0000	10
		_I2C_SetBuffer 		CODE           	1ADD	0000	16
		_I2C_MasterSendTxData		CODE           	1994	0000	5
		_I2C_MasterStop		CODE           	196D	0000	3

mcc_generated_files/i2c_master.c estimated size: 490

mcc_generated_files/eusart.c
		_EUSART_SetRxInterruptHandler		CODE           	1A20	0000	9
		_EUSART_SetTxInterruptHandler		CODE           	1A29	0000	9
		_putch         		CODE           	19E5	0000	7
		_EUSART_Read   		CODE           	1F9A	0000	47
		_EUSART_DefaultOverrunErrorHandler		CODE           	1980	0000	4
		_EUSART_Write  		CODE           	1F0E	0000	46
		_EUSART_DefaultErrorHandler		CODE           	197C	0000	4
		_EUSART_Transmit_ISR		CODE           	1D9A	0000	37
		_EUSART_Initialize		CODE           	109B	0000	73
		_EUSART_SetFramingErrorHandler		CODE           	1A0E	0000	9
		_EUSART_SetErrorHandler		CODE           	1A05	0000	9
		_EUSART_SetOverrunErrorHandler		CODE           	1A17	0000	9
		_EUSART_Receive_ISR		CODE           	07BF	0000	65
		_EUSART_RxDataHandler		CODE           	1C25	0000	27
		_EUSART_DefaultFramingErrorHandler		CODE           	1966	0000	1

mcc_generated_files/eusart.c estimated size: 356

C:\Program Files\Microchip\xc8\v2.32\pic\sources\c99\common\printf.c
		_printf        		CODE           	1B7D	0000	22

C:\Program Files\Microchip\xc8\v2.32\pic\sources\c99\common\printf.c estimated size: 22

C:\Program Files\Microchip\xc8\v2.32\pic\sources\c99\common\nf_fputc.c
		_fputc         		CODE           	117F	0000	82

C:\Program Files\Microchip\xc8\v2.32\pic\sources\c99\common\nf_fputc.c estimated size: 82

tester.c
		_okAlert       		CODE           	1D10	0000	33
		_testR3        		CODE           	1D77	0000	35
		_alerteDefaut  		CODE           	1342	0000	137
		_initialConditions		CODE           	10E4	0000	74
		_attenteDemarrage3		CODE           	0990	0000	439
		_setHorloge    		CODE           	1000	0000	13
		_errorAlert    		CODE           	1053	0000	72
		_alimenter     		CODE           	1A75	0000	13
		_testR1        		CODE           	1D31	0000	35
		_ledProgession 		CODE           	1A9C	0000	13
		_attenteAquittement		CODE           	12DB	0000	103
		_startAlert    		CODE           	1DBF	0000	38
		_pressBP1      		CODE           	1AA9	0000	13
		_pressBP2      		CODE           	1AB6	0000	13
		_testNOK       		CODE           	1C40	0000	27
		_ledConforme   		CODE           	1A82	0000	13
		_alerteDefautEtape16		CODE           	083E	0000	338
		_testR2        		CODE           	1D54	0000	35
		_ledNonConforme		CODE           	1A8F	0000	13
		_setP1         		CODE           	1AC3	0000	13
		_testOK        		CODE           	1C5B	0000	27
		_activerTouche 		CODE           	1CB1	0000	31
		_activerBuzzer 		CODE           	1E87	0000	44
		_sortieErreur  		CODE           	1228	0000	87
		_setP2         		CODE           	1AD0	0000	13
		_reponseOperateur		CODE           	1457	0000	149

tester.c estimated size: 1821

C:\Program Files\Microchip\xc8\v2.32\pic\sources\c99\common\aodiv.c
		___aodiv       		CODE           	15D9	0000	261

C:\Program Files\Microchip\xc8\v2.32\pic\sources\c99\common\aodiv.c estimated size: 261

main.c
		_main          		CODE           	0B47	0000	2684

main.c estimated size: 2684

C:\Program Files\Microchip\xc8\v2.32\pic\sources\c99\common\strlen.c
		_strlen        		CODE           	1C0B	0000	26

C:\Program Files\Microchip\xc8\v2.32\pic\sources\c99\common\strlen.c estimated size: 26

C:\Program Files\Microchip\xc8\v2.32\pic\sources\c99\common\strcpy.c
		_strcpy        		CODE           	1DE5	0000	39

C:\Program Files\Microchip\xc8\v2.32\pic\sources\c99\common\strcpy.c estimated size: 39

