Microchip MPLAB XC8 Compiler V2.32

Linker command line:

-W-3 --edf=C:\Program Files\Microchip\xc8\v2.32\pic\dat\en_msgs.txt -cn \
  -h+dist/default/production\galeoTester1.X.production.sym \
  --cmf=dist/default/production\galeoTester1.X.production.cmf -z -Q16LF1939 \
  -oC:\Users\Michel\AppData\Local\Temp\xcAsp4.4 --defsym=__MPLAB_BUILD=1 \
  -Mdist/default/production/galeoTester1.X.production.map -E1 \
  -ver=XC8 Compiler --acfsm=1493 -ASTACK=0210Fh-023EFh -pstack=STACK \
  -ACODE=00h-07FFhx8 -ASTRCODE=00h-03FFFh -ASTRING=00h-0FFhx64 \
  -ACONST=00h-0FFhx64 -AENTRY=00h-0FFhx64 -ACOMMON=070h-07Fh \
  -ABANK0=020h-06Fh -ABANK1=0A0h-0EFh -ABANK2=0120h-016Fh \
  -ABANK3=01A0h-01EFh -ABANK4=0220h-026Fh -ABANK5=02A0h-02EFh \
  -ABANK6=0320h-036Fh -ABANK7=03A0h-03EFh -ABANK8=0420h-046Fh \
  -ABANK9=04A0h-04EFh -ABANK10=0520h-056Fh -ABANK11=05A0h-05EFh \
  -ABANK12=0620h-064Fh -ABIGRAM=02000h-023EFh \
  -ARAM=020h-06Fh,0A0h-0EFh,0120h-016Fh,01A0h-01EFh,0220h-026Fh,02A0h-02EFh,0320h-036Fh,03A0h-03EFh,0420h-046Fh,04A0h-04EFh,0520h-056Fh,05A0h-05EFh,0620h-064Fh \
  -AABS1=020h-07Fh,0A0h-0EFh,0120h-016Fh,01A0h-01EFh,0220h-026Fh,02A0h-02EFh,0320h-036Fh,03A0h-03EFh,0420h-046Fh,04A0h-04EFh,0520h-056Fh,05A0h-05EFh,0620h-064Fh \
  -ASFR0=00h-01Fh -ASFR1=080h-09Fh -ASFR2=0100h-011Fh -ASFR3=0180h-019Fh \
  -ASFR4=0200h-021Fh -ASFR5=0280h-029Fh -ASFR6=0300h-031Fh \
  -ASFR7=0380h-039Fh -ASFR8=0400h-041Fh -ASFR9=0480h-049Fh \
  -ASFR10=0500h-051Fh -ASFR11=0580h-059Fh -ASFR12=0600h-061Fh \
  -ASFR13=0680h-06EFh -ASFR14=0700h-076Fh -ASFR15=0780h-07EFh \
  -ASFR16=0800h-086Fh -ASFR17=0880h-08EFh -ASFR18=0900h-096Fh \
  -ASFR19=0980h-09EFh -ASFR20=0A00h-0A6Fh -ASFR21=0A80h-0AEFh \
  -ASFR22=0B00h-0B6Fh -ASFR23=0B80h-0BEFh -ASFR24=0C00h-0C6Fh \
  -ASFR25=0C80h-0CEFh -ASFR26=0D00h-0D6Fh -ASFR27=0D80h-0DEFh \
  -ASFR28=0E00h-0E6Fh -ASFR29=0E80h-0EEFh -ASFR30=0F00h-0F6Fh \
  -ASFR31=0F80h-0FEFh -ACONFIG=08007h-08008h -DCONFIG=2 \
  -AIDLOC=08000h-08003h -DIDLOC=2 -AEEDATA=00h-0FFh/0F000h \
  -peeprom_data=EEDATA -DEEDATA=2 -DCODE=2 -DSTRCODE=2 -DSTRING=2 -DCONST=2 \
  -DENTRY=2 -preset_vec=00h,intentry=04h,init,end_init -ppowerup=CODE \
  -pcinit=CODE -pfunctab=ENTRY -k \
  C:\Users\Michel\AppData\Local\Temp\xcAsp4.o \
  dist/default/production\galeoTester1.X.production.o 

Object code version is 3.11

Machine type is 16LF1939



                Name                               Link     Load   Length Selector   Space Scale
C:\Users\Michel\AppData\Local\Temp\xcAsp4.o
                end_init                             4A       4A        2        8       0
                reset_vec                             0        0        2        0       0
                config                             8007     8007        2        0       4
                idloc                              8000     8000        4        0       5
dist/default/production\galeoTester1.X.production.o
                cinit                                4C       4C       2E        8       0
                intentry                              4        4       46        8       0
                maintext_split_1                     7A       7A      6A1        8       0
                config                             8007     8007        2        0       4
                idloc                              8000     8000        4        0       5
                text107                            1604     1604       1B     2C08       0
                text106                            1395     1395        4     272A       0
                text105                            1381     1381        1     2702       0
                text104                            1399     1399        4     2732       0
                text103                             972      972       3D     12E4       0
                text102                            172D     172D       22     2E5A       0
                text101                            1383     1383        3     2706       0
                text100                            1386     1386        3     270C       0
                text99                             14F4     14F4       10     29E8       0
                text98                             17DA     17DA       26     2FB4       0
                text97                             147F     147F        D     28FE       0
                text96                             1514     1514       11     2A28       0
                text95                             1525     1525       11     2A4A       0
                text94                             1536     1536       11     2A6C       0
                text93                             1547     1547       11     2A8E       0
                text92                             15EC     15EC       18     2BD8       0
                text91                              800      800        2        8       0
                text90                                2        2        2        0       0
                text89                             1389     1389        3     2712       0
                text88                             139D     139D        4     273A       0
                text87                             138C     138C        3     2718       0
                text86                             13A1     13A1        4     2742       0
                text85                             13AD     13AD        5     275A       0
                text84                             13DF     13DF        6     27BE       0
                text83                             138F     138F        3     271E       0
                text82                              914      914       2F     1228       0
                text81                             13B2     13B2        5     2764       0
                text80                             1413     1413        9     2826       0
                text79                             140B     140B        8     2816       0
                text78                              BF3      BF3       55     17E6       0
                text77                              A32      A32       46     1464       0
                text76                             13FD     13FD        7     27FA       0
                text75                             13B7     13B7        5     276E       0
                text74                             13BC     13BC        5     2778       0
                text73                             13C1     13C1        5     2782       0
                text72                             13C6     13C6        5     278C       0
                text71                             13CB     13CB        5     2796       0
                text70                             13D0     13D0        5     27A0       0
                text69                             13D5     13D5        5     27AA       0
                text68                             13DA     13DA        5     27B4       0
                text67                              860      860       2C     10C0       0
                text66                             1392     1392        3     2724       0
                text65                              8B8      8B8       2E     1170       0
                text64                             13A5     13A5        4     274A       0
                text62                             16EB     16EB       21     2DD6       0
                text61                             145C     145C        B     28B8       0
                text60                             1467     1467        C     28CE       0
                text59                             13E5     13E5        6     27CA       0
                text58                             13EB     13EB        6     27D6       0
                text57                             1504     1504       10     2A08       0
                text56                             157D     157D       15     2AFA       0
                text55                             1592     1592       16     2B24       0
                text54                             15A8     15A8       16     2B50       0
                text53                              D94      D94       8B     1B28       0
                text52                              7F8      7F8        8        8       0
                text51                             141C     141C        9     2838       0
                text50                             1425     1425        9     284A       0
                text49                             142E     142E        9     285C       0
                text48                             1437     1437        9     286E       0
                text47                             1440     1440        9     2880       0
                text46                              A78      A78       46     14F0       0
                text45                             1452     1452        A     28A4       0
                text44                             1473     1473        C     28E6       0
                text43                             168E     168E       1F     2D1C       0
                text42                             13A9     13A9        4     2752       0
                text41                             156A     156A       13     2AD4       0
                text40                             16AD     16AD       1F     2D5A       0
                text39                             148C     148C        D     2918       0
                text38                             1449     1449        9     2892       0
                text37                              943      943       2F     1286       0
                text36                             15BE     15BE       17     2B7C       0
                text35                             16CC     16CC       1F     2D98       0
                text34                              B4E      B4E       51     169C       0
                text33                              88C      88C       2C     1118       0
                text32                              ABE      ABE       48     157C       0
                text31                             1499     1499        D     2932       0
                text30                             14A6     14A6        D     294C       0
                text29                             14B3     14B3        D     2966       0
                text28                              835      835       2B     106A       0
                text27                             1404     1404        7     2808       0
                text26                              9AF      9AF       41     135E       0
                text25                              71B      71B       AC        8       0
                text24                              7C7      7C7       31        8       0
                text23                             1558     1558       12     2AB0       0
                text22                             174F     174F       22     2E9E       0
                text21                             161F     161F       1B     2C3E       0
                text20                             15D5     15D5       17     2BAA       0
                text19                              CA6      CA6       76     194C       0
                text18                              8E6      8E6       2E     11CC       0
                text17                              B9F      B9F       54     173E       0
                text16                              80F      80F       26     101E       0
                text15                             170C     170C       21     2E18       0
                text14                             163A     163A       1B     2C74       0
                text13                             1655     1655       1B     2CAA       0
                text12                              D1C      D1C       78     1A38       0
                text11                             14C0     14C0        D     2980       0
                text10                              C48      C48       5E     1890       0
                text9                              14CD     14CD        D     299A       0
                text8                              14DA     14DA        D     29B4       0
                text7                              14E7     14E7        D     29CE       0
                text6                               802      802        D     1004       0
                text5                               9F0      9F0       42     13E0       0
                text4                               B06      B06       48     160C       0
                text3                              1771     1771       23     2EE2       0
                text2                              1794     1794       23     2F28       0
                text1                              17B7     17B7       23     2F6E       0
                maintext                            E1F      E1F      1E1     1C3E       0
                cstackBANK0                          20       20       3C       20       1
                cstackCOMMON                         70       70        D       70       1
                cstackBANK3                         1A0      1A0       1F      1A0       1
                clrtext                            13F1     13F1        6     27E2       0
                inittext                           13F7     13F7        6     27EE       0
                dataBANK2                           148      148       1E      120       1
                bssBANK2                            120      120       28      120       1
                dataBANK1                            E4       E4        1       A0       1
                bssBANK1                             A0       A0       44       A0       1
                bssBANK0                             5C       5C        7       20       1
                bssCOMMON                            7D       7D        1       70       1
                stringtext56                       1B05     1B05        8     3000       0
                stringtext55                       1AFD     1AFD        8     3000       0
                stringtext54                       1AF5     1AF5        8     3000       0
                stringtext53                       1AED     1AED        8     3000       0
                stringtext52                       1AE5     1AE5        8     3000       0
                stringtext51                       1ADD     1ADD        8     3000       0
                stringtext50                       1AD5     1AD5        8     3000       0
                stringtext49                       1ACD     1ACD        8     3000       0
                stringtext48                       1AC5     1AC5        8     3000       0
                stringtext47                       1ABD     1ABD        8     3000       0
                stringtext46                       1AB5     1AB5        8     3000       0
                stringtext45                       1AAC     1AAC        9     3000       0
                stringtext44                       1AA3     1AA3        9     3000       0
                stringtext43                       1A9A     1A9A        9     3000       0
                stringtext42                       1A91     1A91        9     3000       0
                stringtext41                       1A88     1A88        9     3000       0
                stringtext40                       1A7F     1A7F        9     3000       0
                stringtext39                       1A76     1A76        9     3000       0
                stringtext38                       1A6D     1A6D        9     3000       0
                stringtext37                       1A64     1A64        9     3000       0
                stringtext36                       1A59     1A59        B     3000       0
                stringtext35                       1A4E     1A4E        B     3000       0
                stringtext34                       1A42     1A42        C     3000       0
                stringtext33                       1A36     1A36        C     3000       0
                stringtext32                       1A29     1A29        D     3000       0
                stringtext31                       1A1C     1A1C        D     3000       0
                stringtext30                       1A0E     1A0E        E     3000       0
                stringtext29                       1A00     1A00        E     3000       0
                stringtext28                       19F2     19F2        E     3000       0
                stringtext27                       19E3     19E3        F     3000       0
                stringtext26                       19D4     19D4        F     3000       0
                stringtext25                       19C5     19C5        F     3000       0
                stringtext24                       19B6     19B6        F     3000       0
                stringtext23                       19A7     19A7        F     3000       0
                stringtext22                       1997     1997       10     3000       0
                stringtext21                       1987     1987       10     3000       0
                stringtext20                       1976     1976       11     3000       0
                stringtext19                       1965     1965       11     3000       0
                stringtext18                       1954     1954       11     3000       0
                stringtext17                       1943     1943       11     3000       0
                stringtext16                       1932     1932       11     3000       0
                stringtext15                       1920     1920       12     3000       0
                stringtext14                       190E     190E       12     3000       0
                stringtext13                       18FC     18FC       12     3000       0
                stringtext12                       18EA     18EA       12     3000       0
                stringtext11                       18D7     18D7       13     3000       0
                stringtext10                       18C4     18C4       13     3000       0
                stringtext9                        18B0     18B0       14     3000       0
                stringtext8                        189C     189C       14     3000       0
                stringtext7                        1887     1887       15     3000       0
                stringtext6                        1872     1872       15     3000       0
                stringtext5                        1858     1858       1A     3000       0
                stringtext4                        183E     183E       1A     3000       0
                stringtext3                        181F     181F       1F     3000       0
                stringtext2                        1800     1800       1F     3000       0
                stringtext1                        1000     1000       4A     2000       0
                idataBANK2                         1670     1670       1E     2CE0       0
                idataBANK1                         1382     1382        1     2704       0

TOTAL           Name                               Link     Load   Length     Space
        CLASS   STACK          

        CLASS   CODE           
                end_init                             4A       4A        2         0
                cinit                                4C       4C       2E         0
                intentry                              4        4       46         0
                reset_vec                             0        0        2         0
                maintext_split_1                     7A       7A      6A1         0
                text107                            1604     1604       1B         0
                text106                            1395     1395        4         0
                text105                            1381     1381        1         0
                text104                            1399     1399        4         0
                text103                             972      972       3D         0
                text102                            172D     172D       22         0
                text101                            1383     1383        3         0
                text100                            1386     1386        3         0
                text99                             14F4     14F4       10         0
                text98                             17DA     17DA       26         0
                text97                             147F     147F        D         0
                text96                             1514     1514       11         0
                text95                             1525     1525       11         0
                text94                             1536     1536       11         0
                text93                             1547     1547       11         0
                text92                             15EC     15EC       18         0
                text91                              800      800        2         0
                text90                                2        2        2         0
                text89                             1389     1389        3         0
                text88                             139D     139D        4         0
                text87                             138C     138C        3         0
                text86                             13A1     13A1        4         0
                text85                             13AD     13AD        5         0
                text84                             13DF     13DF        6         0
                text83                             138F     138F        3         0
                text82                              914      914       2F         0
                text81                             13B2     13B2        5         0
                text80                             1413     1413        9         0
                text79                             140B     140B        8         0
                text78                              BF3      BF3       55         0
                text77                              A32      A32       46         0
                text76                             13FD     13FD        7         0
                text75                             13B7     13B7        5         0
                text74                             13BC     13BC        5         0
                text73                             13C1     13C1        5         0
                text72                             13C6     13C6        5         0
                text71                             13CB     13CB        5         0
                text70                             13D0     13D0        5         0
                text69                             13D5     13D5        5         0
                text68                             13DA     13DA        5         0
                text67                              860      860       2C         0
                text66                             1392     1392        3         0
                text65                              8B8      8B8       2E         0
                text64                             13A5     13A5        4         0
                text62                             16EB     16EB       21         0
                text61                             145C     145C        B         0
                text60                             1467     1467        C         0
                text59                             13E5     13E5        6         0
                text58                             13EB     13EB        6         0
                text57                             1504     1504       10         0
                text56                             157D     157D       15         0
                text55                             1592     1592       16         0
                text54                             15A8     15A8       16         0
                text53                              D94      D94       8B         0
                text52                              7F8      7F8        8         0
                text51                             141C     141C        9         0
                text50                             1425     1425        9         0
                text49                             142E     142E        9         0
                text48                             1437     1437        9         0
                text47                             1440     1440        9         0
                text46                              A78      A78       46         0
                text45                             1452     1452        A         0
                text44                             1473     1473        C         0
                text43                             168E     168E       1F         0
                text42                             13A9     13A9        4         0
                text41                             156A     156A       13         0
                text40                             16AD     16AD       1F         0
                text39                             148C     148C        D         0
                text38                             1449     1449        9         0
                text37                              943      943       2F         0
                text36                             15BE     15BE       17         0
                text35                             16CC     16CC       1F         0
                text34                              B4E      B4E       51         0
                text33                              88C      88C       2C         0
                text32                              ABE      ABE       48         0
                text31                             1499     1499        D         0
                text30                             14A6     14A6        D         0
                text29                             14B3     14B3        D         0
                text28                              835      835       2B         0
                text27                             1404     1404        7         0
                text26                              9AF      9AF       41         0
                text25                              71B      71B       AC         0
                text24                              7C7      7C7       31         0
                text23                             1558     1558       12         0
                text22                             174F     174F       22         0
                text21                             161F     161F       1B         0
                text20                             15D5     15D5       17         0
                text19                              CA6      CA6       76         0
                text18                              8E6      8E6       2E         0
                text17                              B9F      B9F       54         0
                text16                              80F      80F       26         0
                text15                             170C     170C       21         0
                text14                             163A     163A       1B         0
                text13                             1655     1655       1B         0
                text12                              D1C      D1C       78         0
                text11                             14C0     14C0        D         0
                text10                              C48      C48       5E         0
                text9                              14CD     14CD        D         0
                text8                              14DA     14DA        D         0
                text7                              14E7     14E7        D         0
                text6                               802      802        D         0
                text5                               9F0      9F0       42         0
                text4                               B06      B06       48         0
                text3                              1771     1771       23         0
                text2                              1794     1794       23         0
                text1                              17B7     17B7       23         0
                maintext                            E1F      E1F      1E1         0
                clrtext                            13F1     13F1        6         0
                inittext                           13F7     13F7        6         0
                idataBANK2                         1670     1670       1E         0
                idataBANK1                         1382     1382        1         0

        CLASS   STRCODE        
                stringtext56                       1B05     1B05        8         0
                stringtext55                       1AFD     1AFD        8         0
                stringtext54                       1AF5     1AF5        8         0
                stringtext53                       1AED     1AED        8         0
                stringtext52                       1AE5     1AE5        8         0
                stringtext51                       1ADD     1ADD        8         0
                stringtext50                       1AD5     1AD5        8         0
                stringtext49                       1ACD     1ACD        8         0
                stringtext48                       1AC5     1AC5        8         0
                stringtext47                       1ABD     1ABD        8         0
                stringtext46                       1AB5     1AB5        8         0
                stringtext45                       1AAC     1AAC        9         0
                stringtext44                       1AA3     1AA3        9         0
                stringtext43                       1A9A     1A9A        9         0
                stringtext42                       1A91     1A91        9         0
                stringtext41                       1A88     1A88        9         0
                stringtext40                       1A7F     1A7F        9         0
                stringtext39                       1A76     1A76        9         0
                stringtext38                       1A6D     1A6D        9         0
                stringtext37                       1A64     1A64        9         0
                stringtext36                       1A59     1A59        B         0
                stringtext35                       1A4E     1A4E        B         0
                stringtext34                       1A42     1A42        C         0
                stringtext33                       1A36     1A36        C         0
                stringtext32                       1A29     1A29        D         0
                stringtext31                       1A1C     1A1C        D         0
                stringtext30                       1A0E     1A0E        E         0
                stringtext29                       1A00     1A00        E         0
                stringtext28                       19F2     19F2        E         0
                stringtext27                       19E3     19E3        F         0
                stringtext26                       19D4     19D4        F         0
                stringtext25                       19C5     19C5        F         0
                stringtext24                       19B6     19B6        F         0
                stringtext23                       19A7     19A7        F         0
                stringtext22                       1997     1997       10         0
                stringtext21                       1987     1987       10         0
                stringtext20                       1976     1976       11         0
                stringtext19                       1965     1965       11         0
                stringtext18                       1954     1954       11         0
                stringtext17                       1943     1943       11         0
                stringtext16                       1932     1932       11         0
                stringtext15                       1920     1920       12         0
                stringtext14                       190E     190E       12         0
                stringtext13                       18FC     18FC       12         0
                stringtext12                       18EA     18EA       12         0
                stringtext11                       18D7     18D7       13         0
                stringtext10                       18C4     18C4       13         0
                stringtext9                        18B0     18B0       14         0
                stringtext8                        189C     189C       14         0
                stringtext7                        1887     1887       15         0
                stringtext6                        1872     1872       15         0
                stringtext5                        1858     1858       1A         0
                stringtext4                        183E     183E       1A         0
                stringtext3                        181F     181F       1F         0
                stringtext2                        1800     1800       1F         0
                stringtext1                        1000     1000       4A         0

        CLASS   STRING         

        CLASS   CONST          

        CLASS   ENTRY          

        CLASS   COMMON         
                cstackCOMMON                         70       70        D         1
                bssCOMMON                            7D       7D        1         1

        CLASS   BANK0          
                cstackBANK0                          20       20       3C         1
                bssBANK0                             5C       5C        7         1

        CLASS   BANK1          
                dataBANK1                            E4       E4        1         1
                bssBANK1                             A0       A0       44         1

        CLASS   BANK2          
                dataBANK2                           148      148       1E         1
                bssBANK2                            120      120       28         1

        CLASS   BANK3          
                cstackBANK3                         1A0      1A0       1F         1

        CLASS   BANK4          

        CLASS   BANK5          

        CLASS   BANK6          

        CLASS   BANK7          

        CLASS   BANK8          

        CLASS   BANK9          

        CLASS   BANK10         

        CLASS   BANK11         

        CLASS   BANK12         

        CLASS   BIGRAM         

        CLASS   RAM            

        CLASS   ABS1           
                abs_s1                               7E       7E        2         1

        CLASS   SFR0           

        CLASS   SFR1           

        CLASS   SFR2           

        CLASS   SFR3           

        CLASS   SFR4           

        CLASS   SFR5           

        CLASS   SFR6           

        CLASS   SFR7           

        CLASS   SFR8           

        CLASS   SFR9           

        CLASS   SFR10          

        CLASS   SFR11          

        CLASS   SFR12          

        CLASS   SFR13          

        CLASS   SFR14          

        CLASS   SFR15          

        CLASS   SFR16          

        CLASS   SFR17          

        CLASS   SFR18          

        CLASS   SFR19          

        CLASS   SFR20          

        CLASS   SFR21          

        CLASS   SFR22          

        CLASS   SFR23          

        CLASS   SFR24          

        CLASS   SFR25          

        CLASS   SFR26          

        CLASS   SFR27          

        CLASS   SFR28          

        CLASS   SFR29          

        CLASS   SFR30          

        CLASS   SFR31          

        CLASS   CONFIG         
                config                             8007     8007        2         4

        CLASS   IDLOC          
                idloc                              8000     8000        4         5

        CLASS   EEDATA         

        CLASS   BANK31         

        CLASS   BANK30         

        CLASS   BANK29         

        CLASS   BANK28         

        CLASS   BANK27         

        CLASS   BANK26         

        CLASS   BANK25         

        CLASS   BANK24         

        CLASS   BANK23         

        CLASS   BANK22         

        CLASS   BANK21         

        CLASS   BANK20         

        CLASS   BANK19         

        CLASS   BANK18         

        CLASS   BANK17         

        CLASS   BANK16         

        CLASS   BANK15         

        CLASS   BANK14         

        CLASS   BANK13         



SEGMENTS        Name                           Load    Length   Top    Selector   Space  Class     Delta

                reset_vec                      000000  000004  000004         0       0  CODE        2
                intentry                       000004  0007FE  000802         8       0  CODE        2
                cstackBANK0                    000020  000043  000063        20       1  BANK0       1
                cstackCOMMON                   000070  00000E  00007E        70       1  COMMON      1
                bssBANK1                       0000A0  000045  0000E5        A0       1  BANK1       1
                bssBANK2                       000120  000046  000166       120       1  BANK2       1
                cstackBANK3                    0001A0  00001F  0001BF       1A0       1  BANK3       1
                text6                          000802  00000D  00080F      1004       0  CODE        2
                text16                         00080F  000026  000835      101E       0  CODE        2
                text28                         000835  00002B  000860      106A       0  CODE        2
                text67                         000860  00002C  00088C      10C0       0  CODE        2
                text33                         00088C  00002C  0008B8      1118       0  CODE        2
                text65                         0008B8  00002E  0008E6      1170       0  CODE        2
                text18                         0008E6  00002E  000914      11CC       0  CODE        2
                text82                         000914  00002F  000943      1228       0  CODE        2
                text37                         000943  00002F  000972      1286       0  CODE        2
                text103                        000972  00003D  0009AF      12E4       0  CODE        2
                text26                         0009AF  000041  0009F0      135E       0  CODE        2
                text5                          0009F0  000042  000A32      13E0       0  CODE        2
                text77                         000A32  000046  000A78      1464       0  CODE        2
                text46                         000A78  000046  000ABE      14F0       0  CODE        2
                text32                         000ABE  000048  000B06      157C       0  CODE        2
                text4                          000B06  000048  000B4E      160C       0  CODE        2
                text34                         000B4E  000051  000B9F      169C       0  CODE        2
                text17                         000B9F  000054  000BF3      173E       0  CODE        2
                text78                         000BF3  000055  000C48      17E6       0  CODE        2
                text10                         000C48  00005E  000CA6      1890       0  CODE        2
                text19                         000CA6  000076  000D1C      194C       0  CODE        2
                text12                         000D1C  000078  000D94      1A38       0  CODE        2
                text53                         000D94  00008B  000E1F      1B28       0  CODE        2
                maintext                       000E1F  0001E1  001000      1C3E       0  CODE        2
                stringtext1                    001000  00004A  00104A      2000       0  STRCODE     2
                text105                        001381  000001  001382      2702       0  CODE        2
                idataBANK1                     001382  000001  001383      2704       0  CODE        2
                text101                        001383  000003  001386      2706       0  CODE        2
                text100                        001386  000003  001389      270C       0  CODE        2
                text89                         001389  000003  00138C      2712       0  CODE        2
                text87                         00138C  000003  00138F      2718       0  CODE        2
                text83                         00138F  000003  001392      271E       0  CODE        2
                text66                         001392  000003  001395      2724       0  CODE        2
                text106                        001395  000004  001399      272A       0  CODE        2
                text104                        001399  000004  00139D      2732       0  CODE        2
                text88                         00139D  000004  0013A1      273A       0  CODE        2
                text86                         0013A1  000004  0013A5      2742       0  CODE        2
                text64                         0013A5  000004  0013A9      274A       0  CODE        2
                text42                         0013A9  000004  0013AD      2752       0  CODE        2
                text85                         0013AD  000005  0013B2      275A       0  CODE        2
                text81                         0013B2  000005  0013B7      2764       0  CODE        2
                text75                         0013B7  000005  0013BC      276E       0  CODE        2
                text74                         0013BC  000005  0013C1      2778       0  CODE        2
                text73                         0013C1  000005  0013C6      2782       0  CODE        2
                text72                         0013C6  000005  0013CB      278C       0  CODE        2
                text71                         0013CB  000005  0013D0      2796       0  CODE        2
                text70                         0013D0  000005  0013D5      27A0       0  CODE        2
                text69                         0013D5  000005  0013DA      27AA       0  CODE        2
                text68                         0013DA  000005  0013DF      27B4       0  CODE        2
                text84                         0013DF  000006  0013E5      27BE       0  CODE        2
                text59                         0013E5  000006  0013EB      27CA       0  CODE        2
                text58                         0013EB  000006  0013F1      27D6       0  CODE        2
                clrtext                        0013F1  000006  0013F7      27E2       0  CODE        2
                inittext                       0013F7  000006  0013FD      27EE       0  CODE        2
                text76                         0013FD  000007  001404      27FA       0  CODE        2
                text27                         001404  000007  00140B      2808       0  CODE        2
                text79                         00140B  000008  001413      2816       0  CODE        2
                text80                         001413  000009  00141C      2826       0  CODE        2
                text51                         00141C  000009  001425      2838       0  CODE        2
                text50                         001425  000009  00142E      284A       0  CODE        2
                text49                         00142E  000009  001437      285C       0  CODE        2
                text48                         001437  000009  001440      286E       0  CODE        2
                text47                         001440  000009  001449      2880       0  CODE        2
                text38                         001449  000009  001452      2892       0  CODE        2
                text45                         001452  00000A  00145C      28A4       0  CODE        2
                text61                         00145C  00000B  001467      28B8       0  CODE        2
                text60                         001467  00000C  001473      28CE       0  CODE        2
                text44                         001473  00000C  00147F      28E6       0  CODE        2
                text97                         00147F  00000D  00148C      28FE       0  CODE        2
                text39                         00148C  00000D  001499      2918       0  CODE        2
                text31                         001499  00000D  0014A6      2932       0  CODE        2
                text30                         0014A6  00000D  0014B3      294C       0  CODE        2
                text29                         0014B3  00000D  0014C0      2966       0  CODE        2
                text11                         0014C0  00000D  0014CD      2980       0  CODE        2
                text9                          0014CD  00000D  0014DA      299A       0  CODE        2
                text8                          0014DA  00000D  0014E7      29B4       0  CODE        2
                text7                          0014E7  00000D  0014F4      29CE       0  CODE        2
                text99                         0014F4  000010  001504      29E8       0  CODE        2
                text57                         001504  000010  001514      2A08       0  CODE        2
                text96                         001514  000011  001525      2A28       0  CODE        2
                text95                         001525  000011  001536      2A4A       0  CODE        2
                text94                         001536  000011  001547      2A6C       0  CODE        2
                text93                         001547  000011  001558      2A8E       0  CODE        2
                text23                         001558  000012  00156A      2AB0       0  CODE        2
                text41                         00156A  000013  00157D      2AD4       0  CODE        2
                text56                         00157D  000015  001592      2AFA       0  CODE        2
                text55                         001592  000016  0015A8      2B24       0  CODE        2
                text54                         0015A8  000016  0015BE      2B50       0  CODE        2
                text36                         0015BE  000017  0015D5      2B7C       0  CODE        2
                text20                         0015D5  000017  0015EC      2BAA       0  CODE        2
                text92                         0015EC  000018  001604      2BD8       0  CODE        2
                text107                        001604  00001B  00161F      2C08       0  CODE        2
                text21                         00161F  00001B  00163A      2C3E       0  CODE        2
                text14                         00163A  00001B  001655      2C74       0  CODE        2
                text13                         001655  00001B  001670      2CAA       0  CODE        2
                idataBANK2                     001670  00001E  00168E      2CE0       0  CODE        2
                text43                         00168E  00001F  0016AD      2D1C       0  CODE        2
                text40                         0016AD  00001F  0016CC      2D5A       0  CODE        2
                text35                         0016CC  00001F  0016EB      2D98       0  CODE        2
                text62                         0016EB  000021  00170C      2DD6       0  CODE        2
                text15                         00170C  000021  00172D      2E18       0  CODE        2
                text102                        00172D  000022  00174F      2E5A       0  CODE        2
                text22                         00174F  000022  001771      2E9E       0  CODE        2
                text3                          001771  000023  001794      2EE2       0  CODE        2
                text2                          001794  000023  0017B7      2F28       0  CODE        2
                text1                          0017B7  000023  0017DA      2F6E       0  CODE        2
                text98                         0017DA  000026  001800      2FB4       0  CODE        2
                stringtext2                    001800  00030D  001B0D      3000       0  STRCODE     2


UNUSED ADDRESS RANGES

        Name                Unused          Largest block    Delta
        BANK0            000063-00006F                D           1
        BANK1            0000E5-0000EF                B           1
        BANK10           000520-00056F               50           1
        BANK11           0005A0-0005EF               50           1
        BANK12           000620-00064F               30           1
        BANK2            000166-00016F                A           1
        BANK3            0001BF-0001EF               31           1
        BANK4            000220-00026F               50           1
        BANK5            0002A0-0002EF               50           1
        BANK6            000320-00036F               50           1
        BANK7            0003A0-0003EF               50           1
        BANK8            000420-00046F               50           1
        BANK9            0004A0-0004EF               50           1
        BIGRAM           002000-0023EF              3F0           1
        CODE             00104A-001380              337           2
                         001B0D-003FFF              800
        CONST            00104A-001380              100           2
                         001B0D-003FFF              100
        EEDATA           00F000-00F0FF              100           2
        ENTRY            00104A-001380              100           2
                         001B0D-003FFF              100
        RAM              000063-00006F                D           1
                         0000E5-0000EF                B
                         000166-00016F                A
                         0001BF-0001EF               31
                         000220-00026F               50
                         0002A0-0002EF               50
                         000320-00036F               50
                         0003A0-0003EF               50
                         000420-00046F               50
                         0004A0-0004EF               50
                         000520-00056F               50
                         0005A0-0005EF               50
                         000620-00064F               30
        SFR0             000000-00001F               20           1
        SFR1             000080-00009F               20           1
        SFR10            000500-00051F               20           1
        SFR11            000580-00059F               20           1
        SFR12            000600-00061F               20           1
        SFR13            000680-0006EF               70           1
        SFR14            000700-00076F               70           1
        SFR15            000780-0007EF               70           1
        SFR16            000800-00086F               70           1
        SFR17            000880-0008EF               70           1
        SFR18            000900-00096F               70           1
        SFR19            000980-0009EF               70           1
        SFR2             000100-00011F               20           1
        SFR20            000A00-000A6F               70           1
        SFR21            000A80-000AEF               70           1
        SFR22            000B00-000B6F               70           1
        SFR23            000B80-000BEF               70           1
        SFR24            000C00-000C6F               70           1
        SFR25            000C80-000CEF               70           1
        SFR26            000D00-000D6F               70           1
        SFR27            000D80-000DEF               70           1
        SFR28            000E00-000E6F               70           1
        SFR29            000E80-000EEF               70           1
        SFR3             000180-00019F               20           1
        SFR30            000F00-000F6F               70           1
        SFR31            000F80-000FEF               70           1
        SFR4             000200-00021F               20           1
        SFR5             000280-00029F               20           1
        SFR6             000300-00031F               20           1
        SFR7             000380-00039F               20           1
        SFR8             000400-00041F               20           1
        SFR9             000480-00049F               20           1
        STACK            00210F-0023EF              2E1           1
        STRCODE          00104A-001380              337           2
                         001B0D-003FFF             24F3
        STRING           00104A-001380              100           2
                         001B0D-003FFF              100

                                  Symbol Table

?_ADC_GetConversion                            cstackBANK0      000023
?_printf                                       cstackBANK0      00003F
?_strlen                                       cstackBANK0      000023
?_vfpfcnvrt                                    cstackBANK0      00002E
?_vfprintf                                     cstackBANK0      000037
ADC_GetConversion@channel                      cstackBANK0      000026
EUSART_Read@readValue                          cstackBANK0      000024
EUSART_SetErrorHandler@interruptHandler        cstackBANK0      000023
EUSART_SetFramingErrorHandler@interruptHandler cstackBANK0      000023
EUSART_SetOverrunErrorHandler@interruptHandler cstackBANK0      000023
EUSART_SetRxInterruptHandler@interruptHandler  cstackBANK0      000023
EUSART_SetTxInterruptHandler@interruptHandler  cstackBANK0      000023
EUSART_Write@txData                            cstackBANK0      000024
I2C_CallbackReturnReset@funPtr                 cstackCOMMON     000079
I2C_MasterSendTxData@data                      cstackCOMMON     000070
I2C_Master_Write@data                          cstackBANK0      000023
I2C_SetBuffer@buffer                           cstackCOMMON     000073
I2C_SetBuffer@bufferSize                       cstackCOMMON     000070
I2C_SetCallback@cb                             cstackCOMMON     000070
I2C_SetCallback@idx                            cstackCOMMON     000074
I2C_SetCallback@ptr                            cstackCOMMON     000072
I2C_SetDataCompleteCallback@cb                 cstackCOMMON     000075
I2C_SetDataCompleteCallback@ptr                cstackCOMMON     000077
IO_Expander_Write@Data                         cstackBANK0      000024
LCD_CMD@CMD                                    cstackBANK0      000028
LCD_Init@I2C_Add                               cstackBANK0      00002B
LCD_Set_Cursor@COL                             cstackBANK0      000029
LCD_Set_Cursor@ROW                             cstackBANK0      00002C
LCD_Write_4Bit@Nibble                          cstackBANK0      000026
LCD_Write_Char@Data                            cstackBANK0      000028
LCD_Write_String@Str                           cstackBANK0      000029
LCD_Write_String@i                             cstackBANK0      00002C
_ACKDT                                         (abs)            0010B5
_ACKEN                                         (abs)            0010B4
_ACKSTAT                                       (abs)            0010B6
_ADCON0                                        (abs)            00009D
_ADCON0bits                                    (abs)            00009D
_ADCON1                                        (abs)            00009E
_ADC_GetConversion                             text62           0016EB
_ADC_Initialize                                text52           0007F8
_ADRESH                                        (abs)            00009C
_ADRESL                                        (abs)            00009B
_ANSELA                                        (abs)            00018C
_ANSELB                                        (abs)            00018D
_ANSELD                                        (abs)            00018F
_ANSELE                                        (abs)            000190
_APFCON                                        (abs)            00011D
_BAUDCON                                       (abs)            00019F
_BORCON                                        (abs)            000116
_BackLight_State                               dataBANK1        0000E4
_EEADRH                                        (abs)            000192
_EEADRL                                        (abs)            000191
_EECON1bits                                    (abs)            000195
_EECON2                                        (abs)            000196
_EEDATH                                        (abs)            000194
_EEDATL                                        (abs)            000193
_EUSART_DefaultErrorHandler                    text106          001395
_EUSART_DefaultFramingErrorHandler             text105          001381
_EUSART_DefaultOverrunErrorHandler             text104          001399
_EUSART_ErrorHandler                           bssBANK1         0000D5
_EUSART_FramingErrorHandler                    bssBANK1         0000D9
_EUSART_Initialize                             text46           000A78
_EUSART_OverrunErrorHandler                    bssBANK1         0000D7
_EUSART_Read                                   text18           0008E6
_EUSART_Receive_ISR                            text103          000972
_EUSART_RxDataHandler                          text107          001604
_EUSART_RxDefaultInterruptHandler              bssBANK1         0000DB
_EUSART_SetErrorHandler                        text51           00141C
_EUSART_SetFramingErrorHandler                 text50           001425
_EUSART_SetOverrunErrorHandler                 text49           00142E
_EUSART_SetRxInterruptHandler                  text48           001437
_EUSART_SetTxInterruptHandler                  text47           001440
_EUSART_Transmit_ISR                           text102          00172D
_EUSART_TxDefaultInterruptHandler              bssBANK1         0000DD
_EUSART_Write                                  text28           000835
_I2C_CallbackReturnReset                       text90           000002
_I2C_CallbackReturnStop                        text91           000800
_I2C_DO_ADDRESS_NACK                           text67           000860
_I2C_DO_IDLE                                   text81           0013B2
_I2C_DO_RCEN                                   text76           0013FD
_I2C_DO_RESET                                  text68           0013DA
_I2C_DO_RX                                     text77           000A32
_I2C_DO_RX_ACK                                 text71           0013CB
_I2C_DO_RX_NACK_RESTART                        text69           0013D5
_I2C_DO_RX_NACK_STOP                           text70           0013D0
_I2C_DO_SEND_ADR_READ                          text80           001413
_I2C_DO_SEND_ADR_WRITE                         text79           00140B
_I2C_DO_SEND_RESTART                           text73           0013C1
_I2C_DO_SEND_RESTART_READ                      text75           0013B7
_I2C_DO_SEND_RESTART_WRITE                     text74           0013BC
_I2C_DO_SEND_STOP                              text72           0013C6
_I2C_DO_TX                                     text78           000BF3
_I2C_DO_TX_EMPTY                               text82           000914
_I2C_Initialize                                text45           001452
_I2C_MasterClearIrq                            text66           001392
_I2C_MasterEnableRestart                       text101          001383
_I2C_MasterFsm                                 text65           0008B8
_I2C_MasterGetRxData                           text87           00138C
_I2C_MasterIsNack                              text84           0013DF
_I2C_MasterIsr                                 text64           0013A5
_I2C_MasterSendAck                             text86           0013A1
_I2C_MasterSendNack                            text88           00139D
_I2C_MasterSendTxData                          text85           0013AD
_I2C_MasterSetIrq                              text83           00138F
_I2C_MasterStartRx                             text89           001389
_I2C_MasterStop                                text100          001386
_I2C_Master_Init                               text61           00145C
_I2C_Master_Start                              text59           0013E5
_I2C_Master_Stop                               text58           0013EB
_I2C_Master_Wait                               text60           001467
_I2C_Master_Write                              text57           001504
_I2C_SetBuffer                                 text99           0014F4
_I2C_SetCallback                               text98           0017DA
_I2C_SetDataCompleteCallback                   text97           00147F
_I2C_Status                                    bssBANK1         0000A0
_INTCONbits                                    (abs)            00000B
_INTERRUPT_InterruptManager                    intentry         000004
_IO_Expander_Write                             text56           00157D
_LATA                                          (abs)            00010C
_LATAbits                                      (abs)            00010C
_LATB                                          (abs)            00010D
_LATBbits                                      (abs)            00010D
_LATC                                          (abs)            00010E
_LATD                                          (abs)            00010F
_LATE                                          (abs)            000110
_LATEbits                                      (abs)            000110
_LCD_CMD                                       text54           0015A8
_LCD_Clear                                     text38           001449
_LCD_Init                                      text53           000D94
_LCD_Set_Cursor                                text37           000943
_LCD_Write_4Bit                                text55           001592
_LCD_Write_Char                                text36           0015BE
_LCD_Write_String                              text35           0016CC
_MSSP_InterruptHandler                         bssBANK1         0000E1
_OPTION_REGbits                                (abs)            000095
_OSCCON                                        (abs)            000099
_OSCILLATOR_Initialize                         text44           001473
_OSCTUNE                                       (abs)            000098
_PEN                                           (abs)            0010B2
_PIE1bits                                      (abs)            000091
_PIE2bits                                      (abs)            000092
_PIN_MANAGER_Initialize                        text43           00168E
_PIR1bits                                      (abs)            000011
_PIR2bits                                      (abs)            000012
_PLLR                                          (abs)            0004D6
_PORTCbits                                     (abs)            00000E
_PORTDbits                                     (abs)            00000F
_RCEN                                          (abs)            0010B3
_RCREG                                         (abs)            000199
_RCSTA                                         (abs)            00019D
_RCSTAbits                                     (abs)            00019D
_RS                                            bssCOMMON        00007D
_RSEN                                          (abs)            0010B1
_SEN                                           (abs)            0010B0
_SPBRGH                                        (abs)            00019C
_SPBRGL                                        (abs)            00019B
_SSPADD                                        (abs)            000212
_SSPBUF                                        (abs)            000211
_SSPCON                                        (abs)            000215
_SSPCON1                                       (abs)            000215
_SSPCON1bits                                   (abs)            000215
_SSPCON2                                       (abs)            000216
_SSPCON2bits                                   (abs)            000216
_SSPIF                                         (abs)            00008B
_SSPSTAT                                       (abs)            000214
_SSPSTATbits                                   (abs)            000214
_SYSTEM_Initialize                             text41           00156A
_TRISA                                         (abs)            00008C
_TRISB                                         (abs)            00008D
_TRISC                                         (abs)            00008E
_TRISC3                                        (abs)            000473
_TRISC4                                        (abs)            000474
_TRISD                                         (abs)            00008F
_TRISE                                         (abs)            000090
_TXREG                                         (abs)            00019A
_TXSTA                                         (abs)            00019E
_TXSTAbits                                     (abs)            00019E
_WDTCON                                        (abs)            000097
_WDT_Initialize                                text42           0013A9
_WPUB                                          (abs)            00020D
_WPUE                                          (abs)            000210
__Habs1                                        abs1             000000
__Hbank0                                       bank0            000000
__Hbank1                                       bank1            000000
__Hbank10                                      bank10           000000
__Hbank11                                      bank11           000000
__Hbank12                                      bank12           000000
__Hbank13                                      bank13           000000
__Hbank14                                      bank14           000000
__Hbank15                                      bank15           000000
__Hbank16                                      bank16           000000
__Hbank17                                      bank17           000000
__Hbank18                                      bank18           000000
__Hbank19                                      bank19           000000
__Hbank2                                       bank2            000000
__Hbank20                                      bank20           000000
__Hbank21                                      bank21           000000
__Hbank22                                      bank22           000000
__Hbank23                                      bank23           000000
__Hbank24                                      bank24           000000
__Hbank25                                      bank25           000000
__Hbank26                                      bank26           000000
__Hbank27                                      bank27           000000
__Hbank28                                      bank28           000000
__Hbank29                                      bank29           000000
__Hbank3                                       bank3            000000
__Hbank30                                      bank30           000000
__Hbank31                                      bank31           000000
__Hbank4                                       bank4            000000
__Hbank5                                       bank5            000000
__Hbank6                                       bank6            000000
__Hbank7                                       bank7            000000
__Hbank8                                       bank8            000000
__Hbank9                                       bank9            000000
__Hbigram                                      bigram           000000
__HbssBANK0                                    bssBANK0         000000
__HbssBANK1                                    bssBANK1         000000
__HbssBANK2                                    bssBANK2         000000
__HbssCOMMON                                   bssCOMMON        000000
__Hcinit                                       cinit            00007A
__Hclrtext                                     clrtext          000000
__Hcode                                        code             000000
__Hcommon                                      common           000000
__Hconfig                                      config           008009
__HcstackBANK0                                 cstackBANK0      000000
__HcstackBANK3                                 cstackBANK3      000000
__HcstackCOMMON                                cstackCOMMON     000000
__HdataBANK1                                   dataBANK1        000000
__HdataBANK2                                   dataBANK2        000000
__Heeprom_data                                 eeprom_data      000000
__Hend_init                                    end_init         00004C
__Hfunctab                                     functab          000000
__HidataBANK1                                  idataBANK1       000000
__HidataBANK2                                  idataBANK2       000000
__Hidloc                                       idloc            008004
__Hinit                                        init             00004A
__Hinittext                                    inittext         000000
__Hintentry                                    intentry         00004A
__Hmaintext                                    maintext         000000
__Hmaintext_split_1                            maintext_split_1 000000
__Hpowerup                                     powerup          000000
__Hram                                         ram              000000
__Hreset_vec                                   reset_vec        000002
__Hsfr0                                        sfr0             000000
__Hsfr1                                        sfr1             000000
__Hsfr10                                       sfr10            000000
__Hsfr11                                       sfr11            000000
__Hsfr12                                       sfr12            000000
__Hsfr13                                       sfr13            000000
__Hsfr14                                       sfr14            000000
__Hsfr15                                       sfr15            000000
__Hsfr16                                       sfr16            000000
__Hsfr17                                       sfr17            000000
__Hsfr18                                       sfr18            000000
__Hsfr19                                       sfr19            000000
__Hsfr2                                        sfr2             000000
__Hsfr20                                       sfr20            000000
__Hsfr21                                       sfr21            000000
__Hsfr22                                       sfr22            000000
__Hsfr23                                       sfr23            000000
__Hsfr24                                       sfr24            000000
__Hsfr25                                       sfr25            000000
__Hsfr26                                       sfr26            000000
__Hsfr27                                       sfr27            000000
__Hsfr28                                       sfr28            000000
__Hsfr29                                       sfr29            000000
__Hsfr3                                        sfr3             000000
__Hsfr30                                       sfr30            000000
__Hsfr31                                       sfr31            000000
__Hsfr4                                        sfr4             000000
__Hsfr5                                        sfr5             000000
__Hsfr6                                        sfr6             000000
__Hsfr7                                        sfr7             000000
__Hsfr8                                        sfr8             000000
__Hsfr9                                        sfr9             000000
__Hspace_0                                     (abs)            001B0D
__Hspace_1                                     (abs)            0001BF
__Hspace_2                                     (abs)            000000
__Hspace_3                                     (abs)            000000
__Hspace_4                                     (abs)            010010
__Hstack                                       stack            000000
__Hstrings                                     strings          000000
__Hstringtext1                                 stringtext1      000000
__Hstringtext10                                stringtext10     000000
__Hstringtext11                                stringtext11     000000
__Hstringtext12                                stringtext12     000000
__Hstringtext13                                stringtext13     000000
__Hstringtext14                                stringtext14     000000
__Hstringtext15                                stringtext15     000000
__Hstringtext16                                stringtext16     000000
__Hstringtext17                                stringtext17     000000
__Hstringtext18                                stringtext18     000000
__Hstringtext19                                stringtext19     000000
__Hstringtext2                                 stringtext2      000000
__Hstringtext20                                stringtext20     000000
__Hstringtext21                                stringtext21     000000
__Hstringtext22                                stringtext22     000000
__Hstringtext23                                stringtext23     000000
__Hstringtext24                                stringtext24     000000
__Hstringtext25                                stringtext25     000000
__Hstringtext26                                stringtext26     000000
__Hstringtext27                                stringtext27     000000
__Hstringtext28                                stringtext28     000000
__Hstringtext29                                stringtext29     000000
__Hstringtext3                                 stringtext3      000000
__Hstringtext30                                stringtext30     000000
__Hstringtext31                                stringtext31     000000
__Hstringtext32                                stringtext32     000000
__Hstringtext33                                stringtext33     000000
__Hstringtext34                                stringtext34     000000
__Hstringtext35                                stringtext35     000000
__Hstringtext36                                stringtext36     000000
__Hstringtext37                                stringtext37     000000
__Hstringtext38                                stringtext38     000000
__Hstringtext39                                stringtext39     000000
__Hstringtext4                                 stringtext4      000000
__Hstringtext40                                stringtext40     000000
__Hstringtext41                                stringtext41     000000
__Hstringtext42                                stringtext42     000000
__Hstringtext43                                stringtext43     000000
__Hstringtext44                                stringtext44     000000
__Hstringtext45                                stringtext45     000000
__Hstringtext46                                stringtext46     000000
__Hstringtext47                                stringtext47     000000
__Hstringtext48                                stringtext48     000000
__Hstringtext49                                stringtext49     000000
__Hstringtext5                                 stringtext5      000000
__Hstringtext50                                stringtext50     000000
__Hstringtext51                                stringtext51     000000
__Hstringtext52                                stringtext52     000000
__Hstringtext53                                stringtext53     000000
__Hstringtext54                                stringtext54     000000
__Hstringtext55                                stringtext55     000000
__Hstringtext56                                stringtext56     000000
__Hstringtext57                                stringtext57     000000
__Hstringtext6                                 stringtext6      000000
__Hstringtext7                                 stringtext7      000000
__Hstringtext8                                 stringtext8      000000
__Hstringtext9                                 stringtext9      000000
__Htext                                        text             000000
__Labs1                                        abs1             000000
__Lbank0                                       bank0            000000
__Lbank1                                       bank1            000000
__Lbank10                                      bank10           000000
__Lbank11                                      bank11           000000
__Lbank12                                      bank12           000000
__Lbank13                                      bank13           000000
__Lbank14                                      bank14           000000
__Lbank15                                      bank15           000000
__Lbank16                                      bank16           000000
__Lbank17                                      bank17           000000
__Lbank18                                      bank18           000000
__Lbank19                                      bank19           000000
__Lbank2                                       bank2            000000
__Lbank20                                      bank20           000000
__Lbank21                                      bank21           000000
__Lbank22                                      bank22           000000
__Lbank23                                      bank23           000000
__Lbank24                                      bank24           000000
__Lbank25                                      bank25           000000
__Lbank26                                      bank26           000000
__Lbank27                                      bank27           000000
__Lbank28                                      bank28           000000
[...]
__size_of_setHorloge                           (abs)            000000
__size_of_setP1                                (abs)            000000
__size_of_setP2                                (abs)            000000
__size_of_sortieErreur                         (abs)            000000
__size_of_startAlert                           (abs)            000000
__size_of_strcat                               (abs)            000000
__size_of_strcpy                               (abs)            000000
__size_of_strlen                               (abs)            000000
__size_of_testNOK                              (abs)            000000
__size_of_testOK                               (abs)            000000
__size_of_testR1                               (abs)            000000
__size_of_testR2                               (abs)            000000
__size_of_testR3                               (abs)            000000
__size_of_vfpfcnvrt                            (abs)            000000
__size_of_vfprintf                             (abs)            000000
__size_of_wr1RegCompleteHandler                (abs)            000000
__size_of_wr2RegCompleteHandler                (abs)            000000
_activerBuzzer                                 text33           00088C
_activerTouche                                 text40           0016AD
_alerteDefaut                                  text19           000CA6
_alerteDefaut$2851                             cstackBANK3      0001BE
_alimenter                                     text39           00148C
_attenteAquittement                            text10           000C48
_attenteDemarrage2                             text17           000B9F
_displayManager                                text34           000B4E
_errorAlert                                    text32           000ABE
_eusartRxBuffer                                bssBANK2         000140
_eusartRxCount                                 bssBANK0         00005D
_eusartRxHead                                  bssBANK0         00005F
_eusartRxLastError                             bssBANK1         0000E3
_eusartRxStatusBuffer                          bssBANK1         0000BD
_eusartRxTail                                  bssBANK0         00005E
_eusartTxBuffer                                bssBANK1         0000C5
_eusartTxBufferRemaining                       bssBANK0         000060
_eusartTxHead                                  bssBANK0         000062
_eusartTxTail                                  bssBANK0         000061
_flags                                         bssBANK1         0000D3
_fputc                                         text26           0009AF
_i2c_add                                       bssBANK0         00005C
_i2c_fsmStateTable                             stringtext1      001000
_initialConditions                             text5            0009F0
_ledConforme                                   text31           001499
_ledNonConforme                                text30           0014A6
_ledProgession                                 text29           0014B3
_main                                          maintext         000E1F
_nout                                          bssBANK1         0000CD
_okAlert                                       text15           00170C
_prec                                          bssBANK1         0000D1
_pressBP1                                      text9            0014CD
_pressBP2                                      text8            0014DA
_printf                                        text23           001558
_putch                                         text27           001404
_rd1RegCompleteHandler                         text95           001525
_rd2RegCompleteHandler                         text94           001536
_rdBlkRegCompleteHandler                       text92           0015EC
_reponseOperateur                              text12           000D1C
_setHorloge                                    text11           0014C0
_setP1                                         text7            0014E7
_setP2                                         text6            000802
_sortieErreur                                  text4            000B06
_startAlert                                    text16           00080F
_strcat                                        text20           0015D5
_strcpy                                        text22           00174F
_strlen                                        text21           00161F
_testNOK                                       text14           00163A
_testOK                                        text13           001655
_testR1                                        text3            001771
_testR2                                        text2            001794
_testR3                                        text1            0017B7
_vfpfcnvrt                                     text25           00071B
_vfprintf                                      text24           0007C7
_width                                         bssBANK1         0000CF
_wr1RegCompleteHandler                         text93           001547
_wr2RegCompleteHandler                         text96           001514
activerBuzzer@i                                cstackBANK0      000024
alerteDefaut@F3740                             dataBANK2        000148
alerteDefaut@F3742                             dataBANK2        00015C
alerteDefaut@eol                               cstackBANK3      0001B4
alerteDefaut@error                             cstackBANK3      0001A0
alerteDefaut@etape                             cstackBANK0      000043
alerteDefaut@testAct                           cstackBANK0      000045
alerteDefaut@testVoy                           cstackBANK0      000046
alimenter@active                               cstackBANK0      000023
attenteAquittement@autom                       cstackBANK0      000043
attenteAquittement@reception                   cstackBANK0      000049
attenteAquittement@repOperateur                cstackBANK0      00004A
attenteAquittement@testAct                     cstackBANK0      000045
attenteDemarrage2@autom                        cstackBANK0      000048
attenteDemarrage2@reception                    cstackBANK0      000046
attenteDemarrage2@repOperateur                 cstackBANK0      000047
attenteDemarrage2@testAct                      cstackBANK0      000043
btemp                                          (abs)            00007E
clear_ram0                                     clrtext          0013F1
displayManager@s1                              cstackBANK0      00002E
displayManager@s2                              cstackBANK0      000030
displayManager@s3                              cstackBANK0      000032
displayManager@s4                              cstackBANK0      000034
end_of_initialization                          cinit            000076
errorAlert@i                                   cstackBANK0      00002A
errorAlert@j                                   cstackBANK0      000028
fputc@c                                        cstackBANK0      000026
fputc@fp                                       cstackBANK0      000028
init_ram                                       inittext         0013F7
initialConditions@autom                        cstackBANK0      000047
initialConditions@testAct                      cstackBANK0      000043
initialConditions@testVoy                      cstackBANK0      000045
int$flags                                      (abs)            00007E
intlevel0                                      functab          000000
intlevel1                                      functab          000000
intlevel2                                      functab          000000
intlevel3                                      functab          000000
intlevel4                                      functab          000000
intlevel5                                      functab          000000
ledConforme@active                             cstackBANK0      000023
ledNonConforme@active                          cstackBANK0      000023
ledProgession@active                           cstackBANK0      000023
main@automatique                               cstackBANK0      000059
main@lectureAN1                                cstackBANK0      000056
main@testActif                                 cstackBANK0      00005B
main@testLeds                                  cstackBANK0      000058
main@testVoyants                               cstackBANK0      00005A
okAlert@i                                      cstackBANK0      000044
pnum$maintext                                  (abs)            000049
pnum$maintext_split_1                          (abs)            0000B7
pressBP1@active                                cstackBANK0      000023
pressBP2@active                                cstackBANK0      000023
printf@ap                                      cstackBANK0      000042
printf@fmt                                     cstackBANK0      00003F
psplit$0                                       (abs)            4900B7
putch@txData                                   cstackBANK0      000025
rd1RegCompleteHandler@ptr                      cstackCOMMON     000079
rd2RegCompleteHandler@ptr                      cstackCOMMON     000079
rdBlkRegCompleteHandler@ptr                    cstackCOMMON     000079
reponseOperateur@automatique                   cstackBANK0      000028
reponseOperateur@reception                     cstackBANK0      000027
reponseOperateur@repOperateur                  cstackBANK0      00002A
reponseOperateur@reponse                       cstackBANK0      000029
reset_vec                                      reset_vec        000000
setHorloge@active                              cstackBANK0      000023
setP1@active                                   cstackBANK0      000023
setP2@active                                   cstackBANK0      000023
sortieErreur@autom                             cstackBANK0      000053
sortieErreur@testAct                           cstackBANK0      00004B
sortieErreur@testVoy                           cstackBANK0      00004C
start                                          init             00004A
startAlert@i                                   cstackBANK0      000028
start_initialization                           cinit            00004C
strcat@dest                                    cstackBANK0      000034
strcat@src                                     cstackBANK0      000030
strcpy@d                                       cstackBANK0      00002E
strcpy@dest                                    cstackBANK0      00002F
strcpy@s                                       cstackBANK0      00002C
strcpy@src                                     cstackBANK0      000028
strlen@a                                       cstackBANK0      000026
strlen@s                                       cstackBANK0      000027
testNOK@active                                 cstackBANK0      000024
testNOK@result                                 cstackBANK0      000023
testOK@active                                  cstackBANK0      000024
testOK@result                                  cstackBANK0      000023
testR1@active                                  cstackBANK0      000024
testR1@result                                  cstackBANK0      000023
testR2@active                                  cstackBANK0      000024
testR2@result                                  cstackBANK0      000023
testR3@active                                  cstackBANK0      000024
testR3@result                                  cstackBANK0      000023
vfpfcnvrt@ap                                   cstackBANK0      00002F
vfpfcnvrt@fmt                                  cstackBANK0      00002E
vfpfcnvrt@fp                                   cstackBANK0      000036
vfpfcnvrt@vp                                   cstackBANK0      000035
vfprintf@ap                                    cstackBANK0      000039
vfprintf@cfmt                                  cstackBANK0      00003D
vfprintf@fmt                                   cstackBANK0      000037
vfprintf@fp                                    cstackBANK0      00003C
wr1RegCompleteHandler@ptr                      cstackCOMMON     000079
wr2RegCompleteHandler@ptr                      cstackCOMMON     000079
wtemp0                                         (abs)            00007E


MODULE INFORMATION

Module		Function		Class		Link	Load	Size
C:\Program Files\Microchip\xc8\v2.32\pic\sources\c99\common\doprnt.c
		_vfpfcnvrt     		CODE           	071B	0000	172
		_vfprintf      		CODE           	07C7	0000	49

C:\Program Files\Microchip\xc8\v2.32\pic\sources\c99\common\doprnt.c estimated size: 221

mcc_generated_files/interrupt_manager.c
		_INTERRUPT_InterruptManager		CODE           	0004	0000	70

mcc_generated_files/interrupt_manager.c estimated size: 70

mcc_generated_files/examples/i2c_master_example.c
		_wr1RegCompleteHandler		CODE           	1547	0000	17
		_wr2RegCompleteHandler		CODE           	1514	0000	17
		_rdBlkRegCompleteHandler		CODE           	15EC	0000	24
		_rd1RegCompleteHandler		CODE           	1525	0000	17
		_rd2RegCompleteHandler		CODE           	1536	0000	17

mcc_generated_files/examples/i2c_master_example.c estimated size: 92

mcc_generated_files/pin_manager.c
		_PIN_MANAGER_Initialize		CODE           	168E	0000	31

mcc_generated_files/pin_manager.c estimated size: 31

mcc_generated_files/adc.c
		_ADC_Initialize		CODE           	07F8	0000	8
		_ADC_GetConversion		CODE           	16EB	0000	33

mcc_generated_files/adc.c estimated size: 41

shared
		__initialization		CODE           	004C	0000	42
		_i2c_fsmStateTable		STRCODE        	1000	0000	32

shared estimated size: 74

I2C_LCD.c
		_LCD_Init      		CODE           	0D94	0000	139
		_LCD_Write_4Bit		CODE           	1592	0000	22
		_LCD_Write_Char		CODE           	15BE	0000	23
		_LCD_CMD       		CODE           	15A8	0000	22
		_I2C_Master_Wait		CODE           	1467	0000	12
		_I2C_Master_Init		CODE           	145C	0000	11
		_I2C_Master_Stop		CODE           	13EB	0000	6
		_LCD_Set_Cursor		CODE           	0943	0000	47
		_LCD_Clear     		CODE           	1449	0000	9
		_IO_Expander_Write		CODE           	157D	0000	21
		_I2C_Master_Write		CODE           	1504	0000	16
		_I2C_Master_Start		CODE           	13E5	0000	6
		_LCD_Write_String		CODE           	16CC	0000	31

I2C_LCD.c estimated size: 365

mcc_generated_files/mcc.c
		_WDT_Initialize		CODE           	13A9	0000	4
		_OSCILLATOR_Initialize		CODE           	1473	0000	12
		_SYSTEM_Initialize		CODE           	156A	0000	19

mcc_generated_files/mcc.c estimated size: 35

display.c
		_displayManager		CODE           	0B4E	0000	81

display.c estimated size: 81

C:\Program Files\Microchip\xc8\v2.32\pic\sources\c99\common\strcat.c
		_strcat        		CODE           	15D5	0000	23

C:\Program Files\Microchip\xc8\v2.32\pic\sources\c99\common\strcat.c estimated size: 23

mcc_generated_files/i2c_master.c
		_I2C_MasterStartRx		CODE           	1389	0000	3
		_I2C_DO_SEND_ADR_WRITE		CODE           	140B	0000	8
		_I2C_DO_SEND_STOP		CODE           	13C6	0000	5
		_I2C_MasterSendNack		CODE           	139D	0000	4
		_I2C_CallbackReturnStop		CODE           	0800	0000	2
		_I2C_DO_SEND_ADR_READ		CODE           	1413	0000	9
		_I2C_DO_RX_NACK_STOP		CODE           	13D0	0000	5
		_I2C_DO_SEND_RESTART		CODE           	13C1	0000	5
		_I2C_DO_RX     		CODE           	0A32	0000	70
		_I2C_DO_TX     		CODE           	0BF3	0000	85
		_I2C_DO_IDLE   		CODE           	13B2	0000	5
		_I2C_DO_RCEN   		CODE           	13FD	0000	7
		_I2C_DO_RESET  		CODE           	13DA	0000	5
		_I2C_DO_RX_ACK 		CODE           	13CB	0000	5
		_I2C_MasterClearIrq		CODE           	1392	0000	3
		_I2C_MasterGetRxData		CODE           	138C	0000	3
		_I2C_SetCallback		CODE           	17DA	0000	38
		_I2C_DO_ADDRESS_NACK		CODE           	0860	0000	44
		_I2C_MasterEnableRestart		CODE           	1383	0000	3
		_I2C_CallbackReturnReset		CODE           	0002	0000	2
		_I2C_DO_TX_EMPTY		CODE           	0914	0000	47
		_I2C_DO_SEND_RESTART_WRITE		CODE           	13BC	0000	5
		_I2C_MasterIsNack		CODE           	13DF	0000	6
		_I2C_SetDataCompleteCallback		CODE           	147F	0000	13
		_I2C_DO_RX_NACK_RESTART		CODE           	13D5	0000	5
		_I2C_MasterSendAck		CODE           	13A1	0000	4
		_I2C_MasterFsm 		CODE           	08B8	0000	46
		_I2C_MasterIsr 		CODE           	13A5	0000	4
		_I2C_MasterSetIrq		CODE           	138F	0000	3
		_I2C_DO_SEND_RESTART_READ		CODE           	13B7	0000	5
		_I2C_Initialize		CODE           	1452	0000	10
		_I2C_SetBuffer 		CODE           	14F4	0000	16
		_I2C_MasterSendTxData		CODE           	13AD	0000	5
		_I2C_MasterStop		CODE           	1386	0000	3

mcc_generated_files/i2c_master.c estimated size: 483

mcc_generated_files/eusart.c
		_EUSART_SetRxInterruptHandler		CODE           	1437	0000	9
		_EUSART_SetTxInterruptHandler		CODE           	1440	0000	9
		_putch         		CODE           	1404	0000	7
		_EUSART_Read   		CODE           	08E6	0000	46
		_EUSART_DefaultOverrunErrorHandler		CODE           	1399	0000	4
		_EUSART_Write  		CODE           	0835	0000	43
		_EUSART_DefaultErrorHandler		CODE           	1395	0000	4
		_EUSART_Transmit_ISR		CODE           	172D	0000	34
		_EUSART_Initialize		CODE           	0A78	0000	70
		_EUSART_SetFramingErrorHandler		CODE           	1425	0000	9
		_EUSART_SetErrorHandler		CODE           	141C	0000	9
		_EUSART_SetOverrunErrorHandler		CODE           	142E	0000	9
		_EUSART_Receive_ISR		CODE           	0972	0000	61
		_EUSART_RxDataHandler		CODE           	1604	0000	27
		_EUSART_DefaultFramingErrorHandler		CODE           	1381	0000	1

mcc_generated_files/eusart.c estimated size: 342

C:\Program Files\Microchip\xc8\v2.32\pic\sources\c99\common\printf.c
		_printf        		CODE           	1558	0000	18

C:\Program Files\Microchip\xc8\v2.32\pic\sources\c99\common\printf.c estimated size: 18

C:\Program Files\Microchip\xc8\v2.32\pic\sources\c99\common\nf_fputc.c
		_fputc         		CODE           	09AF	0000	65

C:\Program Files\Microchip\xc8\v2.32\pic\sources\c99\common\nf_fputc.c estimated size: 65

tester.c
		_okAlert       		CODE           	170C	0000	33
		_testR3        		CODE           	17B7	0000	35
		_alerteDefaut  		CODE           	0CA6	0000	118
		_initialConditions		CODE           	09F0	0000	66
		_attenteDemarrage2		CODE           	0B9F	0000	84
		_setHorloge    		CODE           	14C0	0000	13
		_errorAlert    		CODE           	0ABE	0000	72
		_alimenter     		CODE           	148C	0000	13
		_testR1        		CODE           	1771	0000	35
		_ledProgession 		CODE           	14B3	0000	13
		_attenteAquittement		CODE           	0C48	0000	94
		_startAlert    		CODE           	080F	0000	38
		_pressBP1      		CODE           	14CD	0000	13
		_pressBP2      		CODE           	14DA	0000	13
		_testNOK       		CODE           	163A	0000	27
		_ledConforme   		CODE           	1499	0000	13
		_testR2        		CODE           	1794	0000	35
		_ledNonConforme		CODE           	14A6	0000	13
		_setP1         		CODE           	14E7	0000	13
		_testOK        		CODE           	1655	0000	27
		_activerTouche 		CODE           	16AD	0000	31
		_activerBuzzer 		CODE           	088C	0000	44
		_sortieErreur  		CODE           	0B06	0000	72
		_setP2         		CODE           	0802	0000	13
		_reponseOperateur		CODE           	0D1C	0000	120

tester.c estimated size: 1048

main.c
		_main          		CODE           	0E1F	0000	2178

main.c estimated size: 2178

C:\Program Files\Microchip\xc8\v2.32\pic\sources\c99\common\strlen.c
		_strlen        		CODE           	161F	0000	27

C:\Program Files\Microchip\xc8\v2.32\pic\sources\c99\common\strlen.c estimated size: 27

C:\Program Files\Microchip\xc8\v2.32\pic\sources\c99\common\strcpy.c
		_strcpy        		CODE           	174F	0000	34

C:\Program Files\Microchip\xc8\v2.32\pic\sources\c99\common\strcpy.c estimated size: 34

